../Core/Src/main.c:111:13:sh2_event_cb	16	static
../Core/Src/main.c:117:13:sh2_sensor_cb	96	static
../Core/Src/main.c:136:13:dwt_init	4	static
../Core/Src/main.c:143:17:micros32	4	static
../Core/Src/main.c:150:12:sh2hal_open	16	static
../Core/Src/main.c:165:13:sh2hal_close	16	static
../Core/Src/main.c:171:12:sh2hal_read	40	static
../Core/Src/main.c:217:12:sh2hal_write	32	static
../Core/Src/main.c:226:17:sh2hal_getTimeUs	16	static
../Core/Src/main.c:242:6:bno085_notify_int	8	static
../Core/Src/main.c:248:13:bno085_probe	8	static
../Core/Src/main.c:269:5:_write	24	static
../Core/Src/main.c:278:26:i2c_wr	64	static
../Core/Src/main.c:286:26:i2c_rd	24	static
../Core/Src/main.c:292:13:i2c_scan	16	static
../Core/Src/main.c:323:12:bme280_read_calib	48	static
../Core/Src/main.c:355:12:bme280_init	16	static
../Core/Src/main.c:383:16:bme280_comp_T	24	static
../Core/Src/main.c:392:17:bme280_comp_P	328	static
../Core/Src/main.c:411:17:bme280_comp_H	24	static
../Core/Src/main.c:423:12:bme280_read	48	static
../Core/Src/main.c:446:5:main	32	static
../Core/Src/main.c:528:6:SystemClock_Config	88	static
../Core/Src/main.c:575:13:MX_I2C1_Init	8	static
../Core/Src/main.c:609:13:MX_USART2_UART_Init	8	static
../Core/Src/main.c:642:13:MX_GPIO_Init	40	static
../Core/Src/main.c:679:6:HAL_GPIO_EXTI_Callback	16	static
../Core/Src/main.c:692:6:Error_Handler	4	static,ignoring_inline_asm
