Archive member included to satisfy reference by file (symbol)

/opt/st/stm32cubeide_2.1.0/plugins/com.st.stm32cube.ide.mcu.externaltools.gnu-tools-for-stm32.14.3.rel1.linux64_1.0.100.202602081740/tools/bin/../lib/gcc/arm-none-eabi/14.3.1/../../../../arm-none-eabi/lib/thumb/v7e-m+fp/hard/libc_nano.a(libc_a-exit.o)
                              /opt/st/stm32cubeide_2.1.0/plugins/com.st.stm32cube.ide.mcu.externaltools.gnu-tools-for-stm32.14.3.rel1.linux64_1.0.100.202602081740/tools/bin/../lib/gcc/arm-none-eabi/14.3.1/../../../../arm-none-eabi/lib/thumb/v7e-m+fp/hard/crt0.o (exit)
/opt/st/stm32cubeide_2.1.0/plugins/com.st.stm32cube.ide.mcu.externaltools.gnu-tools-for-stm32.14.3.rel1.linux64_1.0.100.202602081740/tools/bin/../lib/gcc/arm-none-eabi/14.3.1/../../../../arm-none-eabi/lib/thumb/v7e-m+fp/hard/libc_nano.a(libc_a-findfp.o)
                              /opt/st/stm32cubeide_2.1.0/plugins/com.st.stm32cube.ide.mcu.externaltools.gnu-tools-for-stm32.14.3.rel1.linux64_1.0.100.202602081740/tools/bin/../lib/gcc/arm-none-eabi/14.3.1/../../../../arm-none-eabi/lib/thumb/v7e-m+fp/hard/libc_nano.a(libc_a-exit.o) (__stdio_exit_handler)
/opt/st/stm32cubeide_2.1.0/plugins/com.st.stm32cube.ide.mcu.externaltools.gnu-tools-for-stm32.14.3.rel1.linux64_1.0.100.202602081740/tools/bin/../lib/gcc/arm-none-eabi/14.3.1/../../../../arm-none-eabi/lib/thumb/v7e-m+fp/hard/libc_nano.a(libc_a-fwalk.o)
                              /opt/st/stm32cubeide_2.1.0/plugins/com.st.stm32cube.ide.mcu.externaltools.gnu-tools-for-stm32.14.3.rel1.linux64_1.0.100.202602081740/tools/bin/../lib/gcc/arm-none-eabi/14.3.1/../../../../arm-none-eabi/lib/thumb/v7e-m+fp/hard/libc_nano.a(libc_a-findfp.o) (_fwalk_sglue)
/opt/st/stm32cubeide_2.1.0/plugins/com.st.stm32cube.ide.mcu.externaltools.gnu-tools-for-stm32.14.3.rel1.linux64_1.0.100.202602081740/tools/bin/../lib/gcc/arm-none-eabi/14.3.1/../../../../arm-none-eabi/lib/thumb/v7e-m+fp/hard/libc_nano.a(libc_a-printf.o)
                              ./Core/Src/main.o (printf)
/opt/st/stm32cubeide_2.1.0/plugins/com.st.stm32cube.ide.mcu.externaltools.gnu-tools-for-stm32.14.3.rel1.linux64_1.0.100.202602081740/tools/bin/../lib/gcc/arm-none-eabi/14.3.1/../../../../arm-none-eabi/lib/thumb/v7e-m+fp/hard/libc_nano.a(libc_a-puts.o)
                              ./Core/Src/main.o (puts)
/opt/st/stm32cubeide_2.1.0/plugins/com.st.stm32cube.ide.mcu.externaltools.gnu-tools-for-stm32.14.3.rel1.linux64_1.0.100.202602081740/tools/bin/../lib/gcc/arm-none-eabi/14.3.1/../../../../arm-none-eabi/lib/thumb/v7e-m+fp/hard/libc_nano.a(libc_a-stdio.o)
                              /opt/st/stm32cubeide_2.1.0/plugins/com.st.stm32cube.ide.mcu.externaltools.gnu-tools-for-stm32.14.3.rel1.linux64_1.0.100.202602081740/tools/bin/../lib/gcc/arm-none-eabi/14.3.1/../../../../arm-none-eabi/lib/thumb/v7e-m+fp/hard/libc_nano.a(libc_a-findfp.o) (__sread)
/opt/st/stm32cubeide_2.1.0/plugins/com.st.stm32cube.ide.mcu.externaltools.gnu-tools-for-stm32.14.3.rel1.linux64_1.0.100.202602081740/tools/bin/../lib/gcc/arm-none-eabi/14.3.1/../../../../arm-none-eabi/lib/thumb/v7e-m+fp/hard/libc_nano.a(libc_a-wbuf.o)
                              /opt/st/stm32cubeide_2.1.0/plugins/com.st.stm32cube.ide.mcu.externaltools.gnu-tools-for-stm32.14.3.rel1.linux64_1.0.100.202602081740/tools/bin/../lib/gcc/arm-none-eabi/14.3.1/../../../../arm-none-eabi/lib/thumb/v7e-m+fp/hard/libc_nano.a(libc_a-puts.o) (__swbuf_r)
/opt/st/stm32cubeide_2.1.0/plugins/com.st.stm32cube.ide.mcu.externaltools.gnu-tools-for-stm32.14.3.rel1.linux64_1.0.100.202602081740/tools/bin/../lib/gcc/arm-none-eabi/14.3.1/../../../../arm-none-eabi/lib/thumb/v7e-m+fp/hard/libc_nano.a(libc_a-wsetup.o)
                              /opt/st/stm32cubeide_2.1.0/plugins/com.st.stm32cube.ide.mcu.externaltools.gnu-tools-for-stm32.14.3.rel1.linux64_1.0.100.202602081740/tools/bin/../lib/gcc/arm-none-eabi/14.3.1/../../../../arm-none-eabi/lib/thumb/v7e-m+fp/hard/libc_nano.a(libc_a-puts.o) (__swsetup_r)
/opt/st/stm32cubeide_2.1.0/plugins/com.st.stm32cube.ide.mcu.externaltools.gnu-tools-for-stm32.14.3.rel1.linux64_1.0.100.202602081740/tools/bin/../lib/gcc/arm-none-eabi/14.3.1/../../../../arm-none-eabi/lib/thumb/v7e-m+fp/hard/libc_nano.a(libc_a-memset.o)
                              /opt/st/stm32cubeide_2.1.0/plugins/com.st.stm32cube.ide.mcu.externaltools.gnu-tools-for-stm32.14.3.rel1.linux64_1.0.100.202602081740/tools/bin/../lib/gcc/arm-none-eabi/14.3.1/../../../../arm-none-eabi/lib/thumb/v7e-m+fp/hard/crt0.o (memset)
/opt/st/stm32cubeide_2.1.0/plugins/com.st.stm32cube.ide.mcu.externaltools.gnu-tools-for-stm32.14.3.rel1.linux64_1.0.100.202602081740/tools/bin/../lib/gcc/arm-none-eabi/14.3.1/../../../../arm-none-eabi/lib/thumb/v7e-m+fp/hard/libc_nano.a(libc_a-closer.o)
[...]
Memory Configuration

Name             Origin             Length             Attributes
RAM              0x20000000         0x00020000         xrw
FLASH            0x08000000         0x00080000         xr
*default*        0x00000000         0xffffffff

Linker script and memory map

LOAD /opt/st/stm32cubeide_2.1.0/plugins/com.st.stm32cube.ide.mcu.externaltools.gnu-tools-for-stm32.14.3.rel1.linux64_1.0.100.202602081740/tools/bin/../lib/gcc/arm-none-eabi/14.3.1/thumb/v7e-m+fp/hard/crti.o
LOAD /opt/st/stm32cubeide_2.1.0/plugins/com.st.stm32cube.ide.mcu.externaltools.gnu-tools-for-stm32.14.3.rel1.linux64_1.0.100.202602081740/tools/bin/../lib/gcc/arm-none-eabi/14.3.1/thumb/v7e-m+fp/hard/crtbegin.o
LOAD /opt/st/stm32cubeide_2.1.0/plugins/com.st.stm32cube.ide.mcu.externaltools.gnu-tools-for-stm32.14.3.rel1.linux64_1.0.100.202602081740/tools/bin/../lib/gcc/arm-none-eabi/14.3.1/../../../../arm-none-eabi/lib/thumb/v7e-m+fp/hard/crt0.o
LOAD ./Core/Src/euler.o
LOAD ./Core/Src/main.o
LOAD ./Core/Src/sh2.o
LOAD ./Core/Src/sh2_SensorValue.o
LOAD ./Core/Src/sh2_util.o
LOAD ./Core/Src/shtp.o
LOAD ./Core/Src/stm32f4xx_hal_msp.o
LOAD ./Core/Src/stm32f4xx_it.o
LOAD ./Core/Src/syscalls.o
LOAD ./Core/Src/sysmem.o
LOAD ./Core/Src/system_stm32f4xx.o
LOAD ./Core/Startup/startup_stm32f411ceux.o
LOAD ./Drivers/STM32F4xx_HAL_Driver/Src/stm32f4xx_hal.o
LOAD ./Drivers/STM32F4xx_HAL_Driver/Src/stm32f4xx_hal_cortex.o
LOAD ./Drivers/STM32F4xx_HAL_Driver/Src/stm32f4xx_hal_dma.o
LOAD ./Drivers/STM32F4xx_HAL_Driver/Src/stm32f4xx_hal_dma_ex.o
LOAD ./Drivers/STM32F4xx_HAL_Driver/Src/stm32f4xx_hal_exti.o
LOAD ./Drivers/STM32F4xx_HAL_Driver/Src/stm32f4xx_hal_flash.o
LOAD ./Drivers/STM32F4xx_HAL_Driver/Src/stm32f4xx_hal_flash_ex.o
LOAD ./Drivers/STM32F4xx_HAL_Driver/Src/stm32f4xx_hal_flash_ramfunc.o
LOAD ./Drivers/STM32F4xx_HAL_Driver/Src/stm32f4xx_hal_gpio.o
LOAD ./Drivers/STM32F4xx_HAL_Driver/Src/stm32f4xx_hal_i2c.o
LOAD ./Drivers/STM32F4xx_HAL_Driver/Src/stm32f4xx_hal_i2c_ex.o
LOAD ./Drivers/STM32F4xx_HAL_Driver/Src/stm32f4xx_hal_pwr.o
LOAD ./Drivers/STM32F4xx_HAL_Driver/Src/stm32f4xx_hal_pwr_ex.o
LOAD ./Drivers/STM32F4xx_HAL_Driver/Src/stm32f4xx_hal_rcc.o
LOAD ./Drivers/STM32F4xx_HAL_Driver/Src/stm32f4xx_hal_rcc_ex.o
LOAD ./Drivers/STM32F4xx_HAL_Driver/Src/stm32f4xx_hal_uart.o
START GROUP
LOAD /opt/st/stm32cubeide_2.1.0/plugins/com.st.stm32cube.ide.mcu.externaltools.gnu-tools-for-stm32.14.3.rel1.linux64_1.0.100.202602081740/tools/bin/../lib/gcc/arm-none-eabi/14.3.1/../../../../arm-none-eabi/lib/thumb/v7e-m+fp/hard/libc_nano.a
LOAD /opt/st/stm32cubeide_2.1.0/plugins/com.st.stm32cube.ide.mcu.externaltools.gnu-tools-for-stm32.14.3.rel1.linux64_1.0.100.202602081740/tools/bin/../lib/gcc/arm-none-eabi/14.3.1/../../../../arm-none-eabi/lib/thumb/v7e-m+fp/hard/libm.a
END GROUP
START GROUP
LOAD /opt/st/stm32cubeide_2.1.0/plugins/com.st.stm32cube.ide.mcu.externaltools.gnu-tools-for-stm32.14.3.rel1.linux64_1.0.100.202602081740/tools/bin/../lib/gcc/arm-none-eabi/14.3.1/thumb/v7e-m+fp/hard/libgcc.a
LOAD /opt/st/stm32cubeide_2.1.0/plugins/com.st.stm32cube.ide.mcu.externaltools.gnu-tools-for-stm32.14.3.rel1.linux64_1.0.100.202602081740/tools/bin/../lib/gcc/arm-none-eabi/14.3.1/../../../../arm-none-eabi/lib/thumb/v7e-m+fp/hard/libc_nano.a
END GROUP
START GROUP
LOAD /opt/st/stm32cubeide_2.1.0/plugins/com.st.stm32cube.ide.mcu.externaltools.gnu-tools-for-stm32.14.3.rel1.linux64_1.0.100.202602081740/tools/bin/../lib/gcc/arm-none-eabi/14.3.1/thumb/v7e-m+fp/hard/libgcc.a
LOAD /opt/st/stm32cubeide_2.1.0/plugins/com.st.stm32cube.ide.mcu.externaltools.gnu-tools-for-stm32.14.3.rel1.linux64_1.0.100.202602081740/tools/bin/../lib/gcc/arm-none-eabi/14.3.1/../../../../arm-none-eabi/lib/thumb/v7e-m+fp/hard/libc_nano.a
LOAD /opt/st/stm32cubeide_2.1.0/plugins/com.st.stm32cube.ide.mcu.externaltools.gnu-tools-for-stm32.14.3.rel1.linux64_1.0.100.202602081740/tools/bin/../lib/gcc/arm-none-eabi/14.3.1/../../../../arm-none-eabi/lib/thumb/v7e-m+fp/hard/libnosys.a
END GROUP
START GROUP
LOAD /opt/st/stm32cubeide_2.1.0/plugins/com.st.stm32cube.ide.mcu.externaltools.gnu-tools-for-stm32.14.3.rel1.linux64_1.0.100.202602081740/tools/bin/../lib/gcc/arm-none-eabi/14.3.1/thumb/v7e-m+fp/hard/libgcc.a
LOAD /opt/st/stm32cubeide_2.1.0/plugins/com.st.stm32cube.ide.mcu.externaltools.gnu-tools-for-stm32.14.3.rel1.linux64_1.0.100.202602081740/tools/bin/../lib/gcc/arm-none-eabi/14.3.1/../../../../arm-none-eabi/lib/thumb/v7e-m+fp/hard/libc_nano.a
LOAD /opt/st/stm32cubeide_2.1.0/plugins/com.st.stm32cube.ide.mcu.externaltools.gnu-tools-for-stm32.14.3.rel1.linux64_1.0.100.202602081740/tools/bin/../lib/gcc/arm-none-eabi/14.3.1/../../../../arm-none-eabi/lib/thumb/v7e-m+fp/hard/libnosys.a
END GROUP
LOAD /opt/st/stm32cubeide_2.1.0/plugins/com.st.stm32cube.ide.mcu.externaltools.gnu-tools-for-stm32.14.3.rel1.linux64_1.0.100.202602081740/tools/bin/../lib/gcc/arm-none-eabi/14.3.1/thumb/v7e-m+fp/hard/crtend.o
LOAD /opt/st/stm32cubeide_2.1.0/plugins/com.st.stm32cube.ide.mcu.externaltools.gnu-tools-for-stm32.14.3.rel1.linux64_1.0.100.202602081740/tools/bin/../lib/gcc/arm-none-eabi/14.3.1/thumb/v7e-m+fp/hard/crtn.o
                0x20020000                        _estack = (ORIGIN (RAM) + LENGTH (RAM))
                0x00000200                        _Min_Heap_Size = 0x200
                0x00000400                        _Min_Stack_Size = 0x400

.isr_vector     0x08000000      0x198
                0x08000000                        . = ALIGN (0x4)
 *(.isr_vector)
 .isr_vector    0x08000000      0x198 ./Core/Startup/startup_stm32f411ceux.o
                0x08000000                g_pfnVectors
                0x08000198                        . = ALIGN (0x4)

.text           0x080001a0     0x77a8
                0x080001a0                        . = ALIGN (0x4)
 *(.text)
 .text          0x080001a0       0x40 /opt/st/stm32cubeide_2.1.0/plugins/com.st.stm32cube.ide.mcu.externaltools.gnu-tools-for-stm32.14.3.rel1.linux64_1.0.100.202602081740/tools/bin/../lib/gcc/arm-none-eabi/14.3.1/thumb/v7e-m+fp/hard/crtbegin.o
 .text          0x080001e0       0x10 /opt/st/stm32cubeide_2.1.0/plugins/com.st.stm32cube.ide.mcu.externaltools.gnu-tools-for-stm32.14.3.rel1.linux64_1.0.100.202602081740/tools/bin/../lib/gcc/arm-none-eabi/14.3.1/../../../../arm-none-eabi/lib/thumb/v7e-m+fp/hard/libc_nano.a(libc_a-strlen.o)
                0x080001e0                strlen
 .text          0x080001f0       0xa0 /opt/st/stm32cubeide_2.1.0/plugins/com.st.stm32cube.ide.mcu.externaltools.gnu-tools-for-stm32.14.3.rel1.linux64_1.0.100.202602081740/tools/bin/../lib/gcc/arm-none-eabi/14.3.1/../../../../arm-none-eabi/lib/thumb/v7e-m+fp/hard/libc_nano.a(libc_a-memchr.o)
                0x080001f0                memchr
 .text          0x08000290       0xa0 /opt/st/stm32cubeide_2.1.0/plugins/com.st.stm32cube.ide.mcu.externaltools.gnu-tools-for-stm32.14.3.rel1.linux64_1.0.100.202602081740/tools/bin/../lib/gcc/arm-none-eabi/14.3.1/thumb/v7e-m+fp/hard/libgcc.a(_aeabi_ldivmod.o)
                0x08000290                __aeabi_ldivmod
 .text          0x08000330       0x30 /opt/st/stm32cubeide_2.1.0/plugins/com.st.stm32cube.ide.mcu.externaltools.gnu-tools-for-stm32.14.3.rel1.linux64_1.0.100.202602081740/tools/bin/../lib/gcc/arm-none-eabi/14.3.1/thumb/v7e-m+fp/hard/libgcc.a(_aeabi_uldivmod.o)
                0x08000330                __aeabi_uldivmod
 .text          0x08000360      0x2f8 /opt/st/stm32cubeide_2.1.0/plugins/com.st.stm32cube.ide.mcu.externaltools.gnu-tools-for-stm32.14.3.rel1.linux64_1.0.100.202602081740/tools/bin/../lib/gcc/arm-none-eabi/14.3.1/thumb/v7e-m+fp/hard/libgcc.a(_udivmoddi4.o)
                0x08000360                __udivmoddi4
 .text          0x08000658        0x4 /opt/st/stm32cubeide_2.1.0/plugins/com.st.stm32cube.ide.mcu.externaltools.gnu-tools-for-stm32.14.3.rel1.linux64_1.0.100.202602081740/tools/bin/../lib/gcc/arm-none-eabi/14.3.1/thumb/v7e-m+fp/hard/libgcc.a(_dvmd_tls.o)
                0x08000658                __aeabi_ldiv0
                0x08000658                __aeabi_idiv0
 *(.text*)
 .text.sh2_event_cb
                0x0800065c       0x16 ./Core/Src/main.o
 *fill*         0x08000672        0x2 
 .text.sh2_sensor_cb
                0x08000674       0x7c ./Core/Src/main.o
 .text.dwt_init
                0x080006f0       0x34 ./Core/Src/main.o
 .text.micros32
                0x08000724       0x30 ./Core/Src/main.o
 .text.sh2hal_open
                0x08000754       0x48 ./Core/Src/main.o
 .text.sh2hal_close
                0x0800079c       0x20 ./Core/Src/main.o
 .text.sh2hal_read
                0x080007bc      0x120 ./Core/Src/main.o
 .text.sh2hal_write
                0x080008dc       0x38 ./Core/Src/main.o
 .text.sh2hal_getTimeUs
                0x08000914       0x16 ./Core/Src/main.o
 *fill*         0x0800092a        0x2 
 .text.bno085_notify_int
                0x0800092c       0x20 ./Core/Src/main.o
                0x0800092c                bno085_notify_int
 .text._write   0x0800094c       0x2c ./Core/Src/main.o
                0x0800094c                _write
 .text.i2c_wr   0x08000978       0x64 ./Core/Src/main.o
 .text.i2c_rd   0x080009dc       0x5c ./Core/Src/main.o
 .text.i2c_scan
                0x08000a38       0x58 ./Core/Src/main.o
 .text.bme280_read_calib
                0x08000a90      0x19c ./Core/Src/main.o
 .text.bme280_init
                0x08000c2c       0xa0 ./Core/Src/main.o
 .text.bme280_comp_T
                0x08000ccc       0x74 ./Core/Src/main.o
 .text.bme280_comp_P
                0x08000d40      0x56c ./Core/Src/main.o
 .text.bme280_comp_H
                0x080012ac       0xc0 ./Core/Src/main.o
 .text.bme280_read
                0x0800136c       0x94 ./Core/Src/main.o
 .text.debug_print
                0x08001400       0x2c ./Core/Src/main.o
                0x08001400                debug_print
 .text.main     0x0800142c      0x10c ./Core/Src/main.o
                0x0800142c                main
 .text.SystemClock_Config
                0x08001538       0xd0 ./Core/Src/main.o
                0x08001538                SystemClock_Config
 .text.MX_I2C1_Init
                0x08001608       0x5c ./Core/Src/main.o
 .text.MX_USART2_UART_Init
                0x08001664       0x54 ./Core/Src/main.o
 .text.MX_GPIO_Init
                0x080016b8       0xb4 ./Core/Src/main.o
 .text.HAL_GPIO_EXTI_Callback
                0x0800176c       0x28 ./Core/Src/main.o
                0x0800176c                HAL_GPIO_EXTI_Callback
 .text.Error_Handler
                0x08001794        0xc ./Core/Src/main.o
                0x08001794                Error_Handler
 .text.opStart  0x080017a0       0x4a ./Core/Src/sh2.o
 .text.opRx     0x080017ea       0x36 ./Core/Src/sh2.o
 .text.opCompleted
                0x08001820       0x24 ./Core/Src/sh2.o
 .text.opOnReset
                0x08001844       0x38 ./Core/Src/sh2.o
 .text.getReportLen
                0x0800187c       0x48 ./Core/Src/sh2.o
 .text.sensorhubControlHdlr
                0x080018c4      0x15c ./Core/Src/sh2.o
 .text.opProcess
                0x08001a20       0xa8 ./Core/Src/sh2.o
 .text.touSTimestamp
                0x08001ac8       0x88 ./Core/Src/sh2.o
 .text.sensorhubInputHdlr
                0x08001b50      0x160 ./Core/Src/sh2.o
 .text.sensorhubInputNormalHdlr
                0x08001cb0       0x28 ./Core/Src/sh2.o
 .text.sensorhubInputWakeHdlr
                0x08001cd8       0x28 ./Core/Src/sh2.o
 .text.sensorhubInputGyroRvHdlr
                0x08001d00       0xa2 ./Core/Src/sh2.o
 *fill*         0x08001da2        0x2 
 .text.executableDeviceHdlr
                0x08001da4       0x78 ./Core/Src/sh2.o
 .text.sendCtrl
                0x08001e1c       0x26 ./Core/Src/sh2.o
 .text.setSensorConfigStart
                0x08001e42       0xda ./Core/Src/sh2.o
 .text.shtpEventCallback
                0x08001f1c       0x44 ./Core/Src/sh2.o
 .text.sh2_open
                0x08001f60      0x134 ./Core/Src/sh2.o
                0x08001f60                sh2_open
 .text.sh2_service
                0x08002094       0x28 ./Core/Src/sh2.o
                0x08002094                sh2_service
 .text.sh2_setSensorCallback
                0x080020bc       0x2c ./Core/Src/sh2.o
                0x080020bc                sh2_setSensorCallback
 .text.sh2_setSensorConfig
                0x080020e8       0x54 ./Core/Src/sh2.o
                0x080020e8                sh2_setSensorConfig
 .text.sh2_decodeSensorEvent
                0x0800213c      0x318 ./Core/Src/sh2_SensorValue.o
                0x0800213c                sh2_decodeSensorEvent
 .text.decodeRawAccelerometer
                0x08002454       0x5c ./Core/Src/sh2_SensorValue.o
 .text.decodeAccelerometer
                0x080024b0       0x80 ./Core/Src/sh2_SensorValue.o
 .text.decodeLinearAcceleration
                0x08002530       0x80 ./Core/Src/sh2_SensorValue.o
 .text.decodeGravity
                0x080025b0       0x80 ./Core/Src/sh2_SensorValue.o
 .text.decodeRawGyroscope
                0x08002630       0x6e ./Core/Src/sh2_SensorValue.o
 *fill*         0x0800269e        0x2 
 .text.decodeGyroscopeCalibrated
                0x080026a0       0x80 ./Core/Src/sh2_SensorValue.o
 .text.decodeGyroscopeUncal
                0x08002720       0xe4 ./Core/Src/sh2_SensorValue.o
 .text.decodeRawMagnetometer
                0x08002804       0x5c ./Core/Src/sh2_SensorValue.o
 .text.decodeMagneticFieldCalibrated
                0x08002860       0x80 ./Core/Src/sh2_SensorValue.o
 .text.decodeMagneticFieldUncal
                0x080028e0       0xe4 ./Core/Src/sh2_SensorValue.o
 .text.decodeRotationVector
                0x080029c4       0xc8 ./Core/Src/sh2_SensorValue.o
 .text.decodeGameRotationVector
                0x08002a8c       0xa0 ./Core/Src/sh2_SensorValue.o
 .text.decodeGeomagneticRotationVector
                0x08002b2c       0xc8 ./Core/Src/sh2_SensorValue.o
 .text.decodePressure
                0x08002bf4       0x38 ./Core/Src/sh2_SensorValue.o
 .text.decodeAmbientLight
                0x08002c2c       0x38 ./Core/Src/sh2_SensorValue.o
 .text.decodeHumidity
                0x08002c64       0x3c ./Core/Src/sh2_SensorValue.o
 .text.decodeProximity
                0x08002ca0       0x3c ./Core/Src/sh2_SensorValue.o
 .text.decodeTemperature
                0x08002cdc       0x3c ./Core/Src/sh2_SensorValue.o
 .text.decodeReserved
                0x08002d18       0x3c ./Core/Src/sh2_SensorValue.o
 .text.decodeTapDetector
                0x08002d54       0x20 ./Core/Src/sh2_SensorValue.o
 .text.decodeStepDetector
                0x08002d74       0x24 ./Core/Src/sh2_SensorValue.o
 .text.decodeStepCounter
                0x08002d98       0x36 ./Core/Src/sh2_SensorValue.o
 .text.decodeSignificantMotion
                0x08002dce       0x26 ./Core/Src/sh2_SensorValue.o
 .text.decodeStabilityClassifier
                0x08002df4       0x20 ./Core/Src/sh2_SensorValue.o
 .text.decodeShakeDetector
                0x08002e14       0x26 ./Core/Src/sh2_SensorValue.o
 .text.decodeFlipDetector
                0x08002e3a       0x26 ./Core/Src/sh2_SensorValue.o
 .text.decodePickupDetector
                0x08002e60       0x26 ./Core/Src/sh2_SensorValue.o
 .text.decodeStabilityDetector
                0x08002e86       0x26 ./Core/Src/sh2_SensorValue.o
 .text.decodePersonalActivityClassifier
                0x08002eac       0x66 ./Core/Src/sh2_SensorValue.o
 .text.decodeSleepDetector
                0x08002f12       0x20 ./Core/Src/sh2_SensorValue.o
 .text.decodeTiltDetector
                0x08002f32       0x26 ./Core/Src/sh2_SensorValue.o
 .text.decodePocketDetector
                0x08002f58       0x26 ./Core/Src/sh2_SensorValue.o
 .text.decodeCircleDetector
                0x08002f7e       0x26 ./Core/Src/sh2_SensorValue.o
 .text.decodeHeartRateMonitor
                0x08002fa4       0x26 ./Core/Src/sh2_SensorValue.o
 *fill*         0x08002fca        0x2 
 .text.decodeArvrStabilizedRV
                0x08002fcc       0xc8 ./Core/Src/sh2_SensorValue.o
 .text.decodeArvrStabilizedGRV
                0x08003094       0xa0 ./Core/Src/sh2_SensorValue.o
 .text.decodeGyroIntegratedRV
                0x08003134      0x10c ./Core/Src/sh2_SensorValue.o
 .text.decodeIZroRequest
                0x08003240       0x28 ./Core/Src/sh2_SensorValue.o
 .text.decodeRawOptFlow
                0x08003268       0xfa ./Core/Src/sh2_SensorValue.o
 *fill*         0x08003362        0x2 
 .text.decodeDeadReckoningPose
                0x08003364      0x1d4 ./Core/Src/sh2_SensorValue.o
 .text.decodeWheelEncoder
                0x08003538       0x5c ./Core/Src/sh2_SensorValue.o
 .text.readu16  0x08003594       0x2e ./Core/Src/sh2_util.o
                0x08003594                readu16
 .text.readu32  0x080035c2       0x3c ./Core/Src/sh2_util.o
                0x080035c2                readu32
 .text.read8    0x080035fe       0x1e ./Core/Src/sh2_util.o
                0x080035fe                read8
 .text.read16   0x0800361c       0x2e ./Core/Src/sh2_util.o
                0x0800361c                read16
 .text.read32   0x0800364a       0x3c ./Core/Src/sh2_util.o
                0x0800364a                read32
 *fill*         0x08003686        0x2 
 .text.shtp_init
                0x08003688       0x44 ./Core/Src/shtp.o
 .text.getInstance
                0x080036cc       0x50 ./Core/Src/shtp.o
 .text.min_u16  0x0800371c       0x2a ./Core/Src/shtp.o
 .text.txProcess
                0x08003746      0x12a ./Core/Src/shtp.o
 .text.rxAssemble
                0x08003870      0x2bc ./Core/Src/shtp.o
 .text.shtp_open
                0x08003b2c       0x68 ./Core/Src/shtp.o
                0x08003b2c                shtp_open
 .text.shtp_setEventCallback
                0x08003b94       0x28 ./Core/Src/shtp.o
                0x08003b94                shtp_setEventCallback
 .text.shtp_listenChan
                0x08003bbc       0x60 ./Core/Src/shtp.o
                0x08003bbc                shtp_listenChan
 .text.shtp_send
                0x08003c1c       0x62 ./Core/Src/shtp.o
                0x08003c1c                shtp_send
 .text.shtp_service
                0x08003c7e       0x4c ./Core/Src/shtp.o
                0x08003c7e                shtp_service
 *fill*         0x08003cca        0x2 
 .text.HAL_MspInit
                0x08003ccc       0x50 ./Core/Src/stm32f4xx_hal_msp.o
                0x08003ccc                HAL_MspInit
 .text.HAL_I2C_MspInit
                0x08003d1c       0x90 ./Core/Src/stm32f4xx_hal_msp.o
                0x08003d1c                HAL_I2C_MspInit
 .text.HAL_UART_MspInit
                0x08003dac       0x90 ./Core/Src/stm32f4xx_hal_msp.o
                0x08003dac                HAL_UART_MspInit
 .text.NMI_Handler
                0x08003e3c        0x8 ./Core/Src/stm32f4xx_it.o
                0x08003e3c                NMI_Handler
 .text.HardFault_Handler
                0x08003e44        0x8 ./Core/Src/stm32f4xx_it.o
                0x08003e44                HardFault_Handler
 .text.MemManage_Handler
                0x08003e4c        0x8 ./Core/Src/stm32f4xx_it.o
                0x08003e4c                MemManage_Handler
 .text.BusFault_Handler
                0x08003e54        0x8 ./Core/Src/stm32f4xx_it.o
                0x08003e54                BusFault_Handler
 .text.UsageFault_Handler
                0x08003e5c        0x8 ./Core/Src/stm32f4xx_it.o
                0x08003e5c                UsageFault_Handler
 .text.SVC_Handler
                0x08003e64        0xe ./Core/Src/stm32f4xx_it.o
                0x08003e64                SVC_Handler
 .text.DebugMon_Handler
                0x08003e72        0xe ./Core/Src/stm32f4xx_it.o
                0x08003e72                DebugMon_Handler
 .text.PendSV_Handler
                0x08003e80        0xe ./Core/Src/stm32f4xx_it.o
                0x08003e80                PendSV_Handler
 .text.SysTick_Handler
                0x08003e8e        0xc ./Core/Src/stm32f4xx_it.o
                0x08003e8e                SysTick_Handler
 .text.EXTI9_5_IRQHandler
                0x08003e9a       0x10 ./Core/Src/stm32f4xx_it.o
                0x08003e9a                EXTI9_5_IRQHandler
 .text._read    0x08003eaa       0x3a ./Core/Src/syscalls.o
                0x08003eaa                _read
 .text._close   0x08003ee4       0x18 ./Core/Src/syscalls.o
                0x08003ee4                _close
 .text._fstat   0x08003efc       0x20 ./Core/Src/syscalls.o
                0x08003efc                _fstat
 .text._isatty  0x08003f1c       0x16 ./Core/Src/syscalls.o
                0x08003f1c                _isatty
 .text._lseek   0x08003f32       0x1a ./Core/Src/syscalls.o
                0x08003f32                _lseek
 .text._sbrk    0x08003f4c       0x6c ./Core/Src/sysmem.o
                0x08003f4c                _sbrk
 .text.SystemInit
                0x08003fb8       0x24 ./Core/Src/system_stm32f4xx.o
                0x08003fb8                SystemInit
 .text.Reset_Handler
                0x08003fdc       0x50 ./Core/Startup/startup_stm32f411ceux.o
                0x08003fdc                Reset_Handler
 .text.Default_Handler
                0x0800402c        0x2 ./Core/Startup/startup_stm32f411ceux.o
                0x0800402c                RTC_Alarm_IRQHandler
                0x0800402c                EXTI2_IRQHandler
                0x0800402c                SPI4_IRQHandler
                0x0800402c                TIM1_CC_IRQHandler
                0x0800402c                DMA2_Stream5_IRQHandler
                0x0800402c                DMA1_Stream5_IRQHandler
                0x0800402c                PVD_IRQHandler
                0x0800402c                SDIO_IRQHandler
                0x0800402c                TAMP_STAMP_IRQHandler
                0x0800402c                EXTI3_IRQHandler
                0x0800402c                TIM1_UP_TIM10_IRQHandler
                0x0800402c                I2C3_ER_IRQHandler
                0x0800402c                EXTI0_IRQHandler
                0x0800402c                I2C2_EV_IRQHandler
                0x0800402c                DMA1_Stream2_IRQHandler
                0x0800402c                FPU_IRQHandler
                0x0800402c                DMA2_Stream2_IRQHandler
                0x0800402c                SPI1_IRQHandler
                0x0800402c                TIM1_BRK_TIM9_IRQHandler
                0x0800402c                DMA2_Stream3_IRQHandler
                0x0800402c                USART6_IRQHandler
                0x0800402c                DMA2_Stream0_IRQHandler
                0x0800402c                TIM4_IRQHandler
                0x0800402c                I2C1_EV_IRQHandler
                0x0800402c                DMA1_Stream6_IRQHandler
                0x0800402c                DMA1_Stream1_IRQHandler
                0x0800402c                TIM3_IRQHandler
                0x0800402c                RCC_IRQHandler
                0x0800402c                Default_Handler
                0x0800402c                EXTI15_10_IRQHandler
                0x0800402c                ADC_IRQHandler
                0x0800402c                DMA1_Stream7_IRQHandler
                0x0800402c                SPI5_IRQHandler
                0x0800402c                TIM5_IRQHandler
                0x0800402c                DMA2_Stream7_IRQHandler
                0x0800402c                I2C3_EV_IRQHandler
                0x0800402c                RTC_WKUP_IRQHandler
                0x0800402c                SPI2_IRQHandler
                0x0800402c                DMA1_Stream0_IRQHandler
                0x0800402c                EXTI4_IRQHandler
                0x0800402c                WWDG_IRQHandler
                0x0800402c                TIM2_IRQHandler
                0x0800402c                OTG_FS_WKUP_IRQHandler
                0x0800402c                TIM1_TRG_COM_TIM11_IRQHandler
                0x0800402c                EXTI1_IRQHandler
                0x0800402c                USART2_IRQHandler
                0x0800402c                I2C2_ER_IRQHandler
                0x0800402c                DMA2_Stream1_IRQHandler
                0x0800402c                FLASH_IRQHandler
                0x0800402c                DMA2_Stream4_IRQHandler
                0x0800402c                USART1_IRQHandler
                0x0800402c                OTG_FS_IRQHandler
                0x0800402c                SPI3_IRQHandler
                0x0800402c                DMA1_Stream4_IRQHandler
                0x0800402c                I2C1_ER_IRQHandler
                0x0800402c                DMA2_Stream6_IRQHandler
                0x0800402c                DMA1_Stream3_IRQHandler
 *fill*         0x0800402e        0x2 
 .text.HAL_Init
                0x08004030       0x44 ./Drivers/STM32F4xx_HAL_Driver/Src/stm32f4xx_hal.o
                0x08004030                HAL_Init
 .text.HAL_InitTick
                0x08004074       0x60 ./Drivers/STM32F4xx_HAL_Driver/Src/stm32f4xx_hal.o
                0x08004074                HAL_InitTick
 .text.HAL_IncTick
                0x080040d4       0x28 ./Drivers/STM32F4xx_HAL_Driver/Src/stm32f4xx_hal.o
                0x080040d4                HAL_IncTick
 .text.HAL_GetTick
                0x080040fc       0x18 ./Drivers/STM32F4xx_HAL_Driver/Src/stm32f4xx_hal.o
                0x080040fc                HAL_GetTick
 .text.HAL_Delay
                0x08004114       0x48 ./Drivers/STM32F4xx_HAL_Driver/Src/stm32f4xx_hal.o
                0x08004114                HAL_Delay
 .text.__NVIC_SetPriorityGrouping
                0x0800415c       0x48 ./Drivers/STM32F4xx_HAL_Driver/Src/stm32f4xx_hal_cortex.o
 .text.__NVIC_GetPriorityGrouping
                0x080041a4       0x1c ./Drivers/STM32F4xx_HAL_Driver/Src/stm32f4xx_hal_cortex.o
 .text.__NVIC_EnableIRQ
                0x080041c0       0x3c ./Drivers/STM32F4xx_HAL_Driver/Src/stm32f4xx_hal_cortex.o
 .text.__NVIC_SetPriority
                0x080041fc       0x54 ./Drivers/STM32F4xx_HAL_Driver/Src/stm32f4xx_hal_cortex.o
 .text.NVIC_EncodePriority
                0x08004250       0x66 ./Drivers/STM32F4xx_HAL_Driver/Src/stm32f4xx_hal_cortex.o
 *fill*         0x080042b6        0x2 
 .text.SysTick_Config
                0x080042b8       0x44 ./Drivers/STM32F4xx_HAL_Driver/Src/stm32f4xx_hal_cortex.o
 .text.HAL_NVIC_SetPriorityGrouping
                0x080042fc       0x16 ./Drivers/STM32F4xx_HAL_Driver/Src/stm32f4xx_hal_cortex.o
                0x080042fc                HAL_NVIC_SetPriorityGrouping
 .text.HAL_NVIC_SetPriority
                0x08004312       0x38 ./Drivers/STM32F4xx_HAL_Driver/Src/stm32f4xx_hal_cortex.o
                0x08004312                HAL_NVIC_SetPriority
 .text.HAL_NVIC_EnableIRQ
                0x0800434a       0x1c ./Drivers/STM32F4xx_HAL_Driver/Src/stm32f4xx_hal_cortex.o
                0x0800434a                HAL_NVIC_EnableIRQ
 .text.HAL_SYSTICK_Config
                0x08004366       0x18 ./Drivers/STM32F4xx_HAL_Driver/Src/stm32f4xx_hal_cortex.o
                0x08004366                HAL_SYSTICK_Config
 *fill*         0x0800437e        0x2 
 .text.HAL_GPIO_Init
                0x08004380      0x308 ./Drivers/STM32F4xx_HAL_Driver/Src/stm32f4xx_hal_gpio.o
                0x08004380                HAL_GPIO_Init
 .text.HAL_GPIO_WritePin
                0x08004688       0x32 ./Drivers/STM32F4xx_HAL_Driver/Src/stm32f4xx_hal_gpio.o
                0x08004688                HAL_GPIO_WritePin
 *fill*         0x080046ba        0x2 
 .text.HAL_GPIO_EXTI_IRQHandler
                0x080046bc       0x30 ./Drivers/STM32F4xx_HAL_Driver/Src/stm32f4xx_hal_gpio.o
                0x080046bc                HAL_GPIO_EXTI_IRQHandler
 .text.HAL_I2C_Init
                0x080046ec      0x288 ./Drivers/STM32F4xx_HAL_Driver/Src/stm32f4xx_hal_i2c.o
                0x080046ec                HAL_I2C_Init
 .text.HAL_I2C_Master_Transmit
                0x08004974      0x1fc ./Drivers/STM32F4xx_HAL_Driver/Src/stm32f4xx_hal_i2c.o
                0x08004974                HAL_I2C_Master_Transmit
 .text.HAL_I2C_Master_Receive
                0x08004b70      0x464 ./Drivers/STM32F4xx_HAL_Driver/Src/stm32f4xx_hal_i2c.o
                0x08004b70                HAL_I2C_Master_Receive
 .text.HAL_I2C_IsDeviceReady
                0x08004fd4      0x25c ./Drivers/STM32F4xx_HAL_Driver/Src/stm32f4xx_hal_i2c.o
                0x08004fd4                HAL_I2C_IsDeviceReady
 .text.I2C_MasterRequestWrite
                0x08005230      0x104 ./Drivers/STM32F4xx_HAL_Driver/Src/stm32f4xx_hal_i2c.o
 .text.I2C_MasterRequestRead
                0x08005334      0x19c ./Drivers/STM32F4xx_HAL_Driver/Src/stm32f4xx_hal_i2c.o
 .text.I2C_WaitOnFlagUntilTimeout
                0x080054d0       0xf4 ./Drivers/STM32F4xx_HAL_Driver/Src/stm32f4xx_hal_i2c.o
 .text.I2C_WaitOnMasterAddressFlagUntilTimeout
                0x080055c4      0x140 ./Drivers/STM32F4xx_HAL_Driver/Src/stm32f4xx_hal_i2c.o
 .text.I2C_WaitOnTXEFlagUntilTimeout
                0x08005704       0x90 ./Drivers/STM32F4xx_HAL_Driver/Src/stm32f4xx_hal_i2c.o
 .text.I2C_WaitOnBTFFlagUntilTimeout
                0x08005794       0x90 ./Drivers/STM32F4xx_HAL_Driver/Src/stm32f4xx_hal_i2c.o
 .text.I2C_WaitOnRXNEFlagUntilTimeout
                0x08005824       0xba ./Drivers/STM32F4xx_HAL_Driver/Src/stm32f4xx_hal_i2c.o
 .text.I2C_IsAcknowledgeFailed
                0x080058de       0x5e ./Drivers/STM32F4xx_HAL_Driver/Src/stm32f4xx_hal_i2c.o
 .text.HAL_RCC_OscConfig
                0x0800593c      0x4f0 ./Drivers/STM32F4xx_HAL_Driver/Src/stm32f4xx_hal_rcc.o
                0x0800593c                HAL_RCC_OscConfig
 .text.HAL_RCC_ClockConfig
                0x08005e2c      0x1cc ./Drivers/STM32F4xx_HAL_Driver/Src/stm32f4xx_hal_rcc.o
                0x08005e2c                HAL_RCC_ClockConfig
 .text.HAL_RCC_GetSysClockFreq
                0x08005ff8      0x188 ./Drivers/STM32F4xx_HAL_Driver/Src/stm32f4xx_hal_rcc.o
                0x08005ff8                HAL_RCC_GetSysClockFreq
 .text.HAL_RCC_GetHCLKFreq
                0x08006180       0x18 ./Drivers/STM32F4xx_HAL_Driver/Src/stm32f4xx_hal_rcc.o
                0x08006180                HAL_RCC_GetHCLKFreq
 .text.HAL_RCC_GetPCLK1Freq
                0x08006198       0x28 ./Drivers/STM32F4xx_HAL_Driver/Src/stm32f4xx_hal_rcc.o
                0x08006198                HAL_RCC_GetPCLK1Freq
 .text.HAL_RCC_GetPCLK2Freq
                0x080061c0       0x28 ./Drivers/STM32F4xx_HAL_Driver/Src/stm32f4xx_hal_rcc.o
                0x080061c0                HAL_RCC_GetPCLK2Freq
 .text.HAL_UART_Init
                0x080061e8       0xa0 ./Drivers/STM32F4xx_HAL_Driver/Src/stm32f4xx_hal_uart.o
                0x080061e8                HAL_UART_Init
 .text.HAL_UART_Transmit
                0x08006288      0x116 ./Drivers/STM32F4xx_HAL_Driver/Src/stm32f4xx_hal_uart.o
                0x08006288                HAL_UART_Transmit
 .text.UART_WaitOnFlagUntilTimeout
                0x0800639e       0xb2 ./Drivers/STM32F4xx_HAL_Driver/Src/stm32f4xx_hal_uart.o
 .text.UART_EndRxTransfer
                0x08006450       0xc6 ./Drivers/STM32F4xx_HAL_Driver/Src/stm32f4xx_hal_uart.o
 *fill*         0x08006516        0x2 
 .text.UART_SetConfig
                0x08006518      0x4e8 ./Drivers/STM32F4xx_HAL_Driver/Src/stm32f4xx_hal_uart.o
 .text.std      0x08006a00       0x6c /opt/st/stm32cubeide_2.1.0/plugins/com.st.stm32cube.ide.mcu.externaltools.gnu-tools-for-stm32.14.3.rel1.linux64_1.0.100.202602081740/tools/bin/../lib/gcc/arm-none-eabi/14.3.1/../../../../arm-none-eabi/lib/thumb/v7e-m+fp/hard/libc_nano.a(libc_a-findfp.o)
 .text.stdio_exit_handler
                0x08006a6c       0x18 /opt/st/stm32cubeide_2.1.0/plugins/com.st.stm32cube.ide.mcu.externaltools.gnu-tools-for-stm32.14.3.rel1.linux64_1.0.100.202602081740/tools/bin/../lib/gcc/arm-none-eabi/14.3.1/../../../../arm-none-eabi/lib/thumb/v7e-m+fp/hard/libc_nano.a(libc_a-findfp.o)
 .text.cleanup_stdio
                0x08006a84       0x40 /opt/st/stm32cubeide_2.1.0/plugins/com.st.stm32cube.ide.mcu.externaltools.gnu-tools-for-stm32.14.3.rel1.linux64_1.0.100.202602081740/tools/bin/../lib/gcc/arm-none-eabi/14.3.1/../../../../arm-none-eabi/lib/thumb/v7e-m+fp/hard/libc_nano.a(libc_a-findfp.o)
 .text.global_stdio_init.part.0
                0x08006ac4       0x40 /opt/st/stm32cubeide_2.1.0/plugins/com.st.stm32cube.ide.mcu.externaltools.gnu-tools-for-stm32.14.3.rel1.linux64_1.0.100.202602081740/tools/bin/../lib/gcc/arm-none-eabi/14.3.1/../../../../arm-none-eabi/lib/thumb/v7e-m+fp/hard/libc_nano.a(libc_a-findfp.o)
 .text.__sfp_lock_acquire
                0x08006b04        0xc /opt/st/stm32cubeide_2.1.0/plugins/com.st.stm32cube.ide.mcu.externaltools.gnu-tools-for-stm32.14.3.rel1.linux64_1.0.100.202602081740/tools/bin/../lib/gcc/arm-none-eabi/14.3.1/../../../../arm-none-eabi/lib/thumb/v7e-m+fp/hard/libc_nano.a(libc_a-findfp.o)
                0x08006b04                __sfp_lock_acquire
 .text.__sfp_lock_release
                0x08006b10        0xc /opt/st/stm32cubeide_2.1.0/plugins/com.st.stm32cube.ide.mcu.externaltools.gnu-tools-for-stm32.14.3.rel1.linux64_1.0.100.202602081740/tools/bin/../lib/gcc/arm-none-eabi/14.3.1/../../../../arm-none-eabi/lib/thumb/v7e-m+fp/hard/libc_nano.a(libc_a-findfp.o)
                0x08006b10                __sfp_lock_release
 .text.__sinit  0x08006b1c       0x30 /opt/st/stm32cubeide_2.1.0/plugins/com.st.stm32cube.ide.mcu.externaltools.gnu-tools-for-stm32.14.3.rel1.linux64_1.0.100.202602081740/tools/bin/../lib/gcc/arm-none-eabi/14.3.1/../../../../arm-none-eabi/lib/thumb/v7e-m+fp/hard/libc_nano.a(libc_a-findfp.o)
                0x08006b1c                __sinit
 .text._fwalk_sglue
                0x08006b4c       0x3c /opt/st/stm32cubeide_2.1.0/plugins/com.st.stm32cube.ide.mcu.externaltools.gnu-tools-for-stm32.14.3.rel1.linux64_1.0.100.202602081740/tools/bin/../lib/gcc/arm-none-eabi/14.3.1/../../../../arm-none-eabi/lib/thumb/v7e-m+fp/hard/libc_nano.a(libc_a-fwalk.o)
                0x08006b4c                _fwalk_sglue
 .text.printf   0x08006b88       0x24 /opt/st/stm32cubeide_2.1.0/plugins/com.st.stm32cube.ide.mcu.externaltools.gnu-tools-for-stm32.14.3.rel1.linux64_1.0.100.202602081740/tools/bin/../lib/gcc/arm-none-eabi/14.3.1/../../../../arm-none-eabi/lib/thumb/v7e-m+fp/hard/libc_nano.a(libc_a-printf.o)
                0x08006b88                printf
                0x08006b88                iprintf
 .text._puts_r  0x08006bac       0xaa /opt/st/stm32cubeide_2.1.0/plugins/com.st.stm32cube.ide.mcu.externaltools.gnu-tools-for-stm32.14.3.rel1.linux64_1.0.100.202602081740/tools/bin/../lib/gcc/arm-none-eabi/14.3.1/../../../../arm-none-eabi/lib/thumb/v7e-m+fp/hard/libc_nano.a(libc_a-puts.o)
                0x08006bac                _puts_r
 *fill*         0x08006c56        0x2 
 .text.puts     0x08006c58       0x10 /opt/st/stm32cubeide_2.1.0/plugins/com.st.stm32cube.ide.mcu.externaltools.gnu-tools-for-stm32.14.3.rel1.linux64_1.0.100.202602081740/tools/bin/../lib/gcc/arm-none-eabi/14.3.1/../../../../arm-none-eabi/lib/thumb/v7e-m+fp/hard/libc_nano.a(libc_a-puts.o)
                0x08006c58                puts
 .text.__sread  0x08006c68       0x22 /opt/st/stm32cubeide_2.1.0/plugins/com.st.stm32cube.ide.mcu.externaltools.gnu-tools-for-stm32.14.3.rel1.linux64_1.0.100.202602081740/tools/bin/../lib/gcc/arm-none-eabi/14.3.1/../../../../arm-none-eabi/lib/thumb/v7e-m+fp/hard/libc_nano.a(libc_a-stdio.o)
                0x08006c68                __sread
 .text.__swrite
                0x08006c8a       0x38 /opt/st/stm32cubeide_2.1.0/plugins/com.st.stm32cube.ide.mcu.externaltools.gnu-tools-for-stm32.14.3.rel1.linux64_1.0.100.202602081740/tools/bin/../lib/gcc/arm-none-eabi/14.3.1/../../../../arm-none-eabi/lib/thumb/v7e-m+fp/hard/libc_nano.a(libc_a-stdio.o)
                0x08006c8a                __swrite
 .text.__sseek  0x08006cc2       0x26 /opt/st/stm32cubeide_2.1.0/plugins/com.st.stm32cube.ide.mcu.externaltools.gnu-tools-for-stm32.14.3.rel1.linux64_1.0.100.202602081740/tools/bin/../lib/gcc/arm-none-eabi/14.3.1/../../../../arm-none-eabi/lib/thumb/v7e-m+fp/hard/libc_nano.a(libc_a-stdio.o)
                0x08006cc2                __sseek
 .text.__sclose
                0x08006ce8        0x8 /opt/st/stm32cubeide_2.1.0/plugins/com.st.stm32cube.ide.mcu.externaltools.gnu-tools-for-stm32.14.3.rel1.linux64_1.0.100.202602081740/tools/bin/../lib/gcc/arm-none-eabi/14.3.1/../../../../arm-none-eabi/lib/thumb/v7e-m+fp/hard/libc_nano.a(libc_a-stdio.o)
                0x08006ce8                __sclose
 .text.__swbuf_r
                0x08006cf0       0x7c /opt/st/stm32cubeide_2.1.0/plugins/com.st.stm32cube.ide.mcu.externaltools.gnu-tools-for-stm32.14.3.rel1.linux64_1.0.100.202602081740/tools/bin/../lib/gcc/arm-none-eabi/14.3.1/../../../../arm-none-eabi/lib/thumb/v7e-m+fp/hard/libc_nano.a(libc_a-wbuf.o)
                0x08006cf0                __swbuf_r
 .text.__swsetup_r
                0x08006d6c       0xa8 /opt/st/stm32cubeide_2.1.0/plugins/com.st.stm32cube.ide.mcu.externaltools.gnu-tools-for-stm32.14.3.rel1.linux64_1.0.100.202602081740/tools/bin/../lib/gcc/arm-none-eabi/14.3.1/../../../../arm-none-eabi/lib/thumb/v7e-m+fp/hard/libc_nano.a(libc_a-wsetup.o)
                0x08006d6c                __swsetup_r
 .text.memset   0x08006e14       0x10 /opt/st/stm32cubeide_2.1.0/plugins/com.st.stm32cube.ide.mcu.externaltools.gnu-tools-for-stm32.14.3.rel1.linux64_1.0.100.202602081740/tools/bin/../lib/gcc/arm-none-eabi/14.3.1/../../../../arm-none-eabi/lib/thumb/v7e-m+fp/hard/libc_nano.a(libc_a-memset.o)
                0x08006e14                memset
 .text._close_r
                0x08006e24       0x20 /opt/st/stm32cubeide_2.1.0/plugins/com.st.stm32cube.ide.mcu.externaltools.gnu-tools-for-stm32.14.3.rel1.linux64_1.0.100.202602081740/tools/bin/../lib/gcc/arm-none-eabi/14.3.1/../../../../arm-none-eabi/lib/thumb/v7e-m+fp/hard/libc_nano.a(libc_a-closer.o)
                0x08006e24                _close_r
 .text._lseek_r
                0x08006e44       0x24 /opt/st/stm32cubeide_2.1.0/plugins/com.st.stm32cube.ide.mcu.externaltools.gnu-tools-for-stm32.14.3.rel1.linux64_1.0.100.202602081740/tools/bin/../lib/gcc/arm-none-eabi/14.3.1/../../../../arm-none-eabi/lib/thumb/v7e-m+fp/hard/libc_nano.a(libc_a-lseekr.o)
                0x08006e44                _lseek_r
 .text._read_r  0x08006e68       0x24 /opt/st/stm32cubeide_2.1.0/plugins/com.st.stm32cube.ide.mcu.externaltools.gnu-tools-for-stm32.14.3.rel1.linux64_1.0.100.202602081740/tools/bin/../lib/gcc/arm-none-eabi/14.3.1/../../../../arm-none-eabi/lib/thumb/v7e-m+fp/hard/libc_nano.a(libc_a-readr.o)
                0x08006e68                _read_r
 .text._write_r
                0x08006e8c       0x24 /opt/st/stm32cubeide_2.1.0/plugins/com.st.stm32cube.ide.mcu.externaltools.gnu-tools-for-stm32.14.3.rel1.linux64_1.0.100.202602081740/tools/bin/../lib/gcc/arm-none-eabi/14.3.1/../../../../arm-none-eabi/lib/thumb/v7e-m+fp/hard/libc_nano.a(libc_a-writer.o)
                0x08006e8c                _write_r
 .text.__errno  0x08006eb0        0xc /opt/st/stm32cubeide_2.1.0/plugins/com.st.stm32cube.ide.mcu.externaltools.gnu-tools-for-stm32.14.3.rel1.linux64_1.0.100.202602081740/tools/bin/../lib/gcc/arm-none-eabi/14.3.1/../../../../arm-none-eabi/lib/thumb/v7e-m+fp/hard/libc_nano.a(libc_a-errno.o)
                0x08006eb0                __errno
 .text.__libc_init_array
                0x08006ebc       0x48 /opt/st/stm32cubeide_2.1.0/plugins/com.st.stm32cube.ide.mcu.externaltools.gnu-tools-for-stm32.14.3.rel1.linux64_1.0.100.202602081740/tools/bin/../lib/gcc/arm-none-eabi/14.3.1/../../../../arm-none-eabi/lib/thumb/v7e-m+fp/hard/libc_nano.a(libc_a-init.o)
                0x08006ebc                __libc_init_array
 .text.__retarget_lock_init_recursive
                0x08006f04        0x2 /opt/st/stm32cubeide_2.1.0/plugins/com.st.stm32cube.ide.mcu.externaltools.gnu-tools-for-stm32.14.3.rel1.linux64_1.0.100.202602081740/tools/bin/../lib/gcc/arm-none-eabi/14.3.1/../../../../arm-none-eabi/lib/thumb/v7e-m+fp/hard/libc_nano.a(libc_a-lock.o)
                0x08006f04                __retarget_lock_init_recursive
 .text.__retarget_lock_acquire_recursive
                0x08006f06        0x2 /opt/st/stm32cubeide_2.1.0/plugins/com.st.stm32cube.ide.mcu.externaltools.gnu-tools-for-stm32.14.3.rel1.linux64_1.0.100.202602081740/tools/bin/../lib/gcc/arm-none-eabi/14.3.1/../../../../arm-none-eabi/lib/thumb/v7e-m+fp/hard/libc_nano.a(libc_a-lock.o)
                0x08006f06                __retarget_lock_acquire_recursive
 .text.__retarget_lock_release_recursive
                0x08006f08        0x2 /opt/st/stm32cubeide_2.1.0/plugins/com.st.stm32cube.ide.mcu.externaltools.gnu-tools-for-stm32.14.3.rel1.linux64_1.0.100.202602081740/tools/bin/../lib/gcc/arm-none-eabi/14.3.1/../../../../arm-none-eabi/lib/thumb/v7e-m+fp/hard/libc_nano.a(libc_a-lock.o)
                0x08006f08                __retarget_lock_release_recursive
 .text.memcpy   0x08006f0a       0x1c /opt/st/stm32cubeide_2.1.0/plugins/com.st.stm32cube.ide.mcu.externaltools.gnu-tools-for-stm32.14.3.rel1.linux64_1.0.100.202602081740/tools/bin/../lib/gcc/arm-none-eabi/14.3.1/../../../../arm-none-eabi/lib/thumb/v7e-m+fp/hard/libc_nano.a(libc_a-memcpy-stub.o)
                0x08006f0a                memcpy
 *fill*         0x08006f26        0x2 
 .text._free_r  0x08006f28       0x94 /opt/st/stm32cubeide_2.1.0/plugins/com.st.stm32cube.ide.mcu.externaltools.gnu-tools-for-stm32.14.3.rel1.linux64_1.0.100.202602081740/tools/bin/../lib/gcc/arm-none-eabi/14.3.1/../../../../arm-none-eabi/lib/thumb/v7e-m+fp/hard/libc_nano.a(libc_a-freer.o)
                0x08006f28                _free_r
 .text.sbrk_aligned
                0x08006fbc       0x44 /opt/st/stm32cubeide_2.1.0/plugins/com.st.stm32cube.ide.mcu.externaltools.gnu-tools-for-stm32.14.3.rel1.linux64_1.0.100.202602081740/tools/bin/../lib/gcc/arm-none-eabi/14.3.1/../../../../arm-none-eabi/lib/thumb/v7e-m+fp/hard/libc_nano.a(libc_a-mallocr.o)
 .text._malloc_r
                0x08007000      0x100 /opt/st/stm32cubeide_2.1.0/plugins/com.st.stm32cube.ide.mcu.externaltools.gnu-tools-for-stm32.14.3.rel1.linux64_1.0.100.202602081740/tools/bin/../lib/gcc/arm-none-eabi/14.3.1/../../../../arm-none-eabi/lib/thumb/v7e-m+fp/hard/libc_nano.a(libc_a-mallocr.o)
                0x08007000                _malloc_r
 .text.__malloc_lock
                0x08007100        0xc /opt/st/stm32cubeide_2.1.0/plugins/com.st.stm32cube.ide.mcu.externaltools.gnu-tools-for-stm32.14.3.rel1.linux64_1.0.100.202602081740/tools/bin/../lib/gcc/arm-none-eabi/14.3.1/../../../../arm-none-eabi/lib/thumb/v7e-m+fp/hard/libc_nano.a(libc_a-mlock.o)
                0x08007100                __malloc_lock
 .text.__malloc_unlock
                0x0800710c        0xc /opt/st/stm32cubeide_2.1.0/plugins/com.st.stm32cube.ide.mcu.externaltools.gnu-tools-for-stm32.14.3.rel1.linux64_1.0.100.202602081740/tools/bin/../lib/gcc/arm-none-eabi/14.3.1/../../../../arm-none-eabi/lib/thumb/v7e-m+fp/hard/libc_nano.a(libc_a-mlock.o)
                0x0800710c                __malloc_unlock
 .text.__sfputc_r
                0x08007118       0x2e /opt/st/stm32cubeide_2.1.0/plugins/com.st.stm32cube.ide.mcu.externaltools.gnu-tools-for-stm32.14.3.rel1.linux64_1.0.100.202602081740/tools/bin/../lib/gcc/arm-none-eabi/14.3.1/../../../../arm-none-eabi/lib/thumb/v7e-m+fp/hard/libc_nano.a(libc_a-nano-vfprintf.o)
 .text.__sfputs_r
                0x08007146       0x24 /opt/st/stm32cubeide_2.1.0/plugins/com.st.stm32cube.ide.mcu.externaltools.gnu-tools-for-stm32.14.3.rel1.linux64_1.0.100.202602081740/tools/bin/../lib/gcc/arm-none-eabi/14.3.1/../../../../arm-none-eabi/lib/thumb/v7e-m+fp/hard/libc_nano.a(libc_a-nano-vfprintf.o)
                0x08007146                __sfputs_r
 *fill*         0x0800716a        0x2 
 .text._vfprintf_r
                0x0800716c      0x228 /opt/st/stm32cubeide_2.1.0/plugins/com.st.stm32cube.ide.mcu.externaltools.gnu-tools-for-stm32.14.3.rel1.linux64_1.0.100.202602081740/tools/bin/../lib/gcc/arm-none-eabi/14.3.1/../../../../arm-none-eabi/lib/thumb/v7e-m+fp/hard/libc_nano.a(libc_a-nano-vfprintf.o)
                0x0800716c                _vfiprintf_r
                0x0800716c                _vfprintf_r
 .text._printf_common
                0x08007394       0xda /opt/st/stm32cubeide_2.1.0/plugins/com.st.stm32cube.ide.mcu.externaltools.gnu-tools-for-stm32.14.3.rel1.linux64_1.0.100.202602081740/tools/bin/../lib/gcc/arm-none-eabi/14.3.1/../../../../arm-none-eabi/lib/thumb/v7e-m+fp/hard/libc_nano.a(libc_a-nano-vfprintf_i.o)
                0x08007394                _printf_common
 *fill*         0x0800746e        0x2 
 .text._printf_i
                0x08007470      0x24c /opt/st/stm32cubeide_2.1.0/plugins/com.st.stm32cube.ide.mcu.externaltools.gnu-tools-for-stm32.14.3.rel1.linux64_1.0.100.202602081740/tools/bin/../lib/gcc/arm-none-eabi/14.3.1/../../../../arm-none-eabi/lib/thumb/v7e-m+fp/hard/libc_nano.a(libc_a-nano-vfprintf_i.o)
                0x08007470                _printf_i
 .text.__sflush_r
                0x080076bc      0x104 /opt/st/stm32cubeide_2.1.0/plugins/com.st.stm32cube.ide.mcu.externaltools.gnu-tools-for-stm32.14.3.rel1.linux64_1.0.100.202602081740/tools/bin/../lib/gcc/arm-none-eabi/14.3.1/../../../../arm-none-eabi/lib/thumb/v7e-m+fp/hard/libc_nano.a(libc_a-fflush.o)
                0x080076bc                __sflush_r
 .text._fflush_r
                0x080077c0       0x50 /opt/st/stm32cubeide_2.1.0/plugins/com.st.stm32cube.ide.mcu.externaltools.gnu-tools-for-stm32.14.3.rel1.linux64_1.0.100.202602081740/tools/bin/../lib/gcc/arm-none-eabi/14.3.1/../../../../arm-none-eabi/lib/thumb/v7e-m+fp/hard/libc_nano.a(libc_a-fflush.o)
                0x080077c0                _fflush_r
 .text.__swhatbuf_r
                0x08007810       0x48 /opt/st/stm32cubeide_2.1.0/plugins/com.st.stm32cube.ide.mcu.externaltools.gnu-tools-for-stm32.14.3.rel1.linux64_1.0.100.202602081740/tools/bin/../lib/gcc/arm-none-eabi/14.3.1/../../../../arm-none-eabi/lib/thumb/v7e-m+fp/hard/libc_nano.a(libc_a-makebuf.o)
                0x08007810                __swhatbuf_r
 .text.__smakebuf_r
                0x08007858       0x72 /opt/st/stm32cubeide_2.1.0/plugins/com.st.stm32cube.ide.mcu.externaltools.gnu-tools-for-stm32.14.3.rel1.linux64_1.0.100.202602081740/tools/bin/../lib/gcc/arm-none-eabi/14.3.1/../../../../arm-none-eabi/lib/thumb/v7e-m+fp/hard/libc_nano.a(libc_a-makebuf.o)
                0x08007858                __smakebuf_r
 *fill*         0x080078ca        0x2 
 .text._fstat_r
                0x080078cc       0x24 /opt/st/stm32cubeide_2.1.0/plugins/com.st.stm32cube.ide.mcu.externaltools.gnu-tools-for-stm32.14.3.rel1.linux64_1.0.100.202602081740/tools/bin/../lib/gcc/arm-none-eabi/14.3.1/../../../../arm-none-eabi/lib/thumb/v7e-m+fp/hard/libc_nano.a(libc_a-fstatr.o)
                0x080078cc                _fstat_r
 .text._isatty_r
                0x080078f0       0x20 /opt/st/stm32cubeide_2.1.0/plugins/com.st.stm32cube.ide.mcu.externaltools.gnu-tools-for-stm32.14.3.rel1.linux64_1.0.100.202602081740/tools/bin/../lib/gcc/arm-none-eabi/14.3.1/../../../../arm-none-eabi/lib/thumb/v7e-m+fp/hard/libc_nano.a(libc_a-isattyr.o)
                0x080078f0                _isatty_r
 .text._sbrk_r  0x08007910       0x20 /opt/st/stm32cubeide_2.1.0/plugins/com.st.stm32cube.ide.mcu.externaltools.gnu-tools-for-stm32.14.3.rel1.linux64_1.0.100.202602081740/tools/bin/../lib/gcc/arm-none-eabi/14.3.1/../../../../arm-none-eabi/lib/thumb/v7e-m+fp/hard/libc_nano.a(libc_a-sbrkr.o)
                0x08007910                _sbrk_r
 *(.glue_7)
 .glue_7        0x08007930        0x0 linker stubs
 *(.glue_7t)
 .glue_7t       0x08007930        0x0 linker stubs
 *(.eh_frame)
 .eh_frame      0x08007930        0x0 /opt/st/stm32cubeide_2.1.0/plugins/com.st.stm32cube.ide.mcu.externaltools.gnu-tools-for-stm32.14.3.rel1.linux64_1.0.100.202602081740/tools/bin/../lib/gcc/arm-none-eabi/14.3.1/thumb/v7e-m+fp/hard/crtbegin.o
 *(.init)
 .init          0x08007930        0x4 /opt/st/stm32cubeide_2.1.0/plugins/com.st.stm32cube.ide.mcu.externaltools.gnu-tools-for-stm32.14.3.rel1.linux64_1.0.100.202602081740/tools/bin/../lib/gcc/arm-none-eabi/14.3.1/thumb/v7e-m+fp/hard/crti.o
                0x08007930                _init
 .init          0x08007934        0x8 /opt/st/stm32cubeide_2.1.0/plugins/com.st.stm32cube.ide.mcu.externaltools.gnu-tools-for-stm32.14.3.rel1.linux64_1.0.100.202602081740/tools/bin/../lib/gcc/arm-none-eabi/14.3.1/thumb/v7e-m+fp/hard/crtn.o
 *(.fini)
 .fini          0x0800793c        0x4 /opt/st/stm32cubeide_2.1.0/plugins/com.st.stm32cube.ide.mcu.externaltools.gnu-tools-for-stm32.14.3.rel1.linux64_1.0.100.202602081740/tools/bin/../lib/gcc/arm-none-eabi/14.3.1/thumb/v7e-m+fp/hard/crti.o
                0x0800793c                _fini
 .fini          0x08007940        0x8 /opt/st/stm32cubeide_2.1.0/plugins/com.st.stm32cube.ide.mcu.externaltools.gnu-tools-for-stm32.14.3.rel1.linux64_1.0.100.202602081740/tools/bin/../lib/gcc/arm-none-eabi/14.3.1/thumb/v7e-m+fp/hard/crtn.o
                0x08007948                        . = ALIGN (0x4)
                0x08007948                        _etext = .

.vfp11_veneer   0x08007948        0x0
 .vfp11_veneer  0x08007948        0x0 linker stubs

.v4_bx          0x08007948        0x0
 .v4_bx         0x08007948        0x0 linker stubs

.iplt           0x08007948        0x0
 .iplt          0x08007948        0x0 /opt/st/stm32cubeide_2.1.0/plugins/com.st.stm32cube.ide.mcu.externaltools.gnu-tools-for-stm32.14.3.rel1.linux64_1.0.100.202602081740/tools/bin/../lib/gcc/arm-none-eabi/14.3.1/thumb/v7e-m+fp/hard/crtbegin.o

.rodata         0x08007948      0x1c0
                0x08007948                        . = ALIGN (0x4)
 *(.rodata)
 .rodata        0x08007948      0x101 ./Core/Src/main.o
 *(.rodata*)
 *fill*         0x08007a49        0x3 
 .rodata.sh2ReportLens
                0x08007a4c       0x60 ./Core/Src/sh2.o
 .rodata.setSensorConfigOp
                0x08007aac       0x10 ./Core/Src/sh2.o
                0x08007aac                setSensorConfigOp
 .rodata.AHBPrescTable
                0x08007abc       0x10 ./Core/Src/system_stm32f4xx.o
                0x08007abc                AHBPrescTable
 .rodata.APBPrescTable
                0x08007acc        0x8 ./Core/Src/system_stm32f4xx.o
                0x08007acc                APBPrescTable
 .rodata._vfprintf_r.str1.1
                0x08007ad4       0x33 /opt/st/stm32cubeide_2.1.0/plugins/com.st.stm32cube.ide.mcu.externaltools.gnu-tools-for-stm32.14.3.rel1.linux64_1.0.100.202602081740/tools/bin/../lib/gcc/arm-none-eabi/14.3.1/../../../../arm-none-eabi/lib/thumb/v7e-m+fp/hard/libc_nano.a(libc_a-nano-vfprintf.o)
                                 0x11 (size before relaxing)
 .rodata._printf_i.str1.1
                0x08007b07       0x22 /opt/st/stm32cubeide_2.1.0/plugins/com.st.stm32cube.ide.mcu.externaltools.gnu-tools-for-stm32.14.3.rel1.linux64_1.0.100.202602081740/tools/bin/../lib/gcc/arm-none-eabi/14.3.1/../../../../arm-none-eabi/lib/thumb/v7e-m+fp/hard/libc_nano.a(libc_a-nano-vfprintf_i.o)
                0x08007b2c                        . = ALIGN (0x4)
 *fill*         0x08007b07        0x1 

.ARM.extab      0x08007b08        0x0
                0x08007b08                        . = ALIGN (0x4)
 *(.ARM.extab* .gnu.linkonce.armextab.*)
                0x08007b08                        . = ALIGN (0x4)

.ARM            0x08007b08        0x8
                0x08007b08                        . = ALIGN (0x4)
                0x08007b08                        __exidx_start = .
 *(.ARM.exidx*)
 .ARM.exidx     0x08007b08        0x8 /opt/st/stm32cubeide_2.1.0/plugins/com.st.stm32cube.ide.mcu.externaltools.gnu-tools-for-stm32.14.3.rel1.linux64_1.0.100.202602081740/tools/bin/../lib/gcc/arm-none-eabi/14.3.1/../../../../arm-none-eabi/lib/thumb/v7e-m+fp/hard/libc_nano.a(libc_a-strlen.o)
 .ARM.exidx     0x08007b10        0x0 /opt/st/stm32cubeide_2.1.0/plugins/com.st.stm32cube.ide.mcu.externaltools.gnu-tools-for-stm32.14.3.rel1.linux64_1.0.100.202602081740/tools/bin/../lib/gcc/arm-none-eabi/14.3.1/../../../../arm-none-eabi/lib/thumb/v7e-m+fp/hard/libc_nano.a(libc_a-memchr.o)
                                  0x8 (size before relaxing)
 .ARM.exidx     0x08007b10        0x0 /opt/st/stm32cubeide_2.1.0/plugins/com.st.stm32cube.ide.mcu.externaltools.gnu-tools-for-stm32.14.3.rel1.linux64_1.0.100.202602081740/tools/bin/../lib/gcc/arm-none-eabi/14.3.1/thumb/v7e-m+fp/hard/libgcc.a(_udivmoddi4.o)
                                  0x8 (size before relaxing)
                0x08007b10                        __exidx_end = .
                0x08007b10                        . = ALIGN (0x4)

.preinit_array  0x08007b10        0x0
                0x08007b10                        . = ALIGN (0x4)
                0x08007b10                        PROVIDE (__preinit_array_start = .)
 *(.preinit_array*)
                0x08007b10                        PROVIDE (__preinit_array_end = .)
                0x08007b10                        . = ALIGN (0x4)

.init_array     0x08007b10        0x4
                0x08007b10                        . = ALIGN (0x4)
                0x08007b10                        PROVIDE (__init_array_start = .)
 *(SORT_BY_NAME(.init_array.*))
 *(.init_array*)
 .init_array    0x08007b10        0x4 /opt/st/stm32cubeide_2.1.0/plugins/com.st.stm32cube.ide.mcu.externaltools.gnu-tools-for-stm32.14.3.rel1.linux64_1.0.100.202602081740/tools/bin/../lib/gcc/arm-none-eabi/14.3.1/thumb/v7e-m+fp/hard/crtbegin.o
                0x08007b14                        PROVIDE (__init_array_end = .)
                0x08007b14                        . = ALIGN (0x4)

.fini_array     0x08007b14        0x4
                0x08007b14                        . = ALIGN (0x4)
                [!provide]                        PROVIDE (__fini_array_start = .)
 *(SORT_BY_NAME(.fini_array.*))
 *(.fini_array*)
 .fini_array    0x08007b14        0x4 /opt/st/stm32cubeide_2.1.0/plugins/com.st.stm32cube.ide.mcu.externaltools.gnu-tools-for-stm32.14.3.rel1.linux64_1.0.100.202602081740/tools/bin/../lib/gcc/arm-none-eabi/14.3.1/thumb/v7e-m+fp/hard/crtbegin.o
                [!provide]                        PROVIDE (__fini_array_end = .)
                0x08007b18                        . = ALIGN (0x4)
                0x08007b18                        _sidata = LOADADDR (.data)

.rel.dyn        0x08007b18        0x0
 .rel.iplt      0x08007b18        0x0 /opt/st/stm32cubeide_2.1.0/plugins/com.st.stm32cube.ide.mcu.externaltools.gnu-tools-for-stm32.14.3.rel1.linux64_1.0.100.202602081740/tools/bin/../lib/gcc/arm-none-eabi/14.3.1/thumb/v7e-m+fp/hard/crtbegin.o

.data           0x20000000       0x80 load address 0x08007b18
                0x20000000                        . = ALIGN (0x4)
                0x20000000                        _sdata = .
 *(.data)
 *(.data*)
 .data.g_sh2_open_rc
                0x20000000        0x4 ./Core/Src/main.o
                0x20000000                g_sh2_open_rc
 .data.g_sh2_hal
                0x20000004       0x14 ./Core/Src/main.o
                0x20000004                g_sh2_hal
 .data.SystemCoreClock
                0x20000018        0x4 ./Core/Src/system_stm32f4xx.o
                0x20000018                SystemCoreClock
 .data.uwTickPrio
                0x2000001c        0x4 ./Drivers/STM32F4xx_HAL_Driver/Src/stm32f4xx_hal.o
                0x2000001c                uwTickPrio
 .data.uwTickFreq
                0x20000020        0x1 ./Drivers/STM32F4xx_HAL_Driver/Src/stm32f4xx_hal.o
                0x20000020                uwTickFreq
 *fill*         0x20000021        0x3 
 .data.__sglue  0x20000024        0xc /opt/st/stm32cubeide_2.1.0/plugins/com.st.stm32cube.ide.mcu.externaltools.gnu-tools-for-stm32.14.3.rel1.linux64_1.0.100.202602081740/tools/bin/../lib/gcc/arm-none-eabi/14.3.1/../../../../arm-none-eabi/lib/thumb/v7e-m+fp/hard/libc_nano.a(libc_a-findfp.o)
                0x20000024                __sglue
 .data._impure_ptr
                0x20000030        0x4 /opt/st/stm32cubeide_2.1.0/plugins/com.st.stm32cube.ide.mcu.externaltools.gnu-tools-for-stm32.14.3.rel1.linux64_1.0.100.202602081740/tools/bin/../lib/gcc/arm-none-eabi/14.3.1/../../../../arm-none-eabi/lib/thumb/v7e-m+fp/hard/libc_nano.a(libc_a-impure.o)
                0x20000030                _impure_ptr
 .data._impure_data
                0x20000034       0x4c /opt/st/stm32cubeide_2.1.0/plugins/com.st.stm32cube.ide.mcu.externaltools.gnu-tools-for-stm32.14.3.rel1.linux64_1.0.100.202602081740/tools/bin/../lib/gcc/arm-none-eabi/14.3.1/../../../../arm-none-eabi/lib/thumb/v7e-m+fp/hard/libc_nano.a(libc_a-impure.o)
                0x20000034                _impure_data
 *(.RamFunc)
 *(.RamFunc*)
                0x20000080                        . = ALIGN (0x4)
                0x20000080                        _edata = .

.igot.plt       0x20000080        0x0 load address 0x08007b98
 .igot.plt      0x20000080        0x0 /opt/st/stm32cubeide_2.1.0/plugins/com.st.stm32cube.ide.mcu.externaltools.gnu-tools-for-stm32.14.3.rel1.linux64_1.0.100.202602081740/tools/bin/../lib/gcc/arm-none-eabi/14.3.1/thumb/v7e-m+fp/hard/crtbegin.o
                0x20000080                        . = ALIGN (0x4)

.bss            0x20000080      0xd28 load address 0x08007b98
                0x20000080                        _sbss = .
                0x20000080                        __bss_start__ = _sbss
 *(.bss)
 .bss           0x20000080       0x1c /opt/st/stm32cubeide_2.1.0/plugins/com.st.stm32cube.ide.mcu.externaltools.gnu-tools-for-stm32.14.3.rel1.linux64_1.0.100.202602081740/tools/bin/../lib/gcc/arm-none-eabi/14.3.1/thumb/v7e-m+fp/hard/crtbegin.o
 *(.bss*)
 .bss.hi2c1     0x2000009c       0x54 ./Core/Src/main.o
                0x2000009c                hi2c1
 .bss.huart2    0x200000f0       0x48 ./Core/Src/main.o
                0x200000f0                huart2
 .bss.g_t_centi
                0x20000138        0x4 ./Core/Src/main.o
                0x20000138                g_t_centi
 .bss.g_p_pa    0x2000013c        0x4 ./Core/Src/main.o
                0x2000013c                g_p_pa
 .bss.g_h_centi
                0x20000140        0x4 ./Core/Src/main.o
                0x20000140                g_h_centi
 .bss.g_bme_ok  0x20000144        0x1 ./Core/Src/main.o
                0x20000144                g_bme_ok
 .bss.g_bno_stream_ok
                0x20000145        0x1 ./Core/Src/main.o
                0x20000145                g_bno_stream_ok
 *fill*         0x20000146        0x2 
 .bss.g_ax      0x20000148        0x4 ./Core/Src/main.o
                0x20000148                g_ax
 .bss.g_ay      0x2000014c        0x4 ./Core/Src/main.o
                0x2000014c                g_ay
 .bss.g_az      0x20000150        0x4 ./Core/Src/main.o
                0x20000150                g_az
 .bss.g_gx      0x20000154        0x4 ./Core/Src/main.o
                0x20000154                g_gx
 .bss.g_gy      0x20000158        0x4 ./Core/Src/main.o
                0x20000158                g_gy
 .bss.g_gz      0x2000015c        0x4 ./Core/Src/main.o
                0x2000015c                g_gz
 .bss.bno_int_flag
                0x20000160        0x1 ./Core/Src/main.o
 *fill*         0x20000161        0x3 
 .bss.bno_int_time_us
                0x20000164        0x4 ./Core/Src/main.o
 .bss.g_bno_reads
                0x20000168        0x4 ./Core/Src/main.o
                0x20000168                g_bno_reads
 .bss.g_bno_read_err
                0x2000016c        0x4 ./Core/Src/main.o
                0x2000016c                g_bno_read_err
 .bss.g_bno_int_seen
                0x20000170        0x1 ./Core/Src/main.o
                0x20000170                g_bno_int_seen
 *fill*         0x20000171        0x1 
 .bss.g_bno_last_len
                0x20000172        0x2 ./Core/Src/main.o
                0x20000172                g_bno_last_len
 .bss.g_bno_hdr0
                0x20000174        0x1 ./Core/Src/main.o
                0x20000174                g_bno_hdr0
 .bss.g_bno_hdr1
                0x20000175        0x1 ./Core/Src/main.o
                0x20000175                g_bno_hdr1
 .bss.g_bno_chan
                0x20000176        0x1 ./Core/Src/main.o
                0x20000176                g_bno_chan
 .bss.g_bno_seq
                0x20000177        0x1 ./Core/Src/main.o
                0x20000177                g_bno_seq
 .bss.bme       0x20000178       0x28 ./Core/Src/main.o
 .bss._sh2      0x200001a0      0x178 ./Core/Src/sh2.o
                0x200001a0                _sh2
 .bss.sh2AsyncEvent
                0x20000318       0x1c ./Core/Src/sh2.o
 .bss.lastHostInt.1
                0x20000334        0x4 ./Core/Src/sh2.o
 .bss.rollovers.0
                0x20000338        0x4 ./Core/Src/sh2.o
 .bss.instances
                0x2000033c      0x914 ./Core/Src/shtp.o
 .bss.shtp_initialized
                0x20000c50        0x1 ./Core/Src/shtp.o
 *fill*         0x20000c51        0x3 
 .bss.__sbrk_heap_end
                0x20000c54        0x4 ./Core/Src/sysmem.o
 .bss.uwTick    0x20000c58        0x4 ./Drivers/STM32F4xx_HAL_Driver/Src/stm32f4xx_hal.o
                0x20000c58                uwTick
 .bss.__sf      0x20000c5c      0x138 /opt/st/stm32cubeide_2.1.0/plugins/com.st.stm32cube.ide.mcu.externaltools.gnu-tools-for-stm32.14.3.rel1.linux64_1.0.100.202602081740/tools/bin/../lib/gcc/arm-none-eabi/14.3.1/../../../../arm-none-eabi/lib/thumb/v7e-m+fp/hard/libc_nano.a(libc_a-findfp.o)
                0x20000c5c                __sf
 .bss.__stdio_exit_handler
                0x20000d94        0x4 /opt/st/stm32cubeide_2.1.0/plugins/com.st.stm32cube.ide.mcu.externaltools.gnu-tools-for-stm32.14.3.rel1.linux64_1.0.100.202602081740/tools/bin/../lib/gcc/arm-none-eabi/14.3.1/../../../../arm-none-eabi/lib/thumb/v7e-m+fp/hard/libc_nano.a(libc_a-findfp.o)
                0x20000d94                __stdio_exit_handler
 .bss.errno     0x20000d98        0x4 /opt/st/stm32cubeide_2.1.0/plugins/com.st.stm32cube.ide.mcu.externaltools.gnu-tools-for-stm32.14.3.rel1.linux64_1.0.100.202602081740/tools/bin/../lib/gcc/arm-none-eabi/14.3.1/../../../../arm-none-eabi/lib/thumb/v7e-m+fp/hard/libc_nano.a(libc_a-reent.o)
                0x20000d98                errno
 .bss.__lock___malloc_recursive_mutex
                0x20000d9c        0x1 /opt/st/stm32cubeide_2.1.0/plugins/com.st.stm32cube.ide.mcu.externaltools.gnu-tools-for-stm32.14.3.rel1.linux64_1.0.100.202602081740/tools/bin/../lib/gcc/arm-none-eabi/14.3.1/../../../../arm-none-eabi/lib/thumb/v7e-m+fp/hard/libc_nano.a(libc_a-lock.o)
                0x20000d9c                __lock___malloc_recursive_mutex
 .bss.__lock___sfp_recursive_mutex
                0x20000d9d        0x1 /opt/st/stm32cubeide_2.1.0/plugins/com.st.stm32cube.ide.mcu.externaltools.gnu-tools-for-stm32.14.3.rel1.linux64_1.0.100.202602081740/tools/bin/../lib/gcc/arm-none-eabi/14.3.1/../../../../arm-none-eabi/lib/thumb/v7e-m+fp/hard/libc_nano.a(libc_a-lock.o)
                0x20000d9d                __lock___sfp_recursive_mutex
 *fill*         0x20000d9e        0x2 
 .bss.__malloc_sbrk_start
                0x20000da0        0x4 /opt/st/stm32cubeide_2.1.0/plugins/com.st.stm32cube.ide.mcu.externaltools.gnu-tools-for-stm32.14.3.rel1.linux64_1.0.100.202602081740/tools/bin/../lib/gcc/arm-none-eabi/14.3.1/../../../../arm-none-eabi/lib/thumb/v7e-m+fp/hard/libc_nano.a(libc_a-mallocr.o)
                0x20000da0                __malloc_sbrk_start
 .bss.__malloc_free_list
                0x20000da4        0x4 /opt/st/stm32cubeide_2.1.0/plugins/com.st.stm32cube.ide.mcu.externaltools.gnu-tools-for-stm32.14.3.rel1.linux64_1.0.100.202602081740/tools/bin/../lib/gcc/arm-none-eabi/14.3.1/../../../../arm-none-eabi/lib/thumb/v7e-m+fp/hard/libc_nano.a(libc_a-mallocr.o)
                0x20000da4                __malloc_free_list
 *(COMMON)
                0x20000da8                        . = ALIGN (0x4)
                0x20000da8                        _ebss = .
                0x20000da8                        __bss_end__ = _ebss

._user_heap_stack
                0x20000da8      0x600 load address 0x08007b98
                0x20000da8                        . = ALIGN (0x8)
                [!provide]                        PROVIDE (end = .)
                0x20000da8                        PROVIDE (_end = .)
                0x20000fa8                        . = (. + _Min_Heap_Size)
 *fill*         0x20000da8      0x200 
                0x200013a8                        . = (. + _Min_Stack_Size)
 *fill*         0x20000fa8      0x400 
                0x200013a8                        . = ALIGN (0x8)

/DISCARD/
 libc.a(*)
 libm.a(*)
 libgcc.a(*)

.ARM.attributes
                0x00000000       0x30
 *(.ARM.attributes)
 .ARM.attributes
                0x00000000       0x22 /opt/st/stm32cubeide_2.1.0/plugins/com.st.stm32cube.ide.mcu.externaltools.gnu-tools-for-stm32.14.3.rel1.linux64_1.0.100.202602081740/tools/bin/../lib/gcc/arm-none-eabi/14.3.1/thumb/v7e-m+fp/hard/crti.o
 .ARM.attributes
                0x00000022       0x34 /opt/st/stm32cubeide_2.1.0/plugins/com.st.stm32cube.ide.mcu.externaltools.gnu-tools-for-stm32.14.3.rel1.linux64_1.0.100.202602081740/tools/bin/../lib/gcc/arm-none-eabi/14.3.1/thumb/v7e-m+fp/hard/crtbegin.o
 .ARM.attributes
                0x00000056       0x34 ./Core/Src/main.o
 .ARM.attributes
                0x0000008a       0x34 ./Core/Src/sh2.o
 .ARM.attributes
                0x000000be       0x34 ./Core/Src/sh2_SensorValue.o
 .ARM.attributes
                0x000000f2       0x34 ./Core/Src/sh2_util.o
 .ARM.attributes
                0x00000126       0x34 ./Core/Src/shtp.o
 .ARM.attributes
                0x0000015a       0x34 ./Core/Src/stm32f4xx_hal_msp.o
 .ARM.attributes
                0x0000018e       0x34 ./Core/Src/stm32f4xx_it.o
 .ARM.attributes
                0x000001c2       0x34 ./Core/Src/syscalls.o
 .ARM.attributes
                0x000001f6       0x34 ./Core/Src/sysmem.o
 .ARM.attributes
                0x0000022a       0x34 ./Core/Src/system_stm32f4xx.o
 .ARM.attributes
                0x0000025e       0x21 ./Core/Startup/startup_stm32f411ceux.o
 .ARM.attributes
                0x0000027f       0x34 ./Drivers/STM32F4xx_HAL_Driver/Src/stm32f4xx_hal.o
 .ARM.attributes
                0x000002b3       0x34 ./Drivers/STM32F4xx_HAL_Driver/Src/stm32f4xx_hal_cortex.o
 .ARM.attributes
                0x000002e7       0x34 ./Drivers/STM32F4xx_HAL_Driver/Src/stm32f4xx_hal_gpio.o
 .ARM.attributes
                0x0000031b       0x34 ./Drivers/STM32F4xx_HAL_Driver/Src/stm32f4xx_hal_i2c.o
 .ARM.attributes
                0x0000034f       0x34 ./Drivers/STM32F4xx_HAL_Driver/Src/stm32f4xx_hal_rcc.o
 .ARM.attributes
                0x00000383       0x34 ./Drivers/STM32F4xx_HAL_Driver/Src/stm32f4xx_hal_uart.o
 .ARM.attributes
                0x000003b7       0x34 /opt/st/stm32cubeide_2.1.0/plugins/com.st.stm32cube.ide.mcu.externaltools.gnu-tools-for-stm32.14.3.rel1.linux64_1.0.100.202602081740/tools/bin/../lib/gcc/arm-none-eabi/14.3.1/../../../../arm-none-eabi/lib/thumb/v7e-m+fp/hard/libc_nano.a(libc_a-findfp.o)
 .ARM.attributes
                0x000003eb       0x34 /opt/st/stm32cubeide_2.1.0/plugins/com.st.stm32cube.ide.mcu.externaltools.gnu-tools-for-stm32.14.3.rel1.linux64_1.0.100.202602081740/tools/bin/../lib/gcc/arm-none-eabi/14.3.1/../../../../arm-none-eabi/lib/thumb/v7e-m+fp/hard/libc_nano.a(libc_a-fwalk.o)
 .ARM.attributes
                0x0000041f       0x34 /opt/st/stm32cubeide_2.1.0/plugins/com.st.stm32cube.ide.mcu.externaltools.gnu-tools-for-stm32.14.3.rel1.linux64_1.0.100.202602081740/tools/bin/../lib/gcc/arm-none-eabi/14.3.1/../../../../arm-none-eabi/lib/thumb/v7e-m+fp/hard/libc_nano.a(libc_a-printf.o)
 .ARM.attributes
                0x00000453       0x34 /opt/st/stm32cubeide_2.1.0/plugins/com.st.stm32cube.ide.mcu.externaltools.gnu-tools-for-stm32.14.3.rel1.linux64_1.0.100.202602081740/tools/bin/../lib/gcc/arm-none-eabi/14.3.1/../../../../arm-none-eabi/lib/thumb/v7e-m+fp/hard/libc_nano.a(libc_a-puts.o)
 .ARM.attributes
                0x00000487       0x34 /opt/st/stm32cubeide_2.1.0/plugins/com.st.stm32cube.ide.mcu.externaltools.gnu-tools-for-stm32.14.3.rel1.linux64_1.0.100.202602081740/tools/bin/../lib/gcc/arm-none-eabi/14.3.1/../../../../arm-none-eabi/lib/thumb/v7e-m+fp/hard/libc_nano.a(libc_a-stdio.o)
 .ARM.attributes
                0x000004bb       0x34 /opt/st/stm32cubeide_2.1.0/plugins/com.st.stm32cube.ide.mcu.externaltools.gnu-tools-for-stm32.14.3.rel1.linux64_1.0.100.202602081740/tools/bin/../lib/gcc/arm-none-eabi/14.3.1/../../../../arm-none-eabi/lib/thumb/v7e-m+fp/hard/libc_nano.a(libc_a-wbuf.o)
 .ARM.attributes
                0x000004ef       0x34 /opt/st/stm32cubeide_2.1.0/plugins/com.st.stm32cube.ide.mcu.externaltools.gnu-tools-for-stm32.14.3.rel1.linux64_1.0.100.202602081740/tools/bin/../lib/gcc/arm-none-eabi/14.3.1/../../../../arm-none-eabi/lib/thumb/v7e-m+fp/hard/libc_nano.a(libc_a-wsetup.o)
 .ARM.attributes
                0x00000523       0x34 /opt/st/stm32cubeide_2.1.0/plugins/com.st.stm32cube.ide.mcu.externaltools.gnu-tools-for-stm32.14.3.rel1.linux64_1.0.100.202602081740/tools/bin/../lib/gcc/arm-none-eabi/14.3.1/../../../../arm-none-eabi/lib/thumb/v7e-m+fp/hard/libc_nano.a(libc_a-memset.o)
 .ARM.attributes
                0x00000557       0x34 /opt/st/stm32cubeide_2.1.0/plugins/com.st.stm32cube.ide.mcu.externaltools.gnu-tools-for-stm32.14.3.rel1.linux64_1.0.100.202602081740/tools/bin/../lib/gcc/arm-none-eabi/14.3.1/../../../../arm-none-eabi/lib/thumb/v7e-m+fp/hard/libc_nano.a(libc_a-closer.o)
 .ARM.attributes
                0x0000058b       0x34 /opt/st/stm32cubeide_2.1.0/plugins/com.st.stm32cube.ide.mcu.externaltools.gnu-tools-for-stm32.14.3.rel1.linux64_1.0.100.202602081740/tools/bin/../lib/gcc/arm-none-eabi/14.3.1/../../../../arm-none-eabi/lib/thumb/v7e-m+fp/hard/libc_nano.a(libc_a-reent.o)
 .ARM.attributes
                0x000005bf       0x34 /opt/st/stm32cubeide_2.1.0/plugins/com.st.stm32cube.ide.mcu.externaltools.gnu-tools-for-stm32.14.3.rel1.linux64_1.0.100.202602081740/tools/bin/../lib/gcc/arm-none-eabi/14.3.1/../../../../arm-none-eabi/lib/thumb/v7e-m+fp/hard/libc_nano.a(libc_a-impure.o)
 .ARM.attributes
                0x000005f3       0x34 /opt/st/stm32cubeide_2.1.0/plugins/com.st.stm32cube.ide.mcu.externaltools.gnu-tools-for-stm32.14.3.rel1.linux64_1.0.100.202602081740/tools/bin/../lib/gcc/arm-none-eabi/14.3.1/../../../../arm-none-eabi/lib/thumb/v7e-m+fp/hard/libc_nano.a(libc_a-lseekr.o)
 .ARM.attributes
                0x00000627       0x34 /opt/st/stm32cubeide_2.1.0/plugins/com.st.stm32cube.ide.mcu.externaltools.gnu-tools-for-stm32.14.3.rel1.linux64_1.0.100.202602081740/tools/bin/../lib/gcc/arm-none-eabi/14.3.1/../../../../arm-none-eabi/lib/thumb/v7e-m+fp/hard/libc_nano.a(libc_a-readr.o)
 .ARM.attributes
                0x0000065b       0x34 /opt/st/stm32cubeide_2.1.0/plugins/com.st.stm32cube.ide.mcu.externaltools.gnu-tools-for-stm32.14.3.rel1.linux64_1.0.100.202602081740/tools/bin/../lib/gcc/arm-none-eabi/14.3.1/../../../../arm-none-eabi/lib/thumb/v7e-m+fp/hard/libc_nano.a(libc_a-writer.o)
 .ARM.attributes
                0x0000068f       0x34 /opt/st/stm32cubeide_2.1.0/plugins/com.st.stm32cube.ide.mcu.externaltools.gnu-tools-for-stm32.14.3.rel1.linux64_1.0.100.202602081740/tools/bin/../lib/gcc/arm-none-eabi/14.3.1/../../../../arm-none-eabi/lib/thumb/v7e-m+fp/hard/libc_nano.a(libc_a-errno.o)
 .ARM.attributes
                0x000006c3       0x34 /opt/st/stm32cubeide_2.1.0/plugins/com.st.stm32cube.ide.mcu.externaltools.gnu-tools-for-stm32.14.3.rel1.linux64_1.0.100.202602081740/tools/bin/../lib/gcc/arm-none-eabi/14.3.1/../../../../arm-none-eabi/lib/thumb/v7e-m+fp/hard/libc_nano.a(libc_a-init.o)
 .ARM.attributes
                0x000006f7       0x34 /opt/st/stm32cubeide_2.1.0/plugins/com.st.stm32cube.ide.mcu.externaltools.gnu-tools-for-stm32.14.3.rel1.linux64_1.0.100.202602081740/tools/bin/../lib/gcc/arm-none-eabi/14.3.1/../../../../arm-none-eabi/lib/thumb/v7e-m+fp/hard/libc_nano.a(libc_a-lock.o)
 .ARM.attributes
                0x0000072b       0x34 /opt/st/stm32cubeide_2.1.0/plugins/com.st.stm32cube.ide.mcu.externaltools.gnu-tools-for-stm32.14.3.rel1.linux64_1.0.100.202602081740/tools/bin/../lib/gcc/arm-none-eabi/14.3.1/../../../../arm-none-eabi/lib/thumb/v7e-m+fp/hard/libc_nano.a(libc_a-memcpy-stub.o)
 .ARM.attributes
                0x0000075f       0x17 /opt/st/stm32cubeide_2.1.0/plugins/com.st.stm32cube.ide.mcu.externaltools.gnu-tools-for-stm32.14.3.rel1.linux64_1.0.100.202602081740/tools/bin/../lib/gcc/arm-none-eabi/14.3.1/../../../../arm-none-eabi/lib/thumb/v7e-m+fp/hard/libc_nano.a(libc_a-strlen.o)
 .ARM.attributes
                0x00000776       0x34 /opt/st/stm32cubeide_2.1.0/plugins/com.st.stm32cube.ide.mcu.externaltools.gnu-tools-for-stm32.14.3.rel1.linux64_1.0.100.202602081740/tools/bin/../lib/gcc/arm-none-eabi/14.3.1/../../../../arm-none-eabi/lib/thumb/v7e-m+fp/hard/libc_nano.a(libc_a-freer.o)
 .ARM.attributes
                0x000007aa       0x34 /opt/st/stm32cubeide_2.1.0/plugins/com.st.stm32cube.ide.mcu.externaltools.gnu-tools-for-stm32.14.3.rel1.linux64_1.0.100.202602081740/tools/bin/../lib/gcc/arm-none-eabi/14.3.1/../../../../arm-none-eabi/lib/thumb/v7e-m+fp/hard/libc_nano.a(libc_a-mallocr.o)
 .ARM.attributes
                0x000007de       0x34 /opt/st/stm32cubeide_2.1.0/plugins/com.st.stm32cube.ide.mcu.externaltools.gnu-tools-for-stm32.14.3.rel1.linux64_1.0.100.202602081740/tools/bin/../lib/gcc/arm-none-eabi/14.3.1/../../../../arm-none-eabi/lib/thumb/v7e-m+fp/hard/libc_nano.a(libc_a-mlock.o)
 .ARM.attributes
                0x00000812       0x34 /opt/st/stm32cubeide_2.1.0/plugins/com.st.stm32cube.ide.mcu.externaltools.gnu-tools-for-stm32.14.3.rel1.linux64_1.0.100.202602081740/tools/bin/../lib/gcc/arm-none-eabi/14.3.1/../../../../arm-none-eabi/lib/thumb/v7e-m+fp/hard/libc_nano.a(libc_a-nano-vfprintf.o)
 .ARM.attributes
                0x00000846       0x34 /opt/st/stm32cubeide_2.1.0/plugins/com.st.stm32cube.ide.mcu.externaltools.gnu-tools-for-stm32.14.3.rel1.linux64_1.0.100.202602081740/tools/bin/../lib/gcc/arm-none-eabi/14.3.1/../../../../arm-none-eabi/lib/thumb/v7e-m+fp/hard/libc_nano.a(libc_a-nano-vfprintf_i.o)
 .ARM.attributes
                0x0000087a       0x34 /opt/st/stm32cubeide_2.1.0/plugins/com.st.stm32cube.ide.mcu.externaltools.gnu-tools-for-stm32.14.3.rel1.linux64_1.0.100.202602081740/tools/bin/../lib/gcc/arm-none-eabi/14.3.1/../../../../arm-none-eabi/lib/thumb/v7e-m+fp/hard/libc_nano.a(libc_a-fflush.o)
 .ARM.attributes
                0x000008ae       0x34 /opt/st/stm32cubeide_2.1.0/plugins/com.st.stm32cube.ide.mcu.externaltools.gnu-tools-for-stm32.14.3.rel1.linux64_1.0.100.202602081740/tools/bin/../lib/gcc/arm-none-eabi/14.3.1/../../../../arm-none-eabi/lib/thumb/v7e-m+fp/hard/libc_nano.a(libc_a-makebuf.o)
 .ARM.attributes
                0x000008e2       0x34 /opt/st/stm32cubeide_2.1.0/plugins/com.st.stm32cube.ide.mcu.externaltools.gnu-tools-for-stm32.14.3.rel1.linux64_1.0.100.202602081740/tools/bin/../lib/gcc/arm-none-eabi/14.3.1/../../../../arm-none-eabi/lib/thumb/v7e-m+fp/hard/libc_nano.a(libc_a-fstatr.o)
 .ARM.attributes
                0x00000916       0x34 /opt/st/stm32cubeide_2.1.0/plugins/com.st.stm32cube.ide.mcu.externaltools.gnu-tools-for-stm32.14.3.rel1.linux64_1.0.100.202602081740/tools/bin/../lib/gcc/arm-none-eabi/14.3.1/../../../../arm-none-eabi/lib/thumb/v7e-m+fp/hard/libc_nano.a(libc_a-isattyr.o)
 .ARM.attributes
                0x0000094a       0x34 /opt/st/stm32cubeide_2.1.0/plugins/com.st.stm32cube.ide.mcu.externaltools.gnu-tools-for-stm32.14.3.rel1.linux64_1.0.100.202602081740/tools/bin/../lib/gcc/arm-none-eabi/14.3.1/../../../../arm-none-eabi/lib/thumb/v7e-m+fp/hard/libc_nano.a(libc_a-sbrkr.o)
 .ARM.attributes
                0x0000097e       0x1c /opt/st/stm32cubeide_2.1.0/plugins/com.st.stm32cube.ide.mcu.externaltools.gnu-tools-for-stm32.14.3.rel1.linux64_1.0.100.202602081740/tools/bin/../lib/gcc/arm-none-eabi/14.3.1/../../../../arm-none-eabi/lib/thumb/v7e-m+fp/hard/libc_nano.a(libc_a-memchr.o)
 .ARM.attributes
                0x0000099a       0x22 /opt/st/stm32cubeide_2.1.0/plugins/com.st.stm32cube.ide.mcu.externaltools.gnu-tools-for-stm32.14.3.rel1.linux64_1.0.100.202602081740/tools/bin/../lib/gcc/arm-none-eabi/14.3.1/thumb/v7e-m+fp/hard/libgcc.a(_aeabi_ldivmod.o)
 .ARM.attributes
                0x000009bc       0x22 /opt/st/stm32cubeide_2.1.0/plugins/com.st.stm32cube.ide.mcu.externaltools.gnu-tools-for-stm32.14.3.rel1.linux64_1.0.100.202602081740/tools/bin/../lib/gcc/arm-none-eabi/14.3.1/thumb/v7e-m+fp/hard/libgcc.a(_aeabi_uldivmod.o)
 .ARM.attributes
                0x000009de       0x34 /opt/st/stm32cubeide_2.1.0/plugins/com.st.stm32cube.ide.mcu.externaltools.gnu-tools-for-stm32.14.3.rel1.linux64_1.0.100.202602081740/tools/bin/../lib/gcc/arm-none-eabi/14.3.1/thumb/v7e-m+fp/hard/libgcc.a(_udivmoddi4.o)
 .ARM.attributes
                0x00000a12       0x22 /opt/st/stm32cubeide_2.1.0/plugins/com.st.stm32cube.ide.mcu.externaltools.gnu-tools-for-stm32.14.3.rel1.linux64_1.0.100.202602081740/tools/bin/../lib/gcc/arm-none-eabi/14.3.1/thumb/v7e-m+fp/hard/libgcc.a(_dvmd_tls.o)
 .ARM.attributes
                0x00000a34       0x22 /opt/st/stm32cubeide_2.1.0/plugins/com.st.stm32cube.ide.mcu.externaltools.gnu-tools-for-stm32.14.3.rel1.linux64_1.0.100.202602081740/tools/bin/../lib/gcc/arm-none-eabi/14.3.1/thumb/v7e-m+fp/hard/crtn.o
OUTPUT(Fly_Computer_CANSAT_2026.elf elf32-littlearm)
LOAD linker stubs
LOAD /opt/st/stm32cubeide_2.1.0/plugins/com.st.stm32cube.ide.mcu.externaltools.gnu-tools-for-stm32.14.3.rel1.linux64_1.0.100.202602081740/tools/bin/../lib/gcc/arm-none-eabi/14.3.1/../../../../arm-none-eabi/lib/thumb/v7e-m+fp/hard/libc.a
LOAD /opt/st/stm32cubeide_2.1.0/plugins/com.st.stm32cube.ide.mcu.externaltools.gnu-tools-for-stm32.14.3.rel1.linux64_1.0.100.202602081740/tools/bin/../lib/gcc/arm-none-eabi/14.3.1/../../../../arm-none-eabi/lib/thumb/v7e-m+fp/hard/libm.a
LOAD /opt/st/stm32cubeide_2.1.0/plugins/com.st.stm32cube.ide.mcu.externaltools.gnu-tools-for-stm32.14.3.rel1.linux64_1.0.100.202602081740/tools/bin/../lib/gcc/arm-none-eabi/14.3.1/thumb/v7e-m+fp/hard/libgcc.a

.debug_info     0x00000000    0x11742
 .debug_info    0x00000000     0x2d92 ./Core/Src/main.o
 .debug_info    0x00002d92     0x31f8 ./Core/Src/sh2.o
 .debug_info    0x00005f8a     0x182b ./Core/Src/sh2_SensorValue.o
 .debug_info    0x000077b5      0x35f ./Core/Src/sh2_util.o
 .debug_info    0x00007b14      0x7f8 ./Core/Src/shtp.o
 .debug_info    0x0000830c      0xc3a ./Core/Src/stm32f4xx_hal_msp.o
 .debug_info    0x00008f46      0x14a ./Core/Src/stm32f4xx_it.o
 .debug_info    0x00009090      0x6a3 ./Core/Src/syscalls.o
 .debug_info    0x00009733      0x168 ./Core/Src/sysmem.o
 .debug_info    0x0000989b      0x53e ./Core/Src/system_stm32f4xx.o
 .debug_info    0x00009dd9       0x30 ./Core/Startup/startup_stm32f411ceux.o
 .debug_info    0x00009e09      0x8c4 ./Drivers/STM32F4xx_HAL_Driver/Src/stm32f4xx_hal.o
 .debug_info    0x0000a6cd      0xcfc ./Drivers/STM32F4xx_HAL_Driver/Src/stm32f4xx_hal_cortex.o
 .debug_info    0x0000b3c9      0x6f9 ./Drivers/STM32F4xx_HAL_Driver/Src/stm32f4xx_hal_gpio.o
 .debug_info    0x0000bac2     0x2426 ./Drivers/STM32F4xx_HAL_Driver/Src/stm32f4xx_hal_i2c.o
 .debug_info    0x0000dee8      0x904 ./Drivers/STM32F4xx_HAL_Driver/Src/stm32f4xx_hal_rcc.o
 .debug_info    0x0000e7ec     0x2f56 ./Drivers/STM32F4xx_HAL_Driver/Src/stm32f4xx_hal_uart.o

.debug_abbrev   0x00000000     0x2317
 .debug_abbrev  0x00000000      0x4a2 ./Core/Src/main.o
 .debug_abbrev  0x000004a2      0x33e ./Core/Src/sh2.o
 .debug_abbrev  0x000007e0      0x220 ./Core/Src/sh2_SensorValue.o
 .debug_abbrev  0x00000a00       0xd8 ./Core/Src/sh2_util.o
 .debug_abbrev  0x00000ad8      0x27b ./Core/Src/shtp.o
 .debug_abbrev  0x00000d53      0x1ac ./Core/Src/stm32f4xx_hal_msp.o
 .debug_abbrev  0x00000eff       0xa0 ./Core/Src/stm32f4xx_it.o
 .debug_abbrev  0x00000f9f      0x1b6 ./Core/Src/syscalls.o
 .debug_abbrev  0x00001155       0xbc ./Core/Src/sysmem.o
 .debug_abbrev  0x00001211      0x11a ./Core/Src/system_stm32f4xx.o
 .debug_abbrev  0x0000132b       0x24 ./Core/Startup/startup_stm32f411ceux.o
 .debug_abbrev  0x0000134f      0x24b ./Drivers/STM32F4xx_HAL_Driver/Src/stm32f4xx_hal.o
 .debug_abbrev  0x0000159a      0x31d ./Drivers/STM32F4xx_HAL_Driver/Src/stm32f4xx_hal_cortex.o
 .debug_abbrev  0x000018b7      0x1d3 ./Drivers/STM32F4xx_HAL_Driver/Src/stm32f4xx_hal_gpio.o
 .debug_abbrev  0x00001a8a      0x2bc ./Drivers/STM32F4xx_HAL_Driver/Src/stm32f4xx_hal_i2c.o
 .debug_abbrev  0x00001d46      0x2b6 ./Drivers/STM32F4xx_HAL_Driver/Src/stm32f4xx_hal_rcc.o
 .debug_abbrev  0x00001ffc      0x31b ./Drivers/STM32F4xx_HAL_Driver/Src/stm32f4xx_hal_uart.o

.debug_aranges  0x00000000      0xfa0
 .debug_aranges
                0x00000000      0x100 ./Core/Src/main.o
 .debug_aranges
                0x00000100      0x2e0 ./Core/Src/sh2.o
 .debug_aranges
                0x000003e0      0x168 ./Core/Src/sh2_SensorValue.o
 .debug_aranges
                0x00000548       0x78 ./Core/Src/sh2_util.o
 .debug_aranges
                0x000005c0       0x70 ./Core/Src/shtp.o
 .debug_aranges
                0x00000630       0x40 ./Core/Src/stm32f4xx_hal_msp.o
 .debug_aranges
                0x00000670       0x68 ./Core/Src/stm32f4xx_it.o
 .debug_aranges
                0x000006d8       0xa8 ./Core/Src/syscalls.o
 .debug_aranges
                0x00000780       0x20 ./Core/Src/sysmem.o
 .debug_aranges
                0x000007a0       0x28 ./Core/Src/system_stm32f4xx.o
 .debug_aranges
                0x000007c8       0x28 ./Core/Startup/startup_stm32f411ceux.o
 .debug_aranges
                0x000007f0       0xf0 ./Drivers/STM32F4xx_HAL_Driver/Src/stm32f4xx_hal.o
 .debug_aranges
                0x000008e0      0x130 ./Drivers/STM32F4xx_HAL_Driver/Src/stm32f4xx_hal_cortex.o
 .debug_aranges
                0x00000a10       0x58 ./Drivers/STM32F4xx_HAL_Driver/Src/stm32f4xx_hal_gpio.o
 .debug_aranges
                0x00000a68      0x2a8 ./Drivers/STM32F4xx_HAL_Driver/Src/stm32f4xx_hal_i2c.o
 .debug_aranges
                0x00000d10       0x88 ./Drivers/STM32F4xx_HAL_Driver/Src/stm32f4xx_hal_rcc.o
 .debug_aranges
                0x00000d98      0x208 ./Drivers/STM32F4xx_HAL_Driver/Src/stm32f4xx_hal_uart.o

.debug_rnglists
                0x00000000      0xc1b
 .debug_rnglists
                0x00000000       0xc4 ./Core/Src/main.o
 .debug_rnglists
                0x000000c4      0x237 ./Core/Src/sh2.o
 .debug_rnglists
                0x000002fb      0x119 ./Core/Src/sh2_SensorValue.o
 .debug_rnglists
                0x00000414       0x55 ./Core/Src/sh2_util.o
 .debug_rnglists
                0x00000469       0x51 ./Core/Src/shtp.o
 .debug_rnglists
                0x000004ba       0x2d ./Core/Src/stm32f4xx_hal_msp.o
 .debug_rnglists
                0x000004e7       0x49 ./Core/Src/stm32f4xx_it.o
 .debug_rnglists
                0x00000530       0x79 ./Core/Src/syscalls.o
 .debug_rnglists
                0x000005a9       0x13 ./Core/Src/sysmem.o
 .debug_rnglists
                0x000005bc       0x1a ./Core/Src/system_stm32f4xx.o
 .debug_rnglists
                0x000005d6       0x19 ./Core/Startup/startup_stm32f411ceux.o
 .debug_rnglists
                0x000005ef       0xaf ./Drivers/STM32F4xx_HAL_Driver/Src/stm32f4xx_hal.o
 .debug_rnglists
                0x0000069e       0xe0 ./Drivers/STM32F4xx_HAL_Driver/Src/stm32f4xx_hal_cortex.o
 .debug_rnglists
                0x0000077e       0x3f ./Drivers/STM32F4xx_HAL_Driver/Src/stm32f4xx_hal_gpio.o
 .debug_rnglists
                0x000007bd      0x23c ./Drivers/STM32F4xx_HAL_Driver/Src/stm32f4xx_hal_i2c.o
 .debug_rnglists
                0x000009f9       0x66 ./Drivers/STM32F4xx_HAL_Driver/Src/stm32f4xx_hal_rcc.o
 .debug_rnglists
                0x00000a5f      0x1bc ./Drivers/STM32F4xx_HAL_Driver/Src/stm32f4xx_hal_uart.o

.debug_macro    0x00000000    0x161aa
 .debug_macro   0x00000000      0x373 ./Core/Src/main.o
 .debug_macro   0x00000373      0x29b ./Core/Src/main.o
 .debug_macro   0x0000060e       0x2e ./Core/Src/main.o
 .debug_macro   0x0000063c       0x28 ./Core/Src/main.o
 .debug_macro   0x00000664       0x8e ./Core/Src/main.o
 .debug_macro   0x000006f2       0x51 ./Core/Src/main.o
 .debug_macro   0x00000743      0x103 ./Core/Src/main.o
 .debug_macro   0x00000846       0x6a ./Core/Src/main.o
 .debug_macro   0x000008b0      0x1df ./Core/Src/main.o
 .debug_macro   0x00000a8f       0x1c ./Core/Src/main.o
 .debug_macro   0x00000aab       0x22 ./Core/Src/main.o
 .debug_macro   0x00000acd       0xfb ./Core/Src/main.o
 .debug_macro   0x00000bc8     0x1011 ./Core/Src/main.o
 .debug_macro   0x00001bd9      0x11f ./Core/Src/main.o
 .debug_macro   0x00001cf8     0xb968 ./Core/Src/main.o
 .debug_macro   0x0000d660       0x6d ./Core/Src/main.o
 .debug_macro   0x0000d6cd     0x3693 ./Core/Src/main.o
 .debug_macro   0x00010d60       0x5c ./Core/Src/main.o
 .debug_macro   0x00010dbc      0x45c ./Core/Src/main.o
 .debug_macro   0x00011218      0x9e9 ./Core/Src/main.o
 .debug_macro   0x00011c01      0x115 ./Core/Src/main.o
 .debug_macro   0x00011d16      0x11b ./Core/Src/main.o
 .debug_macro   0x00011e31       0xa5 ./Core/Src/main.o
 .debug_macro   0x00011ed6      0x15f ./Core/Src/main.o
 .debug_macro   0x00012035      0x287 ./Core/Src/main.o
 .debug_macro   0x000122bc       0x5f ./Core/Src/main.o
 .debug_macro   0x0001231b      0x236 ./Core/Src/main.o
 .debug_macro   0x00012551      0x132 ./Core/Src/main.o
 .debug_macro   0x00012683      0x264 ./Core/Src/main.o
 .debug_macro   0x000128e7       0x2e ./Core/Src/main.o
 .debug_macro   0x00012915      0x1b5 ./Core/Src/main.o
 .debug_macro   0x00012aca       0x22 ./Core/Src/main.o
 .debug_macro   0x00012aec       0xd6 ./Core/Src/main.o
 .debug_macro   0x00012bc2      0x127 ./Core/Src/main.o
 .debug_macro   0x00012ce9       0x85 ./Core/Src/main.o
 .debug_macro   0x00012d6e       0x89 ./Core/Src/main.o
 .debug_macro   0x00012df7      0x2aa ./Core/Src/main.o
 .debug_macro   0x000130a1      0x126 ./Core/Src/main.o
 .debug_macro   0x000131c7       0x61 ./Core/Src/main.o
 .debug_macro   0x00013228       0x16 ./Core/Src/main.o
 .debug_macro   0x0001323e       0x3c ./Core/Src/main.o
 .debug_macro   0x0001327a       0x10 ./Core/Src/main.o
 .debug_macro   0x0001328a       0x16 ./Core/Src/main.o
 .debug_macro   0x000132a0       0x16 ./Core/Src/main.o
 .debug_macro   0x000132b6      0x146 ./Core/Src/main.o
 .debug_macro   0x000133fc       0x16 ./Core/Src/main.o
 .debug_macro   0x00013412       0x20 ./Core/Src/main.o
 .debug_macro   0x00013432       0x22 ./Core/Src/main.o
 .debug_macro   0x00013454       0x22 ./Core/Src/main.o
 .debug_macro   0x00013476      0x2a9 ./Core/Src/main.o
 .debug_macro   0x0001371f       0xc1 ./Core/Src/main.o
 .debug_macro   0x000137e0      0x422 ./Core/Src/sh2.o
 .debug_macro   0x00013c02       0x34 ./Core/Src/sh2.o
 .debug_macro   0x00013c36       0x10 ./Core/Src/sh2.o
 .debug_macro   0x00013c46       0x10 ./Core/Src/sh2.o
 .debug_macro   0x00013c56       0x1c ./Core/Src/sh2.o
 .debug_macro   0x00013c72       0x1c ./Core/Src/sh2.o
 .debug_macro   0x00013c8e      0x188 ./Core/Src/sh2_SensorValue.o
 .debug_macro   0x00013e16       0x9e ./Core/Src/sh2_SensorValue.o
 .debug_macro   0x00013eb4      0x112 ./Core/Src/sh2_SensorValue.o
 .debug_macro   0x00013fc6       0x73 ./Core/Src/sh2_util.o
 .debug_macro   0x00014039      0x16d ./Core/Src/shtp.o
 .debug_macro   0x000141a6      0x1dd ./Core/Src/stm32f4xx_hal_msp.o
 .debug_macro   0x00014383      0x1e7 ./Core/Src/stm32f4xx_it.o
 .debug_macro   0x0001456a      0x274 ./Core/Src/syscalls.o
 .debug_macro   0x000147de       0x10 ./Core/Src/syscalls.o
 .debug_macro   0x000147ee       0x10 ./Core/Src/syscalls.o
 .debug_macro   0x000147fe       0x10 ./Core/Src/syscalls.o
 .debug_macro   0x0001480e       0x10 ./Core/Src/syscalls.o
 .debug_macro   0x0001481e       0x1c ./Core/Src/syscalls.o
 .debug_macro   0x0001483a       0x52 ./Core/Src/syscalls.o
 .debug_macro   0x0001488c       0x22 ./Core/Src/syscalls.o
 .debug_macro   0x000148ae       0x10 ./Core/Src/syscalls.o
 .debug_macro   0x000148be       0x52 ./Core/Src/syscalls.o
 .debug_macro   0x00014910       0xcf ./Core/Src/syscalls.o
 .debug_macro   0x000149df       0x1c ./Core/Src/syscalls.o
 .debug_macro   0x000149fb       0x3d ./Core/Src/syscalls.o
 .debug_macro   0x00014a38       0x35 ./Core/Src/syscalls.o
 .debug_macro   0x00014a6d      0x12c ./Core/Src/syscalls.o
 .debug_macro   0x00014b99       0x16 ./Core/Src/syscalls.o
 .debug_macro   0x00014baf       0x16 ./Core/Src/syscalls.o
 .debug_macro   0x00014bc5       0x29 ./Core/Src/syscalls.o
 .debug_macro   0x00014bee       0x10 ./Core/Src/syscalls.o
 .debug_macro   0x00014bfe      0x242 ./Core/Src/syscalls.o
 .debug_macro   0x00014e40       0x10 ./Core/Src/syscalls.o
 .debug_macro   0x00014e50      0x18a ./Core/Src/syscalls.o
 .debug_macro   0x00014fda       0x16 ./Core/Src/syscalls.o
 .debug_macro   0x00014ff0       0xce ./Core/Src/syscalls.o
 .debug_macro   0x000150be      0x112 ./Core/Src/sysmem.o
 .debug_macro   0x000151d0      0x23c ./Core/Src/sysmem.o
 .debug_macro   0x0001540c      0x1d3 ./Core/Src/system_stm32f4xx.o
 .debug_macro   0x000155df      0x233 ./Drivers/STM32F4xx_HAL_Driver/Src/stm32f4xx_hal.o
 .debug_macro   0x00015812      0x1d3 ./Drivers/STM32F4xx_HAL_Driver/Src/stm32f4xx_hal_cortex.o
 .debug_macro   0x000159e5      0x1d9 ./Drivers/STM32F4xx_HAL_Driver/Src/stm32f4xx_hal_gpio.o
 .debug_macro   0x00015bbe      0x221 ./Drivers/STM32F4xx_HAL_Driver/Src/stm32f4xx_hal_i2c.o
 .debug_macro   0x00015ddf      0x1f7 ./Drivers/STM32F4xx_HAL_Driver/Src/stm32f4xx_hal_rcc.o
 .debug_macro   0x00015fd6      0x1d4 ./Drivers/STM32F4xx_HAL_Driver/Src/stm32f4xx_hal_uart.o

.debug_line     0x00000000     0xfb2d
 .debug_line    0x00000000     0x10f4 ./Core/Src/main.o
 .debug_line    0x000010f4     0x1b7c ./Core/Src/sh2.o
 .debug_line    0x00002c70     0x117f ./Core/Src/sh2_SensorValue.o
 .debug_line    0x00003def      0x540 ./Core/Src/sh2_util.o
 .debug_line    0x0000432f      0x863 ./Core/Src/shtp.o
 .debug_line    0x00004b92      0x72a ./Core/Src/stm32f4xx_hal_msp.o
 .debug_line    0x000052bc      0x756 ./Core/Src/stm32f4xx_it.o
 .debug_line    0x00005a12      0x7e6 ./Core/Src/syscalls.o
 .debug_line    0x000061f8      0x4c2 ./Core/Src/sysmem.o
 .debug_line    0x000066ba      0x705 ./Core/Src/system_stm32f4xx.o
 .debug_line    0x00006dbf       0x7a ./Core/Startup/startup_stm32f411ceux.o
 .debug_line    0x00006e39      0x984 ./Drivers/STM32F4xx_HAL_Driver/Src/stm32f4xx_hal.o
 .debug_line    0x000077bd      0xc51 ./Drivers/STM32F4xx_HAL_Driver/Src/stm32f4xx_hal_cortex.o
 .debug_line    0x0000840e      0xa9a ./Drivers/STM32F4xx_HAL_Driver/Src/stm32f4xx_hal_gpio.o
 .debug_line    0x00008ea8     0x3a2e ./Drivers/STM32F4xx_HAL_Driver/Src/stm32f4xx_hal_i2c.o
 .debug_line    0x0000c8d6      0xd8e ./Drivers/STM32F4xx_HAL_Driver/Src/stm32f4xx_hal_rcc.o
 .debug_line    0x0000d664     0x24c9 ./Drivers/STM32F4xx_HAL_Driver/Src/stm32f4xx_hal_uart.o

.debug_str      0x00000000    0x8e5ae
 .debug_str     0x00000000    0x8e5ae ./Core/Src/main.o
                              0x885ad (size before relaxing)
 .debug_str     0x0008e5ae     0xab17 ./Core/Src/sh2.o
 .debug_str     0x0008e5ae     0x9b9c ./Core/Src/sh2_SensorValue.o
 .debug_str     0x0008e5ae     0x3ed0 ./Core/Src/sh2_util.o
 .debug_str     0x0008e5ae     0x77dc ./Core/Src/shtp.o
 .debug_str     0x0008e5ae    0x82251 ./Core/Src/stm32f4xx_hal_msp.o
 .debug_str     0x0008e5ae    0x81a49 ./Core/Src/stm32f4xx_it.o
 .debug_str     0x0008e5ae     0x9994 ./Core/Src/syscalls.o
 .debug_str     0x0008e5ae     0x773e ./Core/Src/sysmem.o
 .debug_str     0x0008e5ae    0x81b45 ./Core/Src/system_stm32f4xx.o
 .debug_str     0x0008e5ae       0xb6 ./Core/Startup/startup_stm32f411ceux.o
 .debug_str     0x0008e5ae    0x82571 ./Drivers/STM32F4xx_HAL_Driver/Src/stm32f4xx_hal.o
 .debug_str     0x0008e5ae    0x822db ./Drivers/STM32F4xx_HAL_Driver/Src/stm32f4xx_hal_cortex.o
 .debug_str     0x0008e5ae    0x81cc0 ./Drivers/STM32F4xx_HAL_Driver/Src/stm32f4xx_hal_gpio.o
 .debug_str     0x0008e5ae    0x82b56 ./Drivers/STM32F4xx_HAL_Driver/Src/stm32f4xx_hal_i2c.o
 .debug_str     0x0008e5ae    0x81f79 ./Drivers/STM32F4xx_HAL_Driver/Src/stm32f4xx_hal_rcc.o
 .debug_str     0x0008e5ae    0x82548 ./Drivers/STM32F4xx_HAL_Driver/Src/stm32f4xx_hal_uart.o

.comment        0x00000000       0x43
 .comment       0x00000000       0x43 ./Core/Src/main.o
                                 0x44 (size before relaxing)
 .comment       0x00000043       0x44 ./Core/Src/sh2.o
 .comment       0x00000043       0x44 ./Core/Src/sh2_SensorValue.o
 .comment       0x00000043       0x44 ./Core/Src/sh2_util.o
 .comment       0x00000043       0x44 ./Core/Src/shtp.o
 .comment       0x00000043       0x44 ./Core/Src/stm32f4xx_hal_msp.o
 .comment       0x00000043       0x44 ./Core/Src/stm32f4xx_it.o
 .comment       0x00000043       0x44 ./Core/Src/syscalls.o
 .comment       0x00000043       0x44 ./Core/Src/sysmem.o
 .comment       0x00000043       0x44 ./Core/Src/system_stm32f4xx.o
 .comment       0x00000043       0x44 ./Drivers/STM32F4xx_HAL_Driver/Src/stm32f4xx_hal.o
 .comment       0x00000043       0x44 ./Drivers/STM32F4xx_HAL_Driver/Src/stm32f4xx_hal_cortex.o
 .comment       0x00000043       0x44 ./Drivers/STM32F4xx_HAL_Driver/Src/stm32f4xx_hal_gpio.o
 .comment       0x00000043       0x44 ./Drivers/STM32F4xx_HAL_Driver/Src/stm32f4xx_hal_i2c.o
 .comment       0x00000043       0x44 ./Drivers/STM32F4xx_HAL_Driver/Src/stm32f4xx_hal_rcc.o
 .comment       0x00000043       0x44 ./Drivers/STM32F4xx_HAL_Driver/Src/stm32f4xx_hal_uart.o

.debug_frame    0x00000000     0x47f8
 .debug_frame   0x00000000      0x3f8 ./Core/Src/main.o
 .debug_frame   0x000003f8      0xcc4 ./Core/Src/sh2.o
 .debug_frame   0x000010bc      0x5fc ./Core/Src/sh2_SensorValue.o
 .debug_frame   0x000016b8      0x1c0 ./Core/Src/sh2_util.o
 .debug_frame   0x00001878      0x1a8 ./Core/Src/shtp.o
 .debug_frame   0x00001a20       0xc4 ./Core/Src/stm32f4xx_hal_msp.o
 .debug_frame   0x00001ae4      0x114 ./Core/Src/stm32f4xx_it.o
 .debug_frame   0x00001bf8      0x288 ./Core/Src/syscalls.o
 .debug_frame   0x00001e80       0x34 ./Core/Src/sysmem.o
 .debug_frame   0x00001eb4       0x50 ./Core/Src/system_stm32f4xx.o
 .debug_frame   0x00001f04      0x31c ./Drivers/STM32F4xx_HAL_Driver/Src/stm32f4xx_hal.o
 .debug_frame   0x00002220      0x4b8 ./Drivers/STM32F4xx_HAL_Driver/Src/stm32f4xx_hal_cortex.o
 .debug_frame   0x000026d8      0x130 ./Drivers/STM32F4xx_HAL_Driver/Src/stm32f4xx_hal_gpio.o
 .debug_frame   0x00002808      0xbf4 ./Drivers/STM32F4xx_HAL_Driver/Src/stm32f4xx_hal_i2c.o
 .debug_frame   0x000033fc      0x1d8 ./Drivers/STM32F4xx_HAL_Driver/Src/stm32f4xx_hal_rcc.o
 .debug_frame   0x000035d4      0x8ec ./Drivers/STM32F4xx_HAL_Driver/Src/stm32f4xx_hal_uart.o