Archive member included to satisfy reference by file (symbol)

C:/ST/STM32CubeIDE_1.18.0/STM32CubeIDE/plugins/com.st.stm32cube.ide.mcu.externaltools.gnu-tools-for-stm32.13.3.rel1.win32_1.0.0.202411081344/tools/bin/../lib/gcc/arm-none-eabi/13.3.1/../../../../arm-none-eabi/lib/thumb/v7e-m+fp/hard\libc_nano.a(libc_a-exit.o)
                              C:/ST/STM32CubeIDE_1.18.0/STM32CubeIDE/plugins/com.st.stm32cube.ide.mcu.externaltools.gnu-tools-for-stm32.13.3.rel1.win32_1.0.0.202411081344/tools/bin/../lib/gcc/arm-none-eabi/13.3.1/../../../../arm-none-eabi/lib/thumb/v7e-m+fp/hard/crt0.o (exit)
C:/ST/STM32CubeIDE_1.18.0/STM32CubeIDE/plugins/com.st.stm32cube.ide.mcu.externaltools.gnu-tools-for-stm32.13.3.rel1.win32_1.0.0.202411081344/tools/bin/../lib/gcc/arm-none-eabi/13.3.1/../../../../arm-none-eabi/lib/thumb/v7e-m+fp/hard\libc_nano.a(libc_a-findfp.o)
                              C:/ST/STM32CubeIDE_1.18.0/STM32CubeIDE/plugins/com.st.stm32cube.ide.mcu.externaltools.gnu-tools-for-stm32.13.3.rel1.win32_1.0.0.202411081344/tools/bin/../lib/gcc/arm-none-eabi/13.3.1/../../../../arm-none-eabi/lib/thumb/v7e-m+fp/hard\libc_nano.a(libc_a-exit.o) (__stdio_exit_handler)
C:/ST/STM32CubeIDE_1.18.0/STM32CubeIDE/plugins/com.st.stm32cube.ide.mcu.externaltools.gnu-tools-for-stm32.13.3.rel1.win32_1.0.0.202411081344/tools/bin/../lib/gcc/arm-none-eabi/13.3.1/../../../../arm-none-eabi/lib/thumb/v7e-m+fp/hard\libc_nano.a(libc_a-fwalk.o)
                              C:/ST/STM32CubeIDE_1.18.0/STM32CubeIDE/plugins/com.st.stm32cube.ide.mcu.externaltools.gnu-tools-for-stm32.13.3.rel1.win32_1.0.0.202411081344/tools/bin/../lib/gcc/arm-none-eabi/13.3.1/../../../../arm-none-eabi/lib/thumb/v7e-m+fp/hard\libc_nano.a(libc_a-findfp.o) (_fwalk_sglue)
C:/ST/STM32CubeIDE_1.18.0/STM32CubeIDE/plugins/com.st.stm32cube.ide.mcu.externaltools.gnu-tools-for-stm32.13.3.rel1.win32_1.0.0.202411081344/tools/bin/../lib/gcc/arm-none-eabi/13.3.1/../../../../arm-none-eabi/lib/thumb/v7e-m+fp/hard\libc_nano.a(libc_a-printf.o)
                              ./Core/Src/main.o (printf)
C:/ST/STM32CubeIDE_1.18.0/STM32CubeIDE/plugins/com.st.stm32cube.ide.mcu.externaltools.gnu-tools-for-stm32.13.3.rel1.win32_1.0.0.202411081344/tools/bin/../lib/gcc/arm-none-eabi/13.3.1/../../../../arm-none-eabi/lib/thumb/v7e-m+fp/hard\libc_nano.a(libc_a-puts.o)
                              ./Core/Src/main.o (puts)
C:/ST/STM32CubeIDE_1.18.0/STM32CubeIDE/plugins/com.st.stm32cube.ide.mcu.externaltools.gnu-tools-for-stm32.13.3.rel1.win32_1.0.0.202411081344/tools/bin/../lib/gcc/arm-none-eabi/13.3.1/../../../../arm-none-eabi/lib/thumb/v7e-m+fp/hard\libc_nano.a(libc_a-stdio.o)
                              C:/ST/STM32CubeIDE_1.18.0/STM32CubeIDE/plugins/com.st.stm32cube.ide.mcu.externaltools.gnu-tools-for-stm32.13.3.rel1.win32_1.0.0.202411081344/tools/bin/../lib/gcc/arm-none-eabi/13.3.1/../../../../arm-none-eabi/lib/thumb/v7e-m+fp/hard\libc_nano.a(libc_a-findfp.o) (__sread)
C:/ST/STM32CubeIDE_1.18.0/STM32CubeIDE/plugins/com.st.stm32cube.ide.mcu.externaltools.gnu-tools-for-stm32.13.3.rel1.win32_1.0.0.202411081344/tools/bin/../lib/gcc/arm-none-eabi/13.3.1/../../../../arm-none-eabi/lib/thumb/v7e-m+fp/hard\libc_nano.a(libc_a-wbuf.o)
                              C:/ST/STM32CubeIDE_1.18.0/STM32CubeIDE/plugins/com.st.stm32cube.ide.mcu.externaltools.gnu-tools-for-stm32.13.3.rel1.win32_1.0.0.202411081344/tools/bin/../lib/gcc/arm-none-eabi/13.3.1/../../../../arm-none-eabi/lib/thumb/v7e-m+fp/hard\libc_nano.a(libc_a-puts.o) (__swbuf_r)
C:/ST/STM32CubeIDE_1.18.0/STM32CubeIDE/plugins/com.st.stm32cube.ide.mcu.externaltools.gnu-tools-for-stm32.13.3.rel1.win32_1.0.0.202411081344/tools/bin/../lib/gcc/arm-none-eabi/13.3.1/../../../../arm-none-eabi/lib/thumb/v7e-m+fp/hard\libc_nano.a(libc_a-wsetup.o)
                              C:/ST/STM32CubeIDE_1.18.0/STM32CubeIDE/plugins/com.st.stm32cube.ide.mcu.externaltools.gnu-tools-for-stm32.13.3.rel1.win32_1.0.0.202411081344/tools/bin/../lib/gcc/arm-none-eabi/13.3.1/../../../../arm-none-eabi/lib/thumb/v7e-m+fp/hard\libc_nano.a(libc_a-puts.o) (__swsetup_r)
C:/ST/STM32CubeIDE_1.18.0/STM32CubeIDE/plugins/com.st.stm32cube.ide.mcu.externaltools.gnu-tools-for-stm32.13.3.rel1.win32_1.0.0.202411081344/tools/bin/../lib/gcc/arm-none-eabi/13.3.1/../../../../arm-none-eabi/lib/thumb/v7e-m+fp/hard\libc_nano.a(libc_a-memset.o)
                              C:/ST/STM32CubeIDE_1.18.0/STM32CubeIDE/plugins/com.st.stm32cube.ide.mcu.externaltools.gnu-tools-for-stm32.13.3.rel1.win32_1.0.0.202411081344/tools/bin/../lib/gcc/arm-none-eabi/13.3.1/../../../../arm-none-eabi/lib/thumb/v7e-m+fp/hard/crt0.o (memset)
C:/ST/STM32CubeIDE_1.18.0/STM32CubeIDE/plugins/com.st.stm32cube.ide.mcu.externaltools.gnu-tools-for-stm32.13.3.rel1.win32_1.0.0.202411081344/tools/bin/../lib/gcc/arm-none-eabi/13.3.1/../../../../arm-none-eabi/lib/thumb/v7e-m+fp/hard\libc_nano.a(libc_a-closer.o)
[...]
Memory Configuration

Name             Origin             Length             Attributes
RAM              0x20000000         0x00020000         xrw
FLASH            0x08000000         0x00080000         xr
*default*        0x00000000         0xffffffff

Linker script and memory map

LOAD C:/ST/STM32CubeIDE_1.18.0/STM32CubeIDE/plugins/com.st.stm32cube.ide.mcu.externaltools.gnu-tools-for-stm32.13.3.rel1.win32_1.0.0.202411081344/tools/bin/../lib/gcc/arm-none-eabi/13.3.1/thumb/v7e-m+fp/hard/crti.o
LOAD C:/ST/STM32CubeIDE_1.18.0/STM32CubeIDE/plugins/com.st.stm32cube.ide.mcu.externaltools.gnu-tools-for-stm32.13.3.rel1.win32_1.0.0.202411081344/tools/bin/../lib/gcc/arm-none-eabi/13.3.1/thumb/v7e-m+fp/hard/crtbegin.o
LOAD C:/ST/STM32CubeIDE_1.18.0/STM32CubeIDE/plugins/com.st.stm32cube.ide.mcu.externaltools.gnu-tools-for-stm32.13.3.rel1.win32_1.0.0.202411081344/tools/bin/../lib/gcc/arm-none-eabi/13.3.1/../../../../arm-none-eabi/lib/thumb/v7e-m+fp/hard/crt0.o
LOAD ./Core/Src/euler.o
LOAD ./Core/Src/main.o
LOAD ./Core/Src/sh2.o
LOAD ./Core/Src/sh2_SensorValue.o
LOAD ./Core/Src/sh2_util.o
LOAD ./Core/Src/shtp.o
LOAD ./Core/Src/stm32f4xx_hal_msp.o
LOAD ./Core/Src/stm32f4xx_it.o
LOAD ./Core/Src/syscalls.o
LOAD ./Core/Src/sysmem.o
LOAD ./Core/Src/system_stm32f4xx.o
LOAD ./Core/Startup/startup_stm32f411ceux.o
LOAD ./Drivers/STM32F4xx_HAL_Driver/Src/stm32f4xx_hal.o
LOAD ./Drivers/STM32F4xx_HAL_Driver/Src/stm32f4xx_hal_cortex.o
LOAD ./Drivers/STM32F4xx_HAL_Driver/Src/stm32f4xx_hal_dma.o
LOAD ./Drivers/STM32F4xx_HAL_Driver/Src/stm32f4xx_hal_dma_ex.o
LOAD ./Drivers/STM32F4xx_HAL_Driver/Src/stm32f4xx_hal_exti.o
LOAD ./Drivers/STM32F4xx_HAL_Driver/Src/stm32f4xx_hal_flash.o
LOAD ./Drivers/STM32F4xx_HAL_Driver/Src/stm32f4xx_hal_flash_ex.o
LOAD ./Drivers/STM32F4xx_HAL_Driver/Src/stm32f4xx_hal_flash_ramfunc.o
LOAD ./Drivers/STM32F4xx_HAL_Driver/Src/stm32f4xx_hal_gpio.o
LOAD ./Drivers/STM32F4xx_HAL_Driver/Src/stm32f4xx_hal_i2c.o
LOAD ./Drivers/STM32F4xx_HAL_Driver/Src/stm32f4xx_hal_i2c_ex.o
LOAD ./Drivers/STM32F4xx_HAL_Driver/Src/stm32f4xx_hal_pwr.o
LOAD ./Drivers/STM32F4xx_HAL_Driver/Src/stm32f4xx_hal_pwr_ex.o
LOAD ./Drivers/STM32F4xx_HAL_Driver/Src/stm32f4xx_hal_rcc.o
LOAD ./Drivers/STM32F4xx_HAL_Driver/Src/stm32f4xx_hal_rcc_ex.o
LOAD ./Drivers/STM32F4xx_HAL_Driver/Src/stm32f4xx_hal_uart.o
START GROUP
LOAD C:/ST/STM32CubeIDE_1.18.0/STM32CubeIDE/plugins/com.st.stm32cube.ide.mcu.externaltools.gnu-tools-for-stm32.13.3.rel1.win32_1.0.0.202411081344/tools/bin/../lib/gcc/arm-none-eabi/13.3.1/../../../../arm-none-eabi/lib/thumb/v7e-m+fp/hard\libc_nano.a
LOAD C:/ST/STM32CubeIDE_1.18.0/STM32CubeIDE/plugins/com.st.stm32cube.ide.mcu.externaltools.gnu-tools-for-stm32.13.3.rel1.win32_1.0.0.202411081344/tools/bin/../lib/gcc/arm-none-eabi/13.3.1/../../../../arm-none-eabi/lib/thumb/v7e-m+fp/hard\libm.a
END GROUP
START GROUP
LOAD C:/ST/STM32CubeIDE_1.18.0/STM32CubeIDE/plugins/com.st.stm32cube.ide.mcu.externaltools.gnu-tools-for-stm32.13.3.rel1.win32_1.0.0.202411081344/tools/bin/../lib/gcc/arm-none-eabi/13.3.1/thumb/v7e-m+fp/hard\libgcc.a
LOAD C:/ST/STM32CubeIDE_1.18.0/STM32CubeIDE/plugins/com.st.stm32cube.ide.mcu.externaltools.gnu-tools-for-stm32.13.3.rel1.win32_1.0.0.202411081344/tools/bin/../lib/gcc/arm-none-eabi/13.3.1/../../../../arm-none-eabi/lib/thumb/v7e-m+fp/hard\libc_nano.a
END GROUP
START GROUP
LOAD C:/ST/STM32CubeIDE_1.18.0/STM32CubeIDE/plugins/com.st.stm32cube.ide.mcu.externaltools.gnu-tools-for-stm32.13.3.rel1.win32_1.0.0.202411081344/tools/bin/../lib/gcc/arm-none-eabi/13.3.1/thumb/v7e-m+fp/hard\libgcc.a
LOAD C:/ST/STM32CubeIDE_1.18.0/STM32CubeIDE/plugins/com.st.stm32cube.ide.mcu.externaltools.gnu-tools-for-stm32.13.3.rel1.win32_1.0.0.202411081344/tools/bin/../lib/gcc/arm-none-eabi/13.3.1/../../../../arm-none-eabi/lib/thumb/v7e-m+fp/hard\libc_nano.a
LOAD C:/ST/STM32CubeIDE_1.18.0/STM32CubeIDE/plugins/com.st.stm32cube.ide.mcu.externaltools.gnu-tools-for-stm32.13.3.rel1.win32_1.0.0.202411081344/tools/bin/../lib/gcc/arm-none-eabi/13.3.1/../../../../arm-none-eabi/lib/thumb/v7e-m+fp/hard\libnosys.a
END GROUP
START GROUP
LOAD C:/ST/STM32CubeIDE_1.18.0/STM32CubeIDE/plugins/com.st.stm32cube.ide.mcu.externaltools.gnu-tools-for-stm32.13.3.rel1.win32_1.0.0.202411081344/tools/bin/../lib/gcc/arm-none-eabi/13.3.1/thumb/v7e-m+fp/hard\libgcc.a
LOAD C:/ST/STM32CubeIDE_1.18.0/STM32CubeIDE/plugins/com.st.stm32cube.ide.mcu.externaltools.gnu-tools-for-stm32.13.3.rel1.win32_1.0.0.202411081344/tools/bin/../lib/gcc/arm-none-eabi/13.3.1/../../../../arm-none-eabi/lib/thumb/v7e-m+fp/hard\libc_nano.a
LOAD C:/ST/STM32CubeIDE_1.18.0/STM32CubeIDE/plugins/com.st.stm32cube.ide.mcu.externaltools.gnu-tools-for-stm32.13.3.rel1.win32_1.0.0.202411081344/tools/bin/../lib/gcc/arm-none-eabi/13.3.1/../../../../arm-none-eabi/lib/thumb/v7e-m+fp/hard\libnosys.a
END GROUP
LOAD C:/ST/STM32CubeIDE_1.18.0/STM32CubeIDE/plugins/com.st.stm32cube.ide.mcu.externaltools.gnu-tools-for-stm32.13.3.rel1.win32_1.0.0.202411081344/tools/bin/../lib/gcc/arm-none-eabi/13.3.1/thumb/v7e-m+fp/hard/crtend.o
LOAD C:/ST/STM32CubeIDE_1.18.0/STM32CubeIDE/plugins/com.st.stm32cube.ide.mcu.externaltools.gnu-tools-for-stm32.13.3.rel1.win32_1.0.0.202411081344/tools/bin/../lib/gcc/arm-none-eabi/13.3.1/thumb/v7e-m+fp/hard/crtn.o
                0x20020000                        _estack = (ORIGIN (RAM) + LENGTH (RAM))
                0x00000200                        _Min_Heap_Size = 0x200
                0x00000400                        _Min_Stack_Size = 0x400

.isr_vector     0x08000000      0x198
                0x08000000                        . = ALIGN (0x4)
 *(.isr_vector)
 .isr_vector    0x08000000      0x198 ./Core/Startup/startup_stm32f411ceux.o
                0x08000000                g_pfnVectors
                0x08000198                        . = ALIGN (0x4)

.text           0x080001a0     0x777c
                0x080001a0                        . = ALIGN (0x4)
 *(.text)
 .text          0x080001a0       0x40 C:/ST/STM32CubeIDE_1.18.0/STM32CubeIDE/plugins/com.st.stm32cube.ide.mcu.externaltools.gnu-tools-for-stm32.13.3.rel1.win32_1.0.0.202411081344/tools/bin/../lib/gcc/arm-none-eabi/13.3.1/thumb/v7e-m+fp/hard/crtbegin.o
 .text          0x080001e0       0xa0 C:/ST/STM32CubeIDE_1.18.0/STM32CubeIDE/plugins/com.st.stm32cube.ide.mcu.externaltools.gnu-tools-for-stm32.13.3.rel1.win32_1.0.0.202411081344/tools/bin/../lib/gcc/arm-none-eabi/13.3.1/../../../../arm-none-eabi/lib/thumb/v7e-m+fp/hard\libc_nano.a(libc_a-memchr.o)
                0x080001e0                memchr
 .text          0x08000280       0xa0 C:/ST/STM32CubeIDE_1.18.0/STM32CubeIDE/plugins/com.st.stm32cube.ide.mcu.externaltools.gnu-tools-for-stm32.13.3.rel1.win32_1.0.0.202411081344/tools/bin/../lib/gcc/arm-none-eabi/13.3.1/thumb/v7e-m+fp/hard\libgcc.a(_aeabi_ldivmod.o)
                0x08000280                __aeabi_ldivmod
 .text          0x08000320       0x30 C:/ST/STM32CubeIDE_1.18.0/STM32CubeIDE/plugins/com.st.stm32cube.ide.mcu.externaltools.gnu-tools-for-stm32.13.3.rel1.win32_1.0.0.202411081344/tools/bin/../lib/gcc/arm-none-eabi/13.3.1/thumb/v7e-m+fp/hard\libgcc.a(_aeabi_uldivmod.o)
                0x08000320                __aeabi_uldivmod
 .text          0x08000350      0x2f8 C:/ST/STM32CubeIDE_1.18.0/STM32CubeIDE/plugins/com.st.stm32cube.ide.mcu.externaltools.gnu-tools-for-stm32.13.3.rel1.win32_1.0.0.202411081344/tools/bin/../lib/gcc/arm-none-eabi/13.3.1/thumb/v7e-m+fp/hard\libgcc.a(_udivmoddi4.o)
                0x08000350                __udivmoddi4
 .text          0x08000648        0x4 C:/ST/STM32CubeIDE_1.18.0/STM32CubeIDE/plugins/com.st.stm32cube.ide.mcu.externaltools.gnu-tools-for-stm32.13.3.rel1.win32_1.0.0.202411081344/tools/bin/../lib/gcc/arm-none-eabi/13.3.1/thumb/v7e-m+fp/hard\libgcc.a(_dvmd_tls.o)
                0x08000648                __aeabi_idiv0
                0x08000648                __aeabi_ldiv0
 *(.text*)
 .text.sh2_event_cb
                0x0800064c       0x16 ./Core/Src/main.o
 *fill*         0x08000662        0x2 
 .text.sh2_sensor_cb
                0x08000664       0x7c ./Core/Src/main.o
 .text.dwt_init
                0x080006e0       0x34 ./Core/Src/main.o
 .text.micros32
                0x08000714       0x30 ./Core/Src/main.o
 .text.sh2hal_open
                0x08000744       0x48 ./Core/Src/main.o
 .text.sh2hal_close
                0x0800078c       0x20 ./Core/Src/main.o
 .text.sh2hal_read
                0x080007ac      0x120 ./Core/Src/main.o
 .text.sh2hal_write
                0x080008cc       0x38 ./Core/Src/main.o
 .text.sh2hal_getTimeUs
                0x08000904       0x16 ./Core/Src/main.o
 *fill*         0x0800091a        0x2 
 .text.bno085_notify_int
                0x0800091c       0x20 ./Core/Src/main.o
                0x0800091c                bno085_notify_int
 .text._write   0x0800093c       0x2c ./Core/Src/main.o
                0x0800093c                _write
 .text.i2c_wr   0x08000968       0x64 ./Core/Src/main.o
 .text.i2c_rd   0x080009cc       0x5c ./Core/Src/main.o
 .text.i2c_scan
                0x08000a28       0x58 ./Core/Src/main.o
 .text.bme280_read_calib
                0x08000a80      0x19c ./Core/Src/main.o
 .text.bme280_init
                0x08000c1c       0xa0 ./Core/Src/main.o
 .text.bme280_comp_T
                0x08000cbc       0x74 ./Core/Src/main.o
 .text.bme280_comp_P
                0x08000d30      0x580 ./Core/Src/main.o
 .text.bme280_comp_H
                0x080012b0       0xc0 ./Core/Src/main.o
 .text.bme280_read
                0x08001370       0x94 ./Core/Src/main.o
 .text.main     0x08001404       0xf8 ./Core/Src/main.o
                0x08001404                main
 .text.SystemClock_Config
                0x080014fc       0xd0 ./Core/Src/main.o
                0x080014fc                SystemClock_Config
 .text.MX_I2C1_Init
                0x080015cc       0x5c ./Core/Src/main.o
 .text.MX_USART2_UART_Init
                0x08001628       0x54 ./Core/Src/main.o
 .text.MX_GPIO_Init
                0x0800167c       0xb4 ./Core/Src/main.o
 .text.HAL_GPIO_EXTI_Callback
                0x08001730       0x28 ./Core/Src/main.o
                0x08001730                HAL_GPIO_EXTI_Callback
 .text.Error_Handler
                0x08001758        0xc ./Core/Src/main.o
                0x08001758                Error_Handler
 .text.opStart  0x08001764       0x4a ./Core/Src/sh2.o
 .text.opRx     0x080017ae       0x36 ./Core/Src/sh2.o
 .text.opCompleted
                0x080017e4       0x24 ./Core/Src/sh2.o
 .text.opOnReset
                0x08001808       0x38 ./Core/Src/sh2.o
 .text.getReportLen
                0x08001840       0x48 ./Core/Src/sh2.o
 .text.sensorhubControlHdlr
                0x08001888      0x164 ./Core/Src/sh2.o
 .text.opProcess
                0x080019ec       0xa8 ./Core/Src/sh2.o
 .text.touSTimestamp
                0x08001a94       0x88 ./Core/Src/sh2.o
 .text.sensorhubInputHdlr
                0x08001b1c      0x160 ./Core/Src/sh2.o
 .text.sensorhubInputNormalHdlr
                0x08001c7c       0x28 ./Core/Src/sh2.o
 .text.sensorhubInputWakeHdlr
                0x08001ca4       0x28 ./Core/Src/sh2.o
 .text.sensorhubInputGyroRvHdlr
                0x08001ccc       0xa2 ./Core/Src/sh2.o
 *fill*         0x08001d6e        0x2 
 .text.executableDeviceHdlr
                0x08001d70       0x78 ./Core/Src/sh2.o
 .text.sendCtrl
                0x08001de8       0x26 ./Core/Src/sh2.o
 .text.setSensorConfigStart
                0x08001e0e       0xda ./Core/Src/sh2.o
 .text.shtpEventCallback
                0x08001ee8       0x44 ./Core/Src/sh2.o
 .text.sh2_open
                0x08001f2c      0x134 ./Core/Src/sh2.o
                0x08001f2c                sh2_open
 .text.sh2_service
                0x08002060       0x28 ./Core/Src/sh2.o
                0x08002060                sh2_service
 .text.sh2_setSensorCallback
                0x08002088       0x2c ./Core/Src/sh2.o
                0x08002088                sh2_setSensorCallback
 .text.sh2_setSensorConfig
                0x080020b4       0x54 ./Core/Src/sh2.o
                0x080020b4                sh2_setSensorConfig
 .text.sh2_decodeSensorEvent
                0x08002108      0x318 ./Core/Src/sh2_SensorValue.o
                0x08002108                sh2_decodeSensorEvent
 .text.decodeRawAccelerometer
                0x08002420       0x5c ./Core/Src/sh2_SensorValue.o
 .text.decodeAccelerometer
                0x0800247c       0x80 ./Core/Src/sh2_SensorValue.o
 .text.decodeLinearAcceleration
                0x080024fc       0x80 ./Core/Src/sh2_SensorValue.o
 .text.decodeGravity
                0x0800257c       0x80 ./Core/Src/sh2_SensorValue.o
 .text.decodeRawGyroscope
                0x080025fc       0x6e ./Core/Src/sh2_SensorValue.o
 *fill*         0x0800266a        0x2 
 .text.decodeGyroscopeCalibrated
                0x0800266c       0x80 ./Core/Src/sh2_SensorValue.o
 .text.decodeGyroscopeUncal
                0x080026ec       0xe4 ./Core/Src/sh2_SensorValue.o
 .text.decodeRawMagnetometer
                0x080027d0       0x5c ./Core/Src/sh2_SensorValue.o
 .text.decodeMagneticFieldCalibrated
                0x0800282c       0x80 ./Core/Src/sh2_SensorValue.o
 .text.decodeMagneticFieldUncal
                0x080028ac       0xe4 ./Core/Src/sh2_SensorValue.o
 .text.decodeRotationVector
                0x08002990       0xc8 ./Core/Src/sh2_SensorValue.o
 .text.decodeGameRotationVector
                0x08002a58       0xa0 ./Core/Src/sh2_SensorValue.o
 .text.decodeGeomagneticRotationVector
                0x08002af8       0xc8 ./Core/Src/sh2_SensorValue.o
 .text.decodePressure
                0x08002bc0       0x38 ./Core/Src/sh2_SensorValue.o
 .text.decodeAmbientLight
                0x08002bf8       0x38 ./Core/Src/sh2_SensorValue.o
 .text.decodeHumidity
                0x08002c30       0x3c ./Core/Src/sh2_SensorValue.o
 .text.decodeProximity
                0x08002c6c       0x3c ./Core/Src/sh2_SensorValue.o
 .text.decodeTemperature
                0x08002ca8       0x3c ./Core/Src/sh2_SensorValue.o
 .text.decodeReserved
                0x08002ce4       0x3c ./Core/Src/sh2_SensorValue.o
 .text.decodeTapDetector
                0x08002d20       0x20 ./Core/Src/sh2_SensorValue.o
 .text.decodeStepDetector
                0x08002d40       0x24 ./Core/Src/sh2_SensorValue.o
 .text.decodeStepCounter
                0x08002d64       0x36 ./Core/Src/sh2_SensorValue.o
 .text.decodeSignificantMotion
                0x08002d9a       0x26 ./Core/Src/sh2_SensorValue.o
 .text.decodeStabilityClassifier
                0x08002dc0       0x20 ./Core/Src/sh2_SensorValue.o
 .text.decodeShakeDetector
                0x08002de0       0x26 ./Core/Src/sh2_SensorValue.o
 .text.decodeFlipDetector
                0x08002e06       0x26 ./Core/Src/sh2_SensorValue.o
 .text.decodePickupDetector
                0x08002e2c       0x26 ./Core/Src/sh2_SensorValue.o
 .text.decodeStabilityDetector
                0x08002e52       0x26 ./Core/Src/sh2_SensorValue.o
 .text.decodePersonalActivityClassifier
                0x08002e78       0x66 ./Core/Src/sh2_SensorValue.o
 .text.decodeSleepDetector
                0x08002ede       0x20 ./Core/Src/sh2_SensorValue.o
 .text.decodeTiltDetector
                0x08002efe       0x26 ./Core/Src/sh2_SensorValue.o
 .text.decodePocketDetector
                0x08002f24       0x26 ./Core/Src/sh2_SensorValue.o
 .text.decodeCircleDetector
                0x08002f4a       0x26 ./Core/Src/sh2_SensorValue.o
 .text.decodeHeartRateMonitor
                0x08002f70       0x26 ./Core/Src/sh2_SensorValue.o
 *fill*         0x08002f96        0x2 
 .text.decodeArvrStabilizedRV
                0x08002f98       0xc8 ./Core/Src/sh2_SensorValue.o
 .text.decodeArvrStabilizedGRV
                0x08003060       0xa0 ./Core/Src/sh2_SensorValue.o
 .text.decodeGyroIntegratedRV
                0x08003100      0x10c ./Core/Src/sh2_SensorValue.o
 .text.decodeIZroRequest
                0x0800320c       0x28 ./Core/Src/sh2_SensorValue.o
 .text.decodeRawOptFlow
                0x08003234       0xfa ./Core/Src/sh2_SensorValue.o
 *fill*         0x0800332e        0x2 
 .text.decodeDeadReckoningPose
                0x08003330      0x1d4 ./Core/Src/sh2_SensorValue.o
 .text.decodeWheelEncoder
                0x08003504       0x5c ./Core/Src/sh2_SensorValue.o
 .text.readu16  0x08003560       0x2e ./Core/Src/sh2_util.o
                0x08003560                readu16
 .text.readu32  0x0800358e       0x3c ./Core/Src/sh2_util.o
                0x0800358e                readu32
 .text.read8    0x080035ca       0x1e ./Core/Src/sh2_util.o
                0x080035ca                read8
 .text.read16   0x080035e8       0x2e ./Core/Src/sh2_util.o
                0x080035e8                read16
 .text.read32   0x08003616       0x3c ./Core/Src/sh2_util.o
                0x08003616                read32
 *fill*         0x08003652        0x2 
 .text.shtp_init
                0x08003654       0x44 ./Core/Src/shtp.o
 .text.getInstance
                0x08003698       0x50 ./Core/Src/shtp.o
 .text.min_u16  0x080036e8       0x2a ./Core/Src/shtp.o
 .text.txProcess
                0x08003712      0x12a ./Core/Src/shtp.o
 .text.rxAssemble
                0x0800383c      0x2bc ./Core/Src/shtp.o
 .text.shtp_open
                0x08003af8       0x68 ./Core/Src/shtp.o
                0x08003af8                shtp_open
 .text.shtp_setEventCallback
                0x08003b60       0x28 ./Core/Src/shtp.o
                0x08003b60                shtp_setEventCallback
 .text.shtp_listenChan
                0x08003b88       0x60 ./Core/Src/shtp.o
                0x08003b88                shtp_listenChan
 .text.shtp_send
                0x08003be8       0x62 ./Core/Src/shtp.o
                0x08003be8                shtp_send
 .text.shtp_service
                0x08003c4a       0x4c ./Core/Src/shtp.o
                0x08003c4a                shtp_service
 *fill*         0x08003c96        0x2 
 .text.HAL_MspInit
                0x08003c98       0x50 ./Core/Src/stm32f4xx_hal_msp.o
                0x08003c98                HAL_MspInit
 .text.HAL_I2C_MspInit
                0x08003ce8       0x90 ./Core/Src/stm32f4xx_hal_msp.o
                0x08003ce8                HAL_I2C_MspInit
 .text.HAL_UART_MspInit
                0x08003d78       0x90 ./Core/Src/stm32f4xx_hal_msp.o
                0x08003d78                HAL_UART_MspInit
 .text.NMI_Handler
                0x08003e08        0x8 ./Core/Src/stm32f4xx_it.o
                0x08003e08                NMI_Handler
 .text.HardFault_Handler
                0x08003e10        0x8 ./Core/Src/stm32f4xx_it.o
                0x08003e10                HardFault_Handler
 .text.MemManage_Handler
                0x08003e18        0x8 ./Core/Src/stm32f4xx_it.o
                0x08003e18                MemManage_Handler
 .text.BusFault_Handler
                0x08003e20        0x8 ./Core/Src/stm32f4xx_it.o
                0x08003e20                BusFault_Handler
 .text.UsageFault_Handler
                0x08003e28        0x8 ./Core/Src/stm32f4xx_it.o
                0x08003e28                UsageFault_Handler
 .text.SVC_Handler
                0x08003e30        0xe ./Core/Src/stm32f4xx_it.o
                0x08003e30                SVC_Handler
 .text.DebugMon_Handler
                0x08003e3e        0xe ./Core/Src/stm32f4xx_it.o
                0x08003e3e                DebugMon_Handler
 .text.PendSV_Handler
                0x08003e4c        0xe ./Core/Src/stm32f4xx_it.o
                0x08003e4c                PendSV_Handler
 .text.SysTick_Handler
                0x08003e5a        0xc ./Core/Src/stm32f4xx_it.o
                0x08003e5a                SysTick_Handler
 .text.EXTI9_5_IRQHandler
                0x08003e66       0x10 ./Core/Src/stm32f4xx_it.o
                0x08003e66                EXTI9_5_IRQHandler
 .text._read    0x08003e76       0x3a ./Core/Src/syscalls.o
                0x08003e76                _read
 .text._close   0x08003eb0       0x18 ./Core/Src/syscalls.o
                0x08003eb0                _close
 .text._fstat   0x08003ec8       0x20 ./Core/Src/syscalls.o
                0x08003ec8                _fstat
 .text._isatty  0x08003ee8       0x16 ./Core/Src/syscalls.o
                0x08003ee8                _isatty
 .text._lseek   0x08003efe       0x1a ./Core/Src/syscalls.o
                0x08003efe                _lseek
 .text._sbrk    0x08003f18       0x6c ./Core/Src/sysmem.o
                0x08003f18                _sbrk
 .text.SystemInit
                0x08003f84       0x24 ./Core/Src/system_stm32f4xx.o
                0x08003f84                SystemInit
 .text.Reset_Handler
                0x08003fa8       0x50 ./Core/Startup/startup_stm32f411ceux.o
                0x08003fa8                Reset_Handler
 .text.Default_Handler
                0x08003ff8        0x2 ./Core/Startup/startup_stm32f411ceux.o
                0x08003ff8                RTC_Alarm_IRQHandler
                0x08003ff8                EXTI2_IRQHandler
                0x08003ff8                SPI4_IRQHandler
                0x08003ff8                TIM1_CC_IRQHandler
                0x08003ff8                DMA2_Stream5_IRQHandler
                0x08003ff8                DMA1_Stream5_IRQHandler
                0x08003ff8                PVD_IRQHandler
                0x08003ff8                SDIO_IRQHandler
                0x08003ff8                TAMP_STAMP_IRQHandler
                0x08003ff8                EXTI3_IRQHandler
                0x08003ff8                TIM1_UP_TIM10_IRQHandler
                0x08003ff8                I2C3_ER_IRQHandler
                0x08003ff8                EXTI0_IRQHandler
                0x08003ff8                I2C2_EV_IRQHandler
                0x08003ff8                DMA1_Stream2_IRQHandler
                0x08003ff8                FPU_IRQHandler
                0x08003ff8                DMA2_Stream2_IRQHandler
                0x08003ff8                SPI1_IRQHandler
                0x08003ff8                TIM1_BRK_TIM9_IRQHandler
                0x08003ff8                DMA2_Stream3_IRQHandler
                0x08003ff8                USART6_IRQHandler
                0x08003ff8                DMA2_Stream0_IRQHandler
                0x08003ff8                TIM4_IRQHandler
                0x08003ff8                I2C1_EV_IRQHandler
                0x08003ff8                DMA1_Stream6_IRQHandler
                0x08003ff8                DMA1_Stream1_IRQHandler
                0x08003ff8                TIM3_IRQHandler
                0x08003ff8                RCC_IRQHandler
                0x08003ff8                Default_Handler
                0x08003ff8                EXTI15_10_IRQHandler
                0x08003ff8                ADC_IRQHandler
                0x08003ff8                DMA1_Stream7_IRQHandler
                0x08003ff8                SPI5_IRQHandler
                0x08003ff8                TIM5_IRQHandler
                0x08003ff8                DMA2_Stream7_IRQHandler
                0x08003ff8                I2C3_EV_IRQHandler
                0x08003ff8                RTC_WKUP_IRQHandler
                0x08003ff8                SPI2_IRQHandler
                0x08003ff8                DMA1_Stream0_IRQHandler
                0x08003ff8                EXTI4_IRQHandler
                0x08003ff8                WWDG_IRQHandler
                0x08003ff8                TIM2_IRQHandler
                0x08003ff8                OTG_FS_WKUP_IRQHandler
                0x08003ff8                TIM1_TRG_COM_TIM11_IRQHandler
                0x08003ff8                EXTI1_IRQHandler
                0x08003ff8                USART2_IRQHandler
                0x08003ff8                I2C2_ER_IRQHandler
                0x08003ff8                DMA2_Stream1_IRQHandler
                0x08003ff8                FLASH_IRQHandler
                0x08003ff8                DMA2_Stream4_IRQHandler
                0x08003ff8                USART1_IRQHandler
                0x08003ff8                OTG_FS_IRQHandler
                0x08003ff8                SPI3_IRQHandler
                0x08003ff8                DMA1_Stream4_IRQHandler
                0x08003ff8                I2C1_ER_IRQHandler
                0x08003ff8                DMA2_Stream6_IRQHandler
                0x08003ff8                DMA1_Stream3_IRQHandler
 *fill*         0x08003ffa        0x2 
 .text.HAL_Init
                0x08003ffc       0x44 ./Drivers/STM32F4xx_HAL_Driver/Src/stm32f4xx_hal.o
                0x08003ffc                HAL_Init
 .text.HAL_InitTick
                0x08004040       0x60 ./Drivers/STM32F4xx_HAL_Driver/Src/stm32f4xx_hal.o
                0x08004040                HAL_InitTick
 .text.HAL_IncTick
                0x080040a0       0x28 ./Drivers/STM32F4xx_HAL_Driver/Src/stm32f4xx_hal.o
                0x080040a0                HAL_IncTick
 .text.HAL_GetTick
                0x080040c8       0x18 ./Drivers/STM32F4xx_HAL_Driver/Src/stm32f4xx_hal.o
                0x080040c8                HAL_GetTick
 .text.HAL_Delay
                0x080040e0       0x48 ./Drivers/STM32F4xx_HAL_Driver/Src/stm32f4xx_hal.o
                0x080040e0                HAL_Delay
 .text.__NVIC_SetPriorityGrouping
                0x08004128       0x48 ./Drivers/STM32F4xx_HAL_Driver/Src/stm32f4xx_hal_cortex.o
 .text.__NVIC_GetPriorityGrouping
                0x08004170       0x1c ./Drivers/STM32F4xx_HAL_Driver/Src/stm32f4xx_hal_cortex.o
 .text.__NVIC_EnableIRQ
                0x0800418c       0x3c ./Drivers/STM32F4xx_HAL_Driver/Src/stm32f4xx_hal_cortex.o
 .text.__NVIC_SetPriority
                0x080041c8       0x54 ./Drivers/STM32F4xx_HAL_Driver/Src/stm32f4xx_hal_cortex.o
 .text.NVIC_EncodePriority
                0x0800421c       0x66 ./Drivers/STM32F4xx_HAL_Driver/Src/stm32f4xx_hal_cortex.o
 *fill*         0x08004282        0x2 
 .text.SysTick_Config
                0x08004284       0x44 ./Drivers/STM32F4xx_HAL_Driver/Src/stm32f4xx_hal_cortex.o
 .text.HAL_NVIC_SetPriorityGrouping
                0x080042c8       0x16 ./Drivers/STM32F4xx_HAL_Driver/Src/stm32f4xx_hal_cortex.o
                0x080042c8                HAL_NVIC_SetPriorityGrouping
 .text.HAL_NVIC_SetPriority
                0x080042de       0x38 ./Drivers/STM32F4xx_HAL_Driver/Src/stm32f4xx_hal_cortex.o
                0x080042de                HAL_NVIC_SetPriority
 .text.HAL_NVIC_EnableIRQ
                0x08004316       0x1c ./Drivers/STM32F4xx_HAL_Driver/Src/stm32f4xx_hal_cortex.o
                0x08004316                HAL_NVIC_EnableIRQ
 .text.HAL_SYSTICK_Config
                0x08004332       0x18 ./Drivers/STM32F4xx_HAL_Driver/Src/stm32f4xx_hal_cortex.o
                0x08004332                HAL_SYSTICK_Config
 *fill*         0x0800434a        0x2 
 .text.HAL_GPIO_Init
                0x0800434c      0x308 ./Drivers/STM32F4xx_HAL_Driver/Src/stm32f4xx_hal_gpio.o
                0x0800434c                HAL_GPIO_Init
 .text.HAL_GPIO_WritePin
                0x08004654       0x32 ./Drivers/STM32F4xx_HAL_Driver/Src/stm32f4xx_hal_gpio.o
                0x08004654                HAL_GPIO_WritePin
 *fill*         0x08004686        0x2 
 .text.HAL_GPIO_EXTI_IRQHandler
                0x08004688       0x30 ./Drivers/STM32F4xx_HAL_Driver/Src/stm32f4xx_hal_gpio.o
                0x08004688                HAL_GPIO_EXTI_IRQHandler
 .text.HAL_I2C_Init
                0x080046b8      0x288 ./Drivers/STM32F4xx_HAL_Driver/Src/stm32f4xx_hal_i2c.o
                0x080046b8                HAL_I2C_Init
 .text.HAL_I2C_Master_Transmit
                0x08004940      0x1fc ./Drivers/STM32F4xx_HAL_Driver/Src/stm32f4xx_hal_i2c.o
                0x08004940                HAL_I2C_Master_Transmit
 .text.HAL_I2C_Master_Receive
                0x08004b3c      0x464 ./Drivers/STM32F4xx_HAL_Driver/Src/stm32f4xx_hal_i2c.o
                0x08004b3c                HAL_I2C_Master_Receive
 .text.HAL_I2C_IsDeviceReady
                0x08004fa0      0x25c ./Drivers/STM32F4xx_HAL_Driver/Src/stm32f4xx_hal_i2c.o
                0x08004fa0                HAL_I2C_IsDeviceReady
 .text.I2C_MasterRequestWrite
                0x080051fc      0x104 ./Drivers/STM32F4xx_HAL_Driver/Src/stm32f4xx_hal_i2c.o
 .text.I2C_MasterRequestRead
                0x08005300      0x19c ./Drivers/STM32F4xx_HAL_Driver/Src/stm32f4xx_hal_i2c.o
 .text.I2C_WaitOnFlagUntilTimeout
                0x0800549c       0xf4 ./Drivers/STM32F4xx_HAL_Driver/Src/stm32f4xx_hal_i2c.o
 .text.I2C_WaitOnMasterAddressFlagUntilTimeout
                0x08005590      0x140 ./Drivers/STM32F4xx_HAL_Driver/Src/stm32f4xx_hal_i2c.o
 .text.I2C_WaitOnTXEFlagUntilTimeout
                0x080056d0       0x90 ./Drivers/STM32F4xx_HAL_Driver/Src/stm32f4xx_hal_i2c.o
 .text.I2C_WaitOnBTFFlagUntilTimeout
                0x08005760       0x90 ./Drivers/STM32F4xx_HAL_Driver/Src/stm32f4xx_hal_i2c.o
 .text.I2C_WaitOnRXNEFlagUntilTimeout
                0x080057f0       0xba ./Drivers/STM32F4xx_HAL_Driver/Src/stm32f4xx_hal_i2c.o
 .text.I2C_IsAcknowledgeFailed
                0x080058aa       0x5e ./Drivers/STM32F4xx_HAL_Driver/Src/stm32f4xx_hal_i2c.o
 .text.HAL_RCC_OscConfig
                0x08005908      0x4f0 ./Drivers/STM32F4xx_HAL_Driver/Src/stm32f4xx_hal_rcc.o
                0x08005908                HAL_RCC_OscConfig
 .text.HAL_RCC_ClockConfig
                0x08005df8      0x1cc ./Drivers/STM32F4xx_HAL_Driver/Src/stm32f4xx_hal_rcc.o
                0x08005df8                HAL_RCC_ClockConfig
 .text.HAL_RCC_GetSysClockFreq
                0x08005fc4      0x18c ./Drivers/STM32F4xx_HAL_Driver/Src/stm32f4xx_hal_rcc.o
                0x08005fc4                HAL_RCC_GetSysClockFreq
 .text.HAL_RCC_GetHCLKFreq
                0x08006150       0x18 ./Drivers/STM32F4xx_HAL_Driver/Src/stm32f4xx_hal_rcc.o
                0x08006150                HAL_RCC_GetHCLKFreq
 .text.HAL_RCC_GetPCLK1Freq
                0x08006168       0x28 ./Drivers/STM32F4xx_HAL_Driver/Src/stm32f4xx_hal_rcc.o
                0x08006168                HAL_RCC_GetPCLK1Freq
 .text.HAL_RCC_GetPCLK2Freq
                0x08006190       0x28 ./Drivers/STM32F4xx_HAL_Driver/Src/stm32f4xx_hal_rcc.o
                0x08006190                HAL_RCC_GetPCLK2Freq
 .text.HAL_UART_Init
                0x080061b8       0xa0 ./Drivers/STM32F4xx_HAL_Driver/Src/stm32f4xx_hal_uart.o
                0x080061b8                HAL_UART_Init
 .text.HAL_UART_Transmit
                0x08006258      0x116 ./Drivers/STM32F4xx_HAL_Driver/Src/stm32f4xx_hal_uart.o
                0x08006258                HAL_UART_Transmit
 .text.UART_WaitOnFlagUntilTimeout
                0x0800636e       0xb2 ./Drivers/STM32F4xx_HAL_Driver/Src/stm32f4xx_hal_uart.o
 .text.UART_EndRxTransfer
                0x08006420       0xc6 ./Drivers/STM32F4xx_HAL_Driver/Src/stm32f4xx_hal_uart.o
 *fill*         0x080064e6        0x2 
 .text.UART_SetConfig
                0x080064e8      0x4e8 ./Drivers/STM32F4xx_HAL_Driver/Src/stm32f4xx_hal_uart.o
 .text.std      0x080069d0       0x6c C:/ST/STM32CubeIDE_1.18.0/STM32CubeIDE/plugins/com.st.stm32cube.ide.mcu.externaltools.gnu-tools-for-stm32.13.3.rel1.win32_1.0.0.202411081344/tools/bin/../lib/gcc/arm-none-eabi/13.3.1/../../../../arm-none-eabi/lib/thumb/v7e-m+fp/hard\libc_nano.a(libc_a-findfp.o)
 .text.stdio_exit_handler
                0x08006a3c       0x18 C:/ST/STM32CubeIDE_1.18.0/STM32CubeIDE/plugins/com.st.stm32cube.ide.mcu.externaltools.gnu-tools-for-stm32.13.3.rel1.win32_1.0.0.202411081344/tools/bin/../lib/gcc/arm-none-eabi/13.3.1/../../../../arm-none-eabi/lib/thumb/v7e-m+fp/hard\libc_nano.a(libc_a-findfp.o)
 .text.cleanup_stdio
                0x08006a54       0x40 C:/ST/STM32CubeIDE_1.18.0/STM32CubeIDE/plugins/com.st.stm32cube.ide.mcu.externaltools.gnu-tools-for-stm32.13.3.rel1.win32_1.0.0.202411081344/tools/bin/../lib/gcc/arm-none-eabi/13.3.1/../../../../arm-none-eabi/lib/thumb/v7e-m+fp/hard\libc_nano.a(libc_a-findfp.o)
 .text.global_stdio_init.part.0
                0x08006a94       0x3c C:/ST/STM32CubeIDE_1.18.0/STM32CubeIDE/plugins/com.st.stm32cube.ide.mcu.externaltools.gnu-tools-for-stm32.13.3.rel1.win32_1.0.0.202411081344/tools/bin/../lib/gcc/arm-none-eabi/13.3.1/../../../../arm-none-eabi/lib/thumb/v7e-m+fp/hard\libc_nano.a(libc_a-findfp.o)
 .text.__sfp_lock_acquire
                0x08006ad0        0xc C:/ST/STM32CubeIDE_1.18.0/STM32CubeIDE/plugins/com.st.stm32cube.ide.mcu.externaltools.gnu-tools-for-stm32.13.3.rel1.win32_1.0.0.202411081344/tools/bin/../lib/gcc/arm-none-eabi/13.3.1/../../../../arm-none-eabi/lib/thumb/v7e-m+fp/hard\libc_nano.a(libc_a-findfp.o)
                0x08006ad0                __sfp_lock_acquire
 .text.__sfp_lock_release
                0x08006adc        0xc C:/ST/STM32CubeIDE_1.18.0/STM32CubeIDE/plugins/com.st.stm32cube.ide.mcu.externaltools.gnu-tools-for-stm32.13.3.rel1.win32_1.0.0.202411081344/tools/bin/../lib/gcc/arm-none-eabi/13.3.1/../../../../arm-none-eabi/lib/thumb/v7e-m+fp/hard\libc_nano.a(libc_a-findfp.o)
                0x08006adc                __sfp_lock_release
 .text.__sinit  0x08006ae8       0x30 C:/ST/STM32CubeIDE_1.18.0/STM32CubeIDE/plugins/com.st.stm32cube.ide.mcu.externaltools.gnu-tools-for-stm32.13.3.rel1.win32_1.0.0.202411081344/tools/bin/../lib/gcc/arm-none-eabi/13.3.1/../../../../arm-none-eabi/lib/thumb/v7e-m+fp/hard\libc_nano.a(libc_a-findfp.o)
                0x08006ae8                __sinit
 .text._fwalk_sglue
                0x08006b18       0x3c C:/ST/STM32CubeIDE_1.18.0/STM32CubeIDE/plugins/com.st.stm32cube.ide.mcu.externaltools.gnu-tools-for-stm32.13.3.rel1.win32_1.0.0.202411081344/tools/bin/../lib/gcc/arm-none-eabi/13.3.1/../../../../arm-none-eabi/lib/thumb/v7e-m+fp/hard\libc_nano.a(libc_a-fwalk.o)
                0x08006b18                _fwalk_sglue
 .text.printf   0x08006b54       0x24 C:/ST/STM32CubeIDE_1.18.0/STM32CubeIDE/plugins/com.st.stm32cube.ide.mcu.externaltools.gnu-tools-for-stm32.13.3.rel1.win32_1.0.0.202411081344/tools/bin/../lib/gcc/arm-none-eabi/13.3.1/../../../../arm-none-eabi/lib/thumb/v7e-m+fp/hard\libc_nano.a(libc_a-printf.o)
                0x08006b54                iprintf
                0x08006b54                printf
 .text._puts_r  0x08006b78       0xaa C:/ST/STM32CubeIDE_1.18.0/STM32CubeIDE/plugins/com.st.stm32cube.ide.mcu.externaltools.gnu-tools-for-stm32.13.3.rel1.win32_1.0.0.202411081344/tools/bin/../lib/gcc/arm-none-eabi/13.3.1/../../../../arm-none-eabi/lib/thumb/v7e-m+fp/hard\libc_nano.a(libc_a-puts.o)
                0x08006b78                _puts_r
 *fill*         0x08006c22        0x2 
 .text.puts     0x08006c24       0x10 C:/ST/STM32CubeIDE_1.18.0/STM32CubeIDE/plugins/com.st.stm32cube.ide.mcu.externaltools.gnu-tools-for-stm32.13.3.rel1.win32_1.0.0.202411081344/tools/bin/../lib/gcc/arm-none-eabi/13.3.1/../../../../arm-none-eabi/lib/thumb/v7e-m+fp/hard\libc_nano.a(libc_a-puts.o)
                0x08006c24                puts
 .text.__sread  0x08006c34       0x22 C:/ST/STM32CubeIDE_1.18.0/STM32CubeIDE/plugins/com.st.stm32cube.ide.mcu.externaltools.gnu-tools-for-stm32.13.3.rel1.win32_1.0.0.202411081344/tools/bin/../lib/gcc/arm-none-eabi/13.3.1/../../../../arm-none-eabi/lib/thumb/v7e-m+fp/hard\libc_nano.a(libc_a-stdio.o)
                0x08006c34                __sread
 .text.__swrite
                0x08006c56       0x38 C:/ST/STM32CubeIDE_1.18.0/STM32CubeIDE/plugins/com.st.stm32cube.ide.mcu.externaltools.gnu-tools-for-stm32.13.3.rel1.win32_1.0.0.202411081344/tools/bin/../lib/gcc/arm-none-eabi/13.3.1/../../../../arm-none-eabi/lib/thumb/v7e-m+fp/hard\libc_nano.a(libc_a-stdio.o)
                0x08006c56                __swrite
 .text.__sseek  0x08006c8e       0x24 C:/ST/STM32CubeIDE_1.18.0/STM32CubeIDE/plugins/com.st.stm32cube.ide.mcu.externaltools.gnu-tools-for-stm32.13.3.rel1.win32_1.0.0.202411081344/tools/bin/../lib/gcc/arm-none-eabi/13.3.1/../../../../arm-none-eabi/lib/thumb/v7e-m+fp/hard\libc_nano.a(libc_a-stdio.o)
                0x08006c8e                __sseek
 .text.__sclose
                0x08006cb2        0x8 C:/ST/STM32CubeIDE_1.18.0/STM32CubeIDE/plugins/com.st.stm32cube.ide.mcu.externaltools.gnu-tools-for-stm32.13.3.rel1.win32_1.0.0.202411081344/tools/bin/../lib/gcc/arm-none-eabi/13.3.1/../../../../arm-none-eabi/lib/thumb/v7e-m+fp/hard\libc_nano.a(libc_a-stdio.o)
                0x08006cb2                __sclose
 .text.__swbuf_r
                0x08006cba       0x7c C:/ST/STM32CubeIDE_1.18.0/STM32CubeIDE/plugins/com.st.stm32cube.ide.mcu.externaltools.gnu-tools-for-stm32.13.3.rel1.win32_1.0.0.202411081344/tools/bin/../lib/gcc/arm-none-eabi/13.3.1/../../../../arm-none-eabi/lib/thumb/v7e-m+fp/hard\libc_nano.a(libc_a-wbuf.o)
                0x08006cba                __swbuf_r
 *fill*         0x08006d36        0x2 
 .text.__swsetup_r
                0x08006d38       0xac C:/ST/STM32CubeIDE_1.18.0/STM32CubeIDE/plugins/com.st.stm32cube.ide.mcu.externaltools.gnu-tools-for-stm32.13.3.rel1.win32_1.0.0.202411081344/tools/bin/../lib/gcc/arm-none-eabi/13.3.1/../../../../arm-none-eabi/lib/thumb/v7e-m+fp/hard\libc_nano.a(libc_a-wsetup.o)
                0x08006d38                __swsetup_r
 .text.memset   0x08006de4       0x10 C:/ST/STM32CubeIDE_1.18.0/STM32CubeIDE/plugins/com.st.stm32cube.ide.mcu.externaltools.gnu-tools-for-stm32.13.3.rel1.win32_1.0.0.202411081344/tools/bin/../lib/gcc/arm-none-eabi/13.3.1/../../../../arm-none-eabi/lib/thumb/v7e-m+fp/hard\libc_nano.a(libc_a-memset.o)
                0x08006de4                memset
 .text._close_r
                0x08006df4       0x20 C:/ST/STM32CubeIDE_1.18.0/STM32CubeIDE/plugins/com.st.stm32cube.ide.mcu.externaltools.gnu-tools-for-stm32.13.3.rel1.win32_1.0.0.202411081344/tools/bin/../lib/gcc/arm-none-eabi/13.3.1/../../../../arm-none-eabi/lib/thumb/v7e-m+fp/hard\libc_nano.a(libc_a-closer.o)
                0x08006df4                _close_r
 .text._lseek_r
                0x08006e14       0x24 C:/ST/STM32CubeIDE_1.18.0/STM32CubeIDE/plugins/com.st.stm32cube.ide.mcu.externaltools.gnu-tools-for-stm32.13.3.rel1.win32_1.0.0.202411081344/tools/bin/../lib/gcc/arm-none-eabi/13.3.1/../../../../arm-none-eabi/lib/thumb/v7e-m+fp/hard\libc_nano.a(libc_a-lseekr.o)
                0x08006e14                _lseek_r
 .text._read_r  0x08006e38       0x24 C:/ST/STM32CubeIDE_1.18.0/STM32CubeIDE/plugins/com.st.stm32cube.ide.mcu.externaltools.gnu-tools-for-stm32.13.3.rel1.win32_1.0.0.202411081344/tools/bin/../lib/gcc/arm-none-eabi/13.3.1/../../../../arm-none-eabi/lib/thumb/v7e-m+fp/hard\libc_nano.a(libc_a-readr.o)
                0x08006e38                _read_r
 .text._write_r
                0x08006e5c       0x24 C:/ST/STM32CubeIDE_1.18.0/STM32CubeIDE/plugins/com.st.stm32cube.ide.mcu.externaltools.gnu-tools-for-stm32.13.3.rel1.win32_1.0.0.202411081344/tools/bin/../lib/gcc/arm-none-eabi/13.3.1/../../../../arm-none-eabi/lib/thumb/v7e-m+fp/hard\libc_nano.a(libc_a-writer.o)
                0x08006e5c                _write_r
 .text.__errno  0x08006e80        0xc C:/ST/STM32CubeIDE_1.18.0/STM32CubeIDE/plugins/com.st.stm32cube.ide.mcu.externaltools.gnu-tools-for-stm32.13.3.rel1.win32_1.0.0.202411081344/tools/bin/../lib/gcc/arm-none-eabi/13.3.1/../../../../arm-none-eabi/lib/thumb/v7e-m+fp/hard\libc_nano.a(libc_a-errno.o)
                0x08006e80                __errno
 .text.__libc_init_array
                0x08006e8c       0x48 C:/ST/STM32CubeIDE_1.18.0/STM32CubeIDE/plugins/com.st.stm32cube.ide.mcu.externaltools.gnu-tools-for-stm32.13.3.rel1.win32_1.0.0.202411081344/tools/bin/../lib/gcc/arm-none-eabi/13.3.1/../../../../arm-none-eabi/lib/thumb/v7e-m+fp/hard\libc_nano.a(libc_a-init.o)
                0x08006e8c                __libc_init_array
 .text.__retarget_lock_init_recursive
                0x08006ed4        0x2 C:/ST/STM32CubeIDE_1.18.0/STM32CubeIDE/plugins/com.st.stm32cube.ide.mcu.externaltools.gnu-tools-for-stm32.13.3.rel1.win32_1.0.0.202411081344/tools/bin/../lib/gcc/arm-none-eabi/13.3.1/../../../../arm-none-eabi/lib/thumb/v7e-m+fp/hard\libc_nano.a(libc_a-lock.o)
                0x08006ed4                __retarget_lock_init_recursive
 .text.__retarget_lock_acquire_recursive
                0x08006ed6        0x2 C:/ST/STM32CubeIDE_1.18.0/STM32CubeIDE/plugins/com.st.stm32cube.ide.mcu.externaltools.gnu-tools-for-stm32.13.3.rel1.win32_1.0.0.202411081344/tools/bin/../lib/gcc/arm-none-eabi/13.3.1/../../../../arm-none-eabi/lib/thumb/v7e-m+fp/hard\libc_nano.a(libc_a-lock.o)
                0x08006ed6                __retarget_lock_acquire_recursive
 .text.__retarget_lock_release_recursive
                0x08006ed8        0x2 C:/ST/STM32CubeIDE_1.18.0/STM32CubeIDE/plugins/com.st.stm32cube.ide.mcu.externaltools.gnu-tools-for-stm32.13.3.rel1.win32_1.0.0.202411081344/tools/bin/../lib/gcc/arm-none-eabi/13.3.1/../../../../arm-none-eabi/lib/thumb/v7e-m+fp/hard\libc_nano.a(libc_a-lock.o)
                0x08006ed8                __retarget_lock_release_recursive
 .text.memcpy   0x08006eda       0x1c C:/ST/STM32CubeIDE_1.18.0/STM32CubeIDE/plugins/com.st.stm32cube.ide.mcu.externaltools.gnu-tools-for-stm32.13.3.rel1.win32_1.0.0.202411081344/tools/bin/../lib/gcc/arm-none-eabi/13.3.1/../../../../arm-none-eabi/lib/thumb/v7e-m+fp/hard\libc_nano.a(libc_a-memcpy-stub.o)
                0x08006eda                memcpy
 *fill*         0x08006ef6        0x2 
 .text._free_r  0x08006ef8       0x94 C:/ST/STM32CubeIDE_1.18.0/STM32CubeIDE/plugins/com.st.stm32cube.ide.mcu.externaltools.gnu-tools-for-stm32.13.3.rel1.win32_1.0.0.202411081344/tools/bin/../lib/gcc/arm-none-eabi/13.3.1/../../../../arm-none-eabi/lib/thumb/v7e-m+fp/hard\libc_nano.a(libc_a-freer.o)
                0x08006ef8                _free_r
 .text.sbrk_aligned
                0x08006f8c       0x44 C:/ST/STM32CubeIDE_1.18.0/STM32CubeIDE/plugins/com.st.stm32cube.ide.mcu.externaltools.gnu-tools-for-stm32.13.3.rel1.win32_1.0.0.202411081344/tools/bin/../lib/gcc/arm-none-eabi/13.3.1/../../../../arm-none-eabi/lib/thumb/v7e-m+fp/hard\libc_nano.a(libc_a-mallocr.o)
 .text._malloc_r
                0x08006fd0      0x100 C:/ST/STM32CubeIDE_1.18.0/STM32CubeIDE/plugins/com.st.stm32cube.ide.mcu.externaltools.gnu-tools-for-stm32.13.3.rel1.win32_1.0.0.202411081344/tools/bin/../lib/gcc/arm-none-eabi/13.3.1/../../../../arm-none-eabi/lib/thumb/v7e-m+fp/hard\libc_nano.a(libc_a-mallocr.o)
                0x08006fd0                _malloc_r
 .text.__malloc_lock
                0x080070d0        0xc C:/ST/STM32CubeIDE_1.18.0/STM32CubeIDE/plugins/com.st.stm32cube.ide.mcu.externaltools.gnu-tools-for-stm32.13.3.rel1.win32_1.0.0.202411081344/tools/bin/../lib/gcc/arm-none-eabi/13.3.1/../../../../arm-none-eabi/lib/thumb/v7e-m+fp/hard\libc_nano.a(libc_a-mlock.o)
                0x080070d0                __malloc_lock
 .text.__malloc_unlock
                0x080070dc        0xc C:/ST/STM32CubeIDE_1.18.0/STM32CubeIDE/plugins/com.st.stm32cube.ide.mcu.externaltools.gnu-tools-for-stm32.13.3.rel1.win32_1.0.0.202411081344/tools/bin/../lib/gcc/arm-none-eabi/13.3.1/../../../../arm-none-eabi/lib/thumb/v7e-m+fp/hard\libc_nano.a(libc_a-mlock.o)
                0x080070dc                __malloc_unlock
 .text.__sfputc_r
                0x080070e8       0x2e C:/ST/STM32CubeIDE_1.18.0/STM32CubeIDE/plugins/com.st.stm32cube.ide.mcu.externaltools.gnu-tools-for-stm32.13.3.rel1.win32_1.0.0.202411081344/tools/bin/../lib/gcc/arm-none-eabi/13.3.1/../../../../arm-none-eabi/lib/thumb/v7e-m+fp/hard\libc_nano.a(libc_a-nano-vfprintf.o)
 .text.__sfputs_r
                0x08007116       0x24 C:/ST/STM32CubeIDE_1.18.0/STM32CubeIDE/plugins/com.st.stm32cube.ide.mcu.externaltools.gnu-tools-for-stm32.13.3.rel1.win32_1.0.0.202411081344/tools/bin/../lib/gcc/arm-none-eabi/13.3.1/../../../../arm-none-eabi/lib/thumb/v7e-m+fp/hard\libc_nano.a(libc_a-nano-vfprintf.o)
                0x08007116                __sfputs_r
 *fill*         0x0800713a        0x2 
 .text._vfprintf_r
                0x0800713c      0x230 C:/ST/STM32CubeIDE_1.18.0/STM32CubeIDE/plugins/com.st.stm32cube.ide.mcu.externaltools.gnu-tools-for-stm32.13.3.rel1.win32_1.0.0.202411081344/tools/bin/../lib/gcc/arm-none-eabi/13.3.1/../../../../arm-none-eabi/lib/thumb/v7e-m+fp/hard\libc_nano.a(libc_a-nano-vfprintf.o)
                0x0800713c                _vfprintf_r
                0x0800713c                _vfiprintf_r
 .text._printf_common
                0x0800736c       0xda C:/ST/STM32CubeIDE_1.18.0/STM32CubeIDE/plugins/com.st.stm32cube.ide.mcu.externaltools.gnu-tools-for-stm32.13.3.rel1.win32_1.0.0.202411081344/tools/bin/../lib/gcc/arm-none-eabi/13.3.1/../../../../arm-none-eabi/lib/thumb/v7e-m+fp/hard\libc_nano.a(libc_a-nano-vfprintf_i.o)
                0x0800736c                _printf_common
 *fill*         0x08007446        0x2 
 .text._printf_i
                0x08007448      0x23c C:/ST/STM32CubeIDE_1.18.0/STM32CubeIDE/plugins/com.st.stm32cube.ide.mcu.externaltools.gnu-tools-for-stm32.13.3.rel1.win32_1.0.0.202411081344/tools/bin/../lib/gcc/arm-none-eabi/13.3.1/../../../../arm-none-eabi/lib/thumb/v7e-m+fp/hard\libc_nano.a(libc_a-nano-vfprintf_i.o)
                0x08007448                _printf_i
 .text.__sflush_r
                0x08007684      0x108 C:/ST/STM32CubeIDE_1.18.0/STM32CubeIDE/plugins/com.st.stm32cube.ide.mcu.externaltools.gnu-tools-for-stm32.13.3.rel1.win32_1.0.0.202411081344/tools/bin/../lib/gcc/arm-none-eabi/13.3.1/../../../../arm-none-eabi/lib/thumb/v7e-m+fp/hard\libc_nano.a(libc_a-fflush.o)
                0x08007684                __sflush_r
 .text._fflush_r
                0x0800778c       0x50 C:/ST/STM32CubeIDE_1.18.0/STM32CubeIDE/plugins/com.st.stm32cube.ide.mcu.externaltools.gnu-tools-for-stm32.13.3.rel1.win32_1.0.0.202411081344/tools/bin/../lib/gcc/arm-none-eabi/13.3.1/../../../../arm-none-eabi/lib/thumb/v7e-m+fp/hard\libc_nano.a(libc_a-fflush.o)
                0x0800778c                _fflush_r
 .text.__swhatbuf_r
                0x080077dc       0x4c C:/ST/STM32CubeIDE_1.18.0/STM32CubeIDE/plugins/com.st.stm32cube.ide.mcu.externaltools.gnu-tools-for-stm32.13.3.rel1.win32_1.0.0.202411081344/tools/bin/../lib/gcc/arm-none-eabi/13.3.1/../../../../arm-none-eabi/lib/thumb/v7e-m+fp/hard\libc_nano.a(libc_a-makebuf.o)
                0x080077dc                __swhatbuf_r
 .text.__smakebuf_r
                0x08007828       0x78 C:/ST/STM32CubeIDE_1.18.0/STM32CubeIDE/plugins/com.st.stm32cube.ide.mcu.externaltools.gnu-tools-for-stm32.13.3.rel1.win32_1.0.0.202411081344/tools/bin/../lib/gcc/arm-none-eabi/13.3.1/../../../../arm-none-eabi/lib/thumb/v7e-m+fp/hard\libc_nano.a(libc_a-makebuf.o)
                0x08007828                __smakebuf_r
 .text._fstat_r
                0x080078a0       0x24 C:/ST/STM32CubeIDE_1.18.0/STM32CubeIDE/plugins/com.st.stm32cube.ide.mcu.externaltools.gnu-tools-for-stm32.13.3.rel1.win32_1.0.0.202411081344/tools/bin/../lib/gcc/arm-none-eabi/13.3.1/../../../../arm-none-eabi/lib/thumb/v7e-m+fp/hard\libc_nano.a(libc_a-fstatr.o)
                0x080078a0                _fstat_r
 .text._isatty_r
                0x080078c4       0x20 C:/ST/STM32CubeIDE_1.18.0/STM32CubeIDE/plugins/com.st.stm32cube.ide.mcu.externaltools.gnu-tools-for-stm32.13.3.rel1.win32_1.0.0.202411081344/tools/bin/../lib/gcc/arm-none-eabi/13.3.1/../../../../arm-none-eabi/lib/thumb/v7e-m+fp/hard\libc_nano.a(libc_a-isattyr.o)
                0x080078c4                _isatty_r
 .text._sbrk_r  0x080078e4       0x20 C:/ST/STM32CubeIDE_1.18.0/STM32CubeIDE/plugins/com.st.stm32cube.ide.mcu.externaltools.gnu-tools-for-stm32.13.3.rel1.win32_1.0.0.202411081344/tools/bin/../lib/gcc/arm-none-eabi/13.3.1/../../../../arm-none-eabi/lib/thumb/v7e-m+fp/hard\libc_nano.a(libc_a-sbrkr.o)
                0x080078e4                _sbrk_r
 *(.glue_7)
 .glue_7        0x08007904        0x0 linker stubs
 *(.glue_7t)
 .glue_7t       0x08007904        0x0 linker stubs
 *(.eh_frame)
 .eh_frame      0x08007904        0x0 C:/ST/STM32CubeIDE_1.18.0/STM32CubeIDE/plugins/com.st.stm32cube.ide.mcu.externaltools.gnu-tools-for-stm32.13.3.rel1.win32_1.0.0.202411081344/tools/bin/../lib/gcc/arm-none-eabi/13.3.1/thumb/v7e-m+fp/hard/crtbegin.o
 *(.init)
 .init          0x08007904        0x4 C:/ST/STM32CubeIDE_1.18.0/STM32CubeIDE/plugins/com.st.stm32cube.ide.mcu.externaltools.gnu-tools-for-stm32.13.3.rel1.win32_1.0.0.202411081344/tools/bin/../lib/gcc/arm-none-eabi/13.3.1/thumb/v7e-m+fp/hard/crti.o
                0x08007904                _init
 .init          0x08007908        0x8 C:/ST/STM32CubeIDE_1.18.0/STM32CubeIDE/plugins/com.st.stm32cube.ide.mcu.externaltools.gnu-tools-for-stm32.13.3.rel1.win32_1.0.0.202411081344/tools/bin/../lib/gcc/arm-none-eabi/13.3.1/thumb/v7e-m+fp/hard/crtn.o
 *(.fini)
 .fini          0x08007910        0x4 C:/ST/STM32CubeIDE_1.18.0/STM32CubeIDE/plugins/com.st.stm32cube.ide.mcu.externaltools.gnu-tools-for-stm32.13.3.rel1.win32_1.0.0.202411081344/tools/bin/../lib/gcc/arm-none-eabi/13.3.1/thumb/v7e-m+fp/hard/crti.o
                0x08007910                _fini
 .fini          0x08007914        0x8 C:/ST/STM32CubeIDE_1.18.0/STM32CubeIDE/plugins/com.st.stm32cube.ide.mcu.externaltools.gnu-tools-for-stm32.13.3.rel1.win32_1.0.0.202411081344/tools/bin/../lib/gcc/arm-none-eabi/13.3.1/thumb/v7e-m+fp/hard/crtn.o
                0x0800791c                        . = ALIGN (0x4)
                0x0800791c                        _etext = .

.vfp11_veneer   0x0800791c        0x0
 .vfp11_veneer  0x0800791c        0x0 linker stubs

.v4_bx          0x0800791c        0x0
 .v4_bx         0x0800791c        0x0 linker stubs

.iplt           0x0800791c        0x0
 .iplt          0x0800791c        0x0 C:/ST/STM32CubeIDE_1.18.0/STM32CubeIDE/plugins/com.st.stm32cube.ide.mcu.externaltools.gnu-tools-for-stm32.13.3.rel1.win32_1.0.0.202411081344/tools/bin/../lib/gcc/arm-none-eabi/13.3.1/thumb/v7e-m+fp/hard/crtbegin.o

.rodata         0x0800791c      0x1b0
                0x0800791c                        . = ALIGN (0x4)
 *(.rodata)
 .rodata        0x0800791c       0xf2 ./Core/Src/main.o
 *(.rodata*)
 *fill*         0x08007a0e        0x2 
 .rodata.sh2ReportLens
                0x08007a10       0x60 ./Core/Src/sh2.o
 .rodata.setSensorConfigOp
                0x08007a70       0x10 ./Core/Src/sh2.o
                0x08007a70                setSensorConfigOp
 .rodata.AHBPrescTable
                0x08007a80       0x10 ./Core/Src/system_stm32f4xx.o
                0x08007a80                AHBPrescTable
 .rodata.APBPrescTable
                0x08007a90        0x8 ./Core/Src/system_stm32f4xx.o
                0x08007a90                APBPrescTable
 .rodata._vfprintf_r.str1.1
                0x08007a98       0x33 C:/ST/STM32CubeIDE_1.18.0/STM32CubeIDE/plugins/com.st.stm32cube.ide.mcu.externaltools.gnu-tools-for-stm32.13.3.rel1.win32_1.0.0.202411081344/tools/bin/../lib/gcc/arm-none-eabi/13.3.1/../../../../arm-none-eabi/lib/thumb/v7e-m+fp/hard\libc_nano.a(libc_a-nano-vfprintf.o)
                                 0x11 (size before relaxing)
 .rodata._printf_i.str1.1
                0x08007acb       0x22 C:/ST/STM32CubeIDE_1.18.0/STM32CubeIDE/plugins/com.st.stm32cube.ide.mcu.externaltools.gnu-tools-for-stm32.13.3.rel1.win32_1.0.0.202411081344/tools/bin/../lib/gcc/arm-none-eabi/13.3.1/../../../../arm-none-eabi/lib/thumb/v7e-m+fp/hard\libc_nano.a(libc_a-nano-vfprintf_i.o)
                0x08007af0                        . = ALIGN (0x4)
 *fill*         0x08007acb        0x1 

.ARM.extab      0x08007acc        0x0
                0x08007acc                        . = ALIGN (0x4)
 *(.ARM.extab* .gnu.linkonce.armextab.*)
                0x08007acc                        . = ALIGN (0x4)

.ARM            0x08007acc        0x8
                0x08007acc                        . = ALIGN (0x4)
                0x08007acc                        __exidx_start = .
 *(.ARM.exidx*)
 .ARM.exidx     0x08007acc        0x8 C:/ST/STM32CubeIDE_1.18.0/STM32CubeIDE/plugins/com.st.stm32cube.ide.mcu.externaltools.gnu-tools-for-stm32.13.3.rel1.win32_1.0.0.202411081344/tools/bin/../lib/gcc/arm-none-eabi/13.3.1/../../../../arm-none-eabi/lib/thumb/v7e-m+fp/hard\libc_nano.a(libc_a-memchr.o)
 .ARM.exidx     0x08007ad4        0x0 C:/ST/STM32CubeIDE_1.18.0/STM32CubeIDE/plugins/com.st.stm32cube.ide.mcu.externaltools.gnu-tools-for-stm32.13.3.rel1.win32_1.0.0.202411081344/tools/bin/../lib/gcc/arm-none-eabi/13.3.1/thumb/v7e-m+fp/hard\libgcc.a(_udivmoddi4.o)
                                  0x8 (size before relaxing)
                0x08007ad4                        __exidx_end = .
                0x08007ad4                        . = ALIGN (0x4)

.preinit_array  0x08007ad4        0x0
                0x08007ad4                        . = ALIGN (0x4)
                0x08007ad4                        PROVIDE (__preinit_array_start = .)
 *(.preinit_array*)
                0x08007ad4                        PROVIDE (__preinit_array_end = .)
                0x08007ad4                        . = ALIGN (0x4)

.init_array     0x08007ad4        0x4
                0x08007ad4                        . = ALIGN (0x4)
                0x08007ad4                        PROVIDE (__init_array_start = .)
 *(SORT_BY_NAME(.init_array.*))
 *(.init_array*)
 .init_array    0x08007ad4        0x4 C:/ST/STM32CubeIDE_1.18.0/STM32CubeIDE/plugins/com.st.stm32cube.ide.mcu.externaltools.gnu-tools-for-stm32.13.3.rel1.win32_1.0.0.202411081344/tools/bin/../lib/gcc/arm-none-eabi/13.3.1/thumb/v7e-m+fp/hard/crtbegin.o
                0x08007ad8                        PROVIDE (__init_array_end = .)
                0x08007ad8                        . = ALIGN (0x4)

.fini_array     0x08007ad8        0x4
                0x08007ad8                        . = ALIGN (0x4)
                [!provide]                        PROVIDE (__fini_array_start = .)
 *(SORT_BY_NAME(.fini_array.*))
 *(.fini_array*)
 .fini_array    0x08007ad8        0x4 C:/ST/STM32CubeIDE_1.18.0/STM32CubeIDE/plugins/com.st.stm32cube.ide.mcu.externaltools.gnu-tools-for-stm32.13.3.rel1.win32_1.0.0.202411081344/tools/bin/../lib/gcc/arm-none-eabi/13.3.1/thumb/v7e-m+fp/hard/crtbegin.o
                [!provide]                        PROVIDE (__fini_array_end = .)
                0x08007adc                        . = ALIGN (0x4)
                0x08007adc                        _sidata = LOADADDR (.data)

.rel.dyn        0x08007adc        0x0
 .rel.iplt      0x08007adc        0x0 C:/ST/STM32CubeIDE_1.18.0/STM32CubeIDE/plugins/com.st.stm32cube.ide.mcu.externaltools.gnu-tools-for-stm32.13.3.rel1.win32_1.0.0.202411081344/tools/bin/../lib/gcc/arm-none-eabi/13.3.1/thumb/v7e-m+fp/hard/crtbegin.o

.data           0x20000000       0x80 load address 0x08007adc
                0x20000000                        . = ALIGN (0x4)
                0x20000000                        _sdata = .
 *(.data)
 *(.data*)
 .data.g_sh2_open_rc
                0x20000000        0x4 ./Core/Src/main.o
                0x20000000                g_sh2_open_rc
 .data.g_sh2_hal
                0x20000004       0x14 ./Core/Src/main.o
                0x20000004                g_sh2_hal
 .data.SystemCoreClock
                0x20000018        0x4 ./Core/Src/system_stm32f4xx.o
                0x20000018                SystemCoreClock
 .data.uwTickPrio
                0x2000001c        0x4 ./Drivers/STM32F4xx_HAL_Driver/Src/stm32f4xx_hal.o
                0x2000001c                uwTickPrio
 .data.uwTickFreq
                0x20000020        0x1 ./Drivers/STM32F4xx_HAL_Driver/Src/stm32f4xx_hal.o
                0x20000020                uwTickFreq
 *fill*         0x20000021        0x3 
 .data.__sglue  0x20000024        0xc C:/ST/STM32CubeIDE_1.18.0/STM32CubeIDE/plugins/com.st.stm32cube.ide.mcu.externaltools.gnu-tools-for-stm32.13.3.rel1.win32_1.0.0.202411081344/tools/bin/../lib/gcc/arm-none-eabi/13.3.1/../../../../arm-none-eabi/lib/thumb/v7e-m+fp/hard\libc_nano.a(libc_a-findfp.o)
                0x20000024                __sglue
 .data._impure_ptr
                0x20000030        0x4 C:/ST/STM32CubeIDE_1.18.0/STM32CubeIDE/plugins/com.st.stm32cube.ide.mcu.externaltools.gnu-tools-for-stm32.13.3.rel1.win32_1.0.0.202411081344/tools/bin/../lib/gcc/arm-none-eabi/13.3.1/../../../../arm-none-eabi/lib/thumb/v7e-m+fp/hard\libc_nano.a(libc_a-impure.o)
                0x20000030                _impure_ptr
 .data._impure_data
                0x20000034       0x4c C:/ST/STM32CubeIDE_1.18.0/STM32CubeIDE/plugins/com.st.stm32cube.ide.mcu.externaltools.gnu-tools-for-stm32.13.3.rel1.win32_1.0.0.202411081344/tools/bin/../lib/gcc/arm-none-eabi/13.3.1/../../../../arm-none-eabi/lib/thumb/v7e-m+fp/hard\libc_nano.a(libc_a-impure.o)
                0x20000034                _impure_data
 *(.RamFunc)
 *(.RamFunc*)
                0x20000080                        . = ALIGN (0x4)
                0x20000080                        _edata = .

.igot.plt       0x20000080        0x0 load address 0x08007b5c
 .igot.plt      0x20000080        0x0 C:/ST/STM32CubeIDE_1.18.0/STM32CubeIDE/plugins/com.st.stm32cube.ide.mcu.externaltools.gnu-tools-for-stm32.13.3.rel1.win32_1.0.0.202411081344/tools/bin/../lib/gcc/arm-none-eabi/13.3.1/thumb/v7e-m+fp/hard/crtbegin.o
                0x20000080                        . = ALIGN (0x4)

.bss            0x20000080      0xd28 load address 0x08007b5c
                0x20000080                        _sbss = .
                0x20000080                        __bss_start__ = _sbss
 *(.bss)
 .bss           0x20000080       0x1c C:/ST/STM32CubeIDE_1.18.0/STM32CubeIDE/plugins/com.st.stm32cube.ide.mcu.externaltools.gnu-tools-for-stm32.13.3.rel1.win32_1.0.0.202411081344/tools/bin/../lib/gcc/arm-none-eabi/13.3.1/thumb/v7e-m+fp/hard/crtbegin.o
 *(.bss*)
 .bss.hi2c1     0x2000009c       0x54 ./Core/Src/main.o
                0x2000009c                hi2c1
 .bss.huart2    0x200000f0       0x48 ./Core/Src/main.o
                0x200000f0                huart2
 .bss.g_t_centi
                0x20000138        0x4 ./Core/Src/main.o
                0x20000138                g_t_centi
 .bss.g_p_pa    0x2000013c        0x4 ./Core/Src/main.o
                0x2000013c                g_p_pa
 .bss.g_h_centi
                0x20000140        0x4 ./Core/Src/main.o
                0x20000140                g_h_centi
 .bss.g_bme_ok  0x20000144        0x1 ./Core/Src/main.o
                0x20000144                g_bme_ok
 .bss.g_bno_stream_ok
                0x20000145        0x1 ./Core/Src/main.o
                0x20000145                g_bno_stream_ok
 *fill*         0x20000146        0x2 
 .bss.g_ax      0x20000148        0x4 ./Core/Src/main.o
                0x20000148                g_ax
 .bss.g_ay      0x2000014c        0x4 ./Core/Src/main.o
                0x2000014c                g_ay
 .bss.g_az      0x20000150        0x4 ./Core/Src/main.o
                0x20000150                g_az
 .bss.g_gx      0x20000154        0x4 ./Core/Src/main.o
                0x20000154                g_gx
 .bss.g_gy      0x20000158        0x4 ./Core/Src/main.o
                0x20000158                g_gy
 .bss.g_gz      0x2000015c        0x4 ./Core/Src/main.o
                0x2000015c                g_gz
 .bss.bno_int_flag
                0x20000160        0x1 ./Core/Src/main.o
 *fill*         0x20000161        0x3 
 .bss.bno_int_time_us
                0x20000164        0x4 ./Core/Src/main.o
 .bss.g_bno_reads
                0x20000168        0x4 ./Core/Src/main.o
                0x20000168                g_bno_reads
 .bss.g_bno_read_err
                0x2000016c        0x4 ./Core/Src/main.o
                0x2000016c                g_bno_read_err
 .bss.g_bno_int_seen
                0x20000170        0x1 ./Core/Src/main.o
                0x20000170                g_bno_int_seen
 *fill*         0x20000171        0x1 
 .bss.g_bno_last_len
                0x20000172        0x2 ./Core/Src/main.o
                0x20000172                g_bno_last_len
 .bss.g_bno_hdr0
                0x20000174        0x1 ./Core/Src/main.o
                0x20000174                g_bno_hdr0
 .bss.g_bno_hdr1
                0x20000175        0x1 ./Core/Src/main.o
                0x20000175                g_bno_hdr1
 .bss.g_bno_chan
                0x20000176        0x1 ./Core/Src/main.o
                0x20000176                g_bno_chan
 .bss.g_bno_seq
                0x20000177        0x1 ./Core/Src/main.o
                0x20000177                g_bno_seq
 .bss.bme       0x20000178       0x28 ./Core/Src/main.o
 .bss._sh2      0x200001a0      0x178 ./Core/Src/sh2.o
                0x200001a0                _sh2
 .bss.sh2AsyncEvent
                0x20000318       0x1c ./Core/Src/sh2.o
 .bss.lastHostInt.1
                0x20000334        0x4 ./Core/Src/sh2.o
 .bss.rollovers.0
                0x20000338        0x4 ./Core/Src/sh2.o
 .bss.instances
                0x2000033c      0x914 ./Core/Src/shtp.o
 .bss.shtp_initialized
                0x20000c50        0x1 ./Core/Src/shtp.o
 *fill*         0x20000c51        0x3 
 .bss.__sbrk_heap_end
                0x20000c54        0x4 ./Core/Src/sysmem.o
 .bss.uwTick    0x20000c58        0x4 ./Drivers/STM32F4xx_HAL_Driver/Src/stm32f4xx_hal.o
                0x20000c58                uwTick
 .bss.__sf      0x20000c5c      0x138 C:/ST/STM32CubeIDE_1.18.0/STM32CubeIDE/plugins/com.st.stm32cube.ide.mcu.externaltools.gnu-tools-for-stm32.13.3.rel1.win32_1.0.0.202411081344/tools/bin/../lib/gcc/arm-none-eabi/13.3.1/../../../../arm-none-eabi/lib/thumb/v7e-m+fp/hard\libc_nano.a(libc_a-findfp.o)
                0x20000c5c                __sf
 .bss.__stdio_exit_handler
                0x20000d94        0x4 C:/ST/STM32CubeIDE_1.18.0/STM32CubeIDE/plugins/com.st.stm32cube.ide.mcu.externaltools.gnu-tools-for-stm32.13.3.rel1.win32_1.0.0.202411081344/tools/bin/../lib/gcc/arm-none-eabi/13.3.1/../../../../arm-none-eabi/lib/thumb/v7e-m+fp/hard\libc_nano.a(libc_a-findfp.o)
                0x20000d94                __stdio_exit_handler
 .bss.errno     0x20000d98        0x4 C:/ST/STM32CubeIDE_1.18.0/STM32CubeIDE/plugins/com.st.stm32cube.ide.mcu.externaltools.gnu-tools-for-stm32.13.3.rel1.win32_1.0.0.202411081344/tools/bin/../lib/gcc/arm-none-eabi/13.3.1/../../../../arm-none-eabi/lib/thumb/v7e-m+fp/hard\libc_nano.a(libc_a-reent.o)
                0x20000d98                errno
 .bss.__lock___malloc_recursive_mutex
                0x20000d9c        0x1 C:/ST/STM32CubeIDE_1.18.0/STM32CubeIDE/plugins/com.st.stm32cube.ide.mcu.externaltools.gnu-tools-for-stm32.13.3.rel1.win32_1.0.0.202411081344/tools/bin/../lib/gcc/arm-none-eabi/13.3.1/../../../../arm-none-eabi/lib/thumb/v7e-m+fp/hard\libc_nano.a(libc_a-lock.o)
                0x20000d9c                __lock___malloc_recursive_mutex
 .bss.__lock___sfp_recursive_mutex
                0x20000d9d        0x1 C:/ST/STM32CubeIDE_1.18.0/STM32CubeIDE/plugins/com.st.stm32cube.ide.mcu.externaltools.gnu-tools-for-stm32.13.3.rel1.win32_1.0.0.202411081344/tools/bin/../lib/gcc/arm-none-eabi/13.3.1/../../../../arm-none-eabi/lib/thumb/v7e-m+fp/hard\libc_nano.a(libc_a-lock.o)
                0x20000d9d                __lock___sfp_recursive_mutex
 *fill*         0x20000d9e        0x2 
 .bss.__malloc_sbrk_start
                0x20000da0        0x4 C:/ST/STM32CubeIDE_1.18.0/STM32CubeIDE/plugins/com.st.stm32cube.ide.mcu.externaltools.gnu-tools-for-stm32.13.3.rel1.win32_1.0.0.202411081344/tools/bin/../lib/gcc/arm-none-eabi/13.3.1/../../../../arm-none-eabi/lib/thumb/v7e-m+fp/hard\libc_nano.a(libc_a-mallocr.o)
                0x20000da0                __malloc_sbrk_start
 .bss.__malloc_free_list
                0x20000da4        0x4 C:/ST/STM32CubeIDE_1.18.0/STM32CubeIDE/plugins/com.st.stm32cube.ide.mcu.externaltools.gnu-tools-for-stm32.13.3.rel1.win32_1.0.0.202411081344/tools/bin/../lib/gcc/arm-none-eabi/13.3.1/../../../../arm-none-eabi/lib/thumb/v7e-m+fp/hard\libc_nano.a(libc_a-mallocr.o)
                0x20000da4                __malloc_free_list
 *(COMMON)
                0x20000da8                        . = ALIGN (0x4)
                0x20000da8                        _ebss = .
                0x20000da8                        __bss_end__ = _ebss

._user_heap_stack
                0x20000da8      0x600 load address 0x08007b5c
                0x20000da8                        . = ALIGN (0x8)
                [!provide]                        PROVIDE (end = .)
                0x20000da8                        PROVIDE (_end = .)
                0x20000fa8                        . = (. + _Min_Heap_Size)
 *fill*         0x20000da8      0x200 
                0x200013a8                        . = (. + _Min_Stack_Size)
 *fill*         0x20000fa8      0x400 
                0x200013a8                        . = ALIGN (0x8)

/DISCARD/
 libc.a(*)
 libm.a(*)
 libgcc.a(*)

.ARM.attributes
                0x00000000       0x30
 *(.ARM.attributes)
 .ARM.attributes
                0x00000000       0x22 C:/ST/STM32CubeIDE_1.18.0/STM32CubeIDE/plugins/com.st.stm32cube.ide.mcu.externaltools.gnu-tools-for-stm32.13.3.rel1.win32_1.0.0.202411081344/tools/bin/../lib/gcc/arm-none-eabi/13.3.1/thumb/v7e-m+fp/hard/crti.o
 .ARM.attributes
                0x00000022       0x34 C:/ST/STM32CubeIDE_1.18.0/STM32CubeIDE/plugins/com.st.stm32cube.ide.mcu.externaltools.gnu-tools-for-stm32.13.3.rel1.win32_1.0.0.202411081344/tools/bin/../lib/gcc/arm-none-eabi/13.3.1/thumb/v7e-m+fp/hard/crtbegin.o
 .ARM.attributes
                0x00000056       0x34 ./Core/Src/main.o
 .ARM.attributes
                0x0000008a       0x34 ./Core/Src/sh2.o
 .ARM.attributes
                0x000000be       0x34 ./Core/Src/sh2_SensorValue.o
 .ARM.attributes
                0x000000f2       0x34 ./Core/Src/sh2_util.o
 .ARM.attributes
                0x00000126       0x34 ./Core/Src/shtp.o
 .ARM.attributes
                0x0000015a       0x34 ./Core/Src/stm32f4xx_hal_msp.o
 .ARM.attributes
                0x0000018e       0x34 ./Core/Src/stm32f4xx_it.o
 .ARM.attributes
                0x000001c2       0x34 ./Core/Src/syscalls.o
 .ARM.attributes
                0x000001f6       0x34 ./Core/Src/sysmem.o
 .ARM.attributes
                0x0000022a       0x34 ./Core/Src/system_stm32f4xx.o
 .ARM.attributes
                0x0000025e       0x21 ./Core/Startup/startup_stm32f411ceux.o
 .ARM.attributes
                0x0000027f       0x34 ./Drivers/STM32F4xx_HAL_Driver/Src/stm32f4xx_hal.o
 .ARM.attributes
                0x000002b3       0x34 ./Drivers/STM32F4xx_HAL_Driver/Src/stm32f4xx_hal_cortex.o
 .ARM.attributes
                0x000002e7       0x34 ./Drivers/STM32F4xx_HAL_Driver/Src/stm32f4xx_hal_gpio.o
 .ARM.attributes
                0x0000031b       0x34 ./Drivers/STM32F4xx_HAL_Driver/Src/stm32f4xx_hal_i2c.o
 .ARM.attributes
                0x0000034f       0x34 ./Drivers/STM32F4xx_HAL_Driver/Src/stm32f4xx_hal_rcc.o
 .ARM.attributes
                0x00000383       0x34 ./Drivers/STM32F4xx_HAL_Driver/Src/stm32f4xx_hal_uart.o
 .ARM.attributes
                0x000003b7       0x34 C:/ST/STM32CubeIDE_1.18.0/STM32CubeIDE/plugins/com.st.stm32cube.ide.mcu.externaltools.gnu-tools-for-stm32.13.3.rel1.win32_1.0.0.202411081344/tools/bin/../lib/gcc/arm-none-eabi/13.3.1/../../../../arm-none-eabi/lib/thumb/v7e-m+fp/hard\libc_nano.a(libc_a-findfp.o)
 .ARM.attributes
                0x000003eb       0x34 C:/ST/STM32CubeIDE_1.18.0/STM32CubeIDE/plugins/com.st.stm32cube.ide.mcu.externaltools.gnu-tools-for-stm32.13.3.rel1.win32_1.0.0.202411081344/tools/bin/../lib/gcc/arm-none-eabi/13.3.1/../../../../arm-none-eabi/lib/thumb/v7e-m+fp/hard\libc_nano.a(libc_a-fwalk.o)
 .ARM.attributes
                0x0000041f       0x34 C:/ST/STM32CubeIDE_1.18.0/STM32CubeIDE/plugins/com.st.stm32cube.ide.mcu.externaltools.gnu-tools-for-stm32.13.3.rel1.win32_1.0.0.202411081344/tools/bin/../lib/gcc/arm-none-eabi/13.3.1/../../../../arm-none-eabi/lib/thumb/v7e-m+fp/hard\libc_nano.a(libc_a-printf.o)
 .ARM.attributes
                0x00000453       0x34 C:/ST/STM32CubeIDE_1.18.0/STM32CubeIDE/plugins/com.st.stm32cube.ide.mcu.externaltools.gnu-tools-for-stm32.13.3.rel1.win32_1.0.0.202411081344/tools/bin/../lib/gcc/arm-none-eabi/13.3.1/../../../../arm-none-eabi/lib/thumb/v7e-m+fp/hard\libc_nano.a(libc_a-puts.o)
 .ARM.attributes
                0x00000487       0x34 C:/ST/STM32CubeIDE_1.18.0/STM32CubeIDE/plugins/com.st.stm32cube.ide.mcu.externaltools.gnu-tools-for-stm32.13.3.rel1.win32_1.0.0.202411081344/tools/bin/../lib/gcc/arm-none-eabi/13.3.1/../../../../arm-none-eabi/lib/thumb/v7e-m+fp/hard\libc_nano.a(libc_a-stdio.o)
 .ARM.attributes
                0x000004bb       0x34 C:/ST/STM32CubeIDE_1.18.0/STM32CubeIDE/plugins/com.st.stm32cube.ide.mcu.externaltools.gnu-tools-for-stm32.13.3.rel1.win32_1.0.0.202411081344/tools/bin/../lib/gcc/arm-none-eabi/13.3.1/../../../../arm-none-eabi/lib/thumb/v7e-m+fp/hard\libc_nano.a(libc_a-wbuf.o)
 .ARM.attributes
                0x000004ef       0x34 C:/ST/STM32CubeIDE_1.18.0/STM32CubeIDE/plugins/com.st.stm32cube.ide.mcu.externaltools.gnu-tools-for-stm32.13.3.rel1.win32_1.0.0.202411081344/tools/bin/../lib/gcc/arm-none-eabi/13.3.1/../../../../arm-none-eabi/lib/thumb/v7e-m+fp/hard\libc_nano.a(libc_a-wsetup.o)
 .ARM.attributes
                0x00000523       0x34 C:/ST/STM32CubeIDE_1.18.0/STM32CubeIDE/plugins/com.st.stm32cube.ide.mcu.externaltools.gnu-tools-for-stm32.13.3.rel1.win32_1.0.0.202411081344/tools/bin/../lib/gcc/arm-none-eabi/13.3.1/../../../../arm-none-eabi/lib/thumb/v7e-m+fp/hard\libc_nano.a(libc_a-memset.o)
 .ARM.attributes
                0x00000557       0x34 C:/ST/STM32CubeIDE_1.18.0/STM32CubeIDE/plugins/com.st.stm32cube.ide.mcu.externaltools.gnu-tools-for-stm32.13.3.rel1.win32_1.0.0.202411081344/tools/bin/../lib/gcc/arm-none-eabi/13.3.1/../../../../arm-none-eabi/lib/thumb/v7e-m+fp/hard\libc_nano.a(libc_a-closer.o)
 .ARM.attributes
                0x0000058b       0x34 C:/ST/STM32CubeIDE_1.18.0/STM32CubeIDE/plugins/com.st.stm32cube.ide.mcu.externaltools.gnu-tools-for-stm32.13.3.rel1.win32_1.0.0.202411081344/tools/bin/../lib/gcc/arm-none-eabi/13.3.1/../../../../arm-none-eabi/lib/thumb/v7e-m+fp/hard\libc_nano.a(libc_a-reent.o)
 .ARM.attributes
                0x000005bf       0x34 C:/ST/STM32CubeIDE_1.18.0/STM32CubeIDE/plugins/com.st.stm32cube.ide.mcu.externaltools.gnu-tools-for-stm32.13.3.rel1.win32_1.0.0.202411081344/tools/bin/../lib/gcc/arm-none-eabi/13.3.1/../../../../arm-none-eabi/lib/thumb/v7e-m+fp/hard\libc_nano.a(libc_a-impure.o)
 .ARM.attributes
                0x000005f3       0x34 C:/ST/STM32CubeIDE_1.18.0/STM32CubeIDE/plugins/com.st.stm32cube.ide.mcu.externaltools.gnu-tools-for-stm32.13.3.rel1.win32_1.0.0.202411081344/tools/bin/../lib/gcc/arm-none-eabi/13.3.1/../../../../arm-none-eabi/lib/thumb/v7e-m+fp/hard\libc_nano.a(libc_a-lseekr.o)
 .ARM.attributes
                0x00000627       0x34 C:/ST/STM32CubeIDE_1.18.0/STM32CubeIDE/plugins/com.st.stm32cube.ide.mcu.externaltools.gnu-tools-for-stm32.13.3.rel1.win32_1.0.0.202411081344/tools/bin/../lib/gcc/arm-none-eabi/13.3.1/../../../../arm-none-eabi/lib/thumb/v7e-m+fp/hard\libc_nano.a(libc_a-readr.o)
 .ARM.attributes
                0x0000065b       0x34 C:/ST/STM32CubeIDE_1.18.0/STM32CubeIDE/plugins/com.st.stm32cube.ide.mcu.externaltools.gnu-tools-for-stm32.13.3.rel1.win32_1.0.0.202411081344/tools/bin/../lib/gcc/arm-none-eabi/13.3.1/../../../../arm-none-eabi/lib/thumb/v7e-m+fp/hard\libc_nano.a(libc_a-writer.o)
 .ARM.attributes
                0x0000068f       0x34 C:/ST/STM32CubeIDE_1.18.0/STM32CubeIDE/plugins/com.st.stm32cube.ide.mcu.externaltools.gnu-tools-for-stm32.13.3.rel1.win32_1.0.0.202411081344/tools/bin/../lib/gcc/arm-none-eabi/13.3.1/../../../../arm-none-eabi/lib/thumb/v7e-m+fp/hard\libc_nano.a(libc_a-errno.o)
 .ARM.attributes
                0x000006c3       0x34 C:/ST/STM32CubeIDE_1.18.0/STM32CubeIDE/plugins/com.st.stm32cube.ide.mcu.externaltools.gnu-tools-for-stm32.13.3.rel1.win32_1.0.0.202411081344/tools/bin/../lib/gcc/arm-none-eabi/13.3.1/../../../../arm-none-eabi/lib/thumb/v7e-m+fp/hard\libc_nano.a(libc_a-init.o)
 .ARM.attributes
                0x000006f7       0x34 C:/ST/STM32CubeIDE_1.18.0/STM32CubeIDE/plugins/com.st.stm32cube.ide.mcu.externaltools.gnu-tools-for-stm32.13.3.rel1.win32_1.0.0.202411081344/tools/bin/../lib/gcc/arm-none-eabi/13.3.1/../../../../arm-none-eabi/lib/thumb/v7e-m+fp/hard\libc_nano.a(libc_a-lock.o)
 .ARM.attributes
                0x0000072b       0x34 C:/ST/STM32CubeIDE_1.18.0/STM32CubeIDE/plugins/com.st.stm32cube.ide.mcu.externaltools.gnu-tools-for-stm32.13.3.rel1.win32_1.0.0.202411081344/tools/bin/../lib/gcc/arm-none-eabi/13.3.1/../../../../arm-none-eabi/lib/thumb/v7e-m+fp/hard\libc_nano.a(libc_a-memcpy-stub.o)
 .ARM.attributes
                0x0000075f       0x34 C:/ST/STM32CubeIDE_1.18.0/STM32CubeIDE/plugins/com.st.stm32cube.ide.mcu.externaltools.gnu-tools-for-stm32.13.3.rel1.win32_1.0.0.202411081344/tools/bin/../lib/gcc/arm-none-eabi/13.3.1/../../../../arm-none-eabi/lib/thumb/v7e-m+fp/hard\libc_nano.a(libc_a-freer.o)
 .ARM.attributes
                0x00000793       0x34 C:/ST/STM32CubeIDE_1.18.0/STM32CubeIDE/plugins/com.st.stm32cube.ide.mcu.externaltools.gnu-tools-for-stm32.13.3.rel1.win32_1.0.0.202411081344/tools/bin/../lib/gcc/arm-none-eabi/13.3.1/../../../../arm-none-eabi/lib/thumb/v7e-m+fp/hard\libc_nano.a(libc_a-mallocr.o)
 .ARM.attributes
                0x000007c7       0x34 C:/ST/STM32CubeIDE_1.18.0/STM32CubeIDE/plugins/com.st.stm32cube.ide.mcu.externaltools.gnu-tools-for-stm32.13.3.rel1.win32_1.0.0.202411081344/tools/bin/../lib/gcc/arm-none-eabi/13.3.1/../../../../arm-none-eabi/lib/thumb/v7e-m+fp/hard\libc_nano.a(libc_a-mlock.o)
 .ARM.attributes
                0x000007fb       0x34 C:/ST/STM32CubeIDE_1.18.0/STM32CubeIDE/plugins/com.st.stm32cube.ide.mcu.externaltools.gnu-tools-for-stm32.13.3.rel1.win32_1.0.0.202411081344/tools/bin/../lib/gcc/arm-none-eabi/13.3.1/../../../../arm-none-eabi/lib/thumb/v7e-m+fp/hard\libc_nano.a(libc_a-nano-vfprintf.o)
 .ARM.attributes
                0x0000082f       0x34 C:/ST/STM32CubeIDE_1.18.0/STM32CubeIDE/plugins/com.st.stm32cube.ide.mcu.externaltools.gnu-tools-for-stm32.13.3.rel1.win32_1.0.0.202411081344/tools/bin/../lib/gcc/arm-none-eabi/13.3.1/../../../../arm-none-eabi/lib/thumb/v7e-m+fp/hard\libc_nano.a(libc_a-nano-vfprintf_i.o)
 .ARM.attributes
                0x00000863       0x34 C:/ST/STM32CubeIDE_1.18.0/STM32CubeIDE/plugins/com.st.stm32cube.ide.mcu.externaltools.gnu-tools-for-stm32.13.3.rel1.win32_1.0.0.202411081344/tools/bin/../lib/gcc/arm-none-eabi/13.3.1/../../../../arm-none-eabi/lib/thumb/v7e-m+fp/hard\libc_nano.a(libc_a-fflush.o)
 .ARM.attributes
                0x00000897       0x34 C:/ST/STM32CubeIDE_1.18.0/STM32CubeIDE/plugins/com.st.stm32cube.ide.mcu.externaltools.gnu-tools-for-stm32.13.3.rel1.win32_1.0.0.202411081344/tools/bin/../lib/gcc/arm-none-eabi/13.3.1/../../../../arm-none-eabi/lib/thumb/v7e-m+fp/hard\libc_nano.a(libc_a-makebuf.o)
 .ARM.attributes
                0x000008cb       0x34 C:/ST/STM32CubeIDE_1.18.0/STM32CubeIDE/plugins/com.st.stm32cube.ide.mcu.externaltools.gnu-tools-for-stm32.13.3.rel1.win32_1.0.0.202411081344/tools/bin/../lib/gcc/arm-none-eabi/13.3.1/../../../../arm-none-eabi/lib/thumb/v7e-m+fp/hard\libc_nano.a(libc_a-fstatr.o)
 .ARM.attributes
                0x000008ff       0x34 C:/ST/STM32CubeIDE_1.18.0/STM32CubeIDE/plugins/com.st.stm32cube.ide.mcu.externaltools.gnu-tools-for-stm32.13.3.rel1.win32_1.0.0.202411081344/tools/bin/../lib/gcc/arm-none-eabi/13.3.1/../../../../arm-none-eabi/lib/thumb/v7e-m+fp/hard\libc_nano.a(libc_a-isattyr.o)
 .ARM.attributes
                0x00000933       0x34 C:/ST/STM32CubeIDE_1.18.0/STM32CubeIDE/plugins/com.st.stm32cube.ide.mcu.externaltools.gnu-tools-for-stm32.13.3.rel1.win32_1.0.0.202411081344/tools/bin/../lib/gcc/arm-none-eabi/13.3.1/../../../../arm-none-eabi/lib/thumb/v7e-m+fp/hard\libc_nano.a(libc_a-sbrkr.o)
 .ARM.attributes
                0x00000967       0x1c C:/ST/STM32CubeIDE_1.18.0/STM32CubeIDE/plugins/com.st.stm32cube.ide.mcu.externaltools.gnu-tools-for-stm32.13.3.rel1.win32_1.0.0.202411081344/tools/bin/../lib/gcc/arm-none-eabi/13.3.1/../../../../arm-none-eabi/lib/thumb/v7e-m+fp/hard\libc_nano.a(libc_a-memchr.o)
 .ARM.attributes
                0x00000983       0x22 C:/ST/STM32CubeIDE_1.18.0/STM32CubeIDE/plugins/com.st.stm32cube.ide.mcu.externaltools.gnu-tools-for-stm32.13.3.rel1.win32_1.0.0.202411081344/tools/bin/../lib/gcc/arm-none-eabi/13.3.1/thumb/v7e-m+fp/hard\libgcc.a(_aeabi_ldivmod.o)
 .ARM.attributes
                0x000009a5       0x22 C:/ST/STM32CubeIDE_1.18.0/STM32CubeIDE/plugins/com.st.stm32cube.ide.mcu.externaltools.gnu-tools-for-stm32.13.3.rel1.win32_1.0.0.202411081344/tools/bin/../lib/gcc/arm-none-eabi/13.3.1/thumb/v7e-m+fp/hard\libgcc.a(_aeabi_uldivmod.o)
 .ARM.attributes
                0x000009c7       0x34 C:/ST/STM32CubeIDE_1.18.0/STM32CubeIDE/plugins/com.st.stm32cube.ide.mcu.externaltools.gnu-tools-for-stm32.13.3.rel1.win32_1.0.0.202411081344/tools/bin/../lib/gcc/arm-none-eabi/13.3.1/thumb/v7e-m+fp/hard\libgcc.a(_udivmoddi4.o)
 .ARM.attributes
                0x000009fb       0x22 C:/ST/STM32CubeIDE_1.18.0/STM32CubeIDE/plugins/com.st.stm32cube.ide.mcu.externaltools.gnu-tools-for-stm32.13.3.rel1.win32_1.0.0.202411081344/tools/bin/../lib/gcc/arm-none-eabi/13.3.1/thumb/v7e-m+fp/hard\libgcc.a(_dvmd_tls.o)
 .ARM.attributes
                0x00000a1d       0x22 C:/ST/STM32CubeIDE_1.18.0/STM32CubeIDE/plugins/com.st.stm32cube.ide.mcu.externaltools.gnu-tools-for-stm32.13.3.rel1.win32_1.0.0.202411081344/tools/bin/../lib/gcc/arm-none-eabi/13.3.1/thumb/v7e-m+fp/hard/crtn.o
OUTPUT(Fly_Computer_CANSAT_2026.elf elf32-littlearm)
LOAD linker stubs
LOAD C:/ST/STM32CubeIDE_1.18.0/STM32CubeIDE/plugins/com.st.stm32cube.ide.mcu.externaltools.gnu-tools-for-stm32.13.3.rel1.win32_1.0.0.202411081344/tools/bin/../lib/gcc/arm-none-eabi/13.3.1/../../../../arm-none-eabi/lib/thumb/v7e-m+fp/hard\libc.a
LOAD C:/ST/STM32CubeIDE_1.18.0/STM32CubeIDE/plugins/com.st.stm32cube.ide.mcu.externaltools.gnu-tools-for-stm32.13.3.rel1.win32_1.0.0.202411081344/tools/bin/../lib/gcc/arm-none-eabi/13.3.1/../../../../arm-none-eabi/lib/thumb/v7e-m+fp/hard\libm.a
LOAD C:/ST/STM32CubeIDE_1.18.0/STM32CubeIDE/plugins/com.st.stm32cube.ide.mcu.externaltools.gnu-tools-for-stm32.13.3.rel1.win32_1.0.0.202411081344/tools/bin/../lib/gcc/arm-none-eabi/13.3.1/thumb/v7e-m+fp/hard\libgcc.a

.debug_info     0x00000000    0x1171d
 .debug_info    0x00000000     0x2d55 ./Core/Src/main.o
 .debug_info    0x00002d55     0x3204 ./Core/Src/sh2.o
 .debug_info    0x00005f59     0x182b ./Core/Src/sh2_SensorValue.o
 .debug_info    0x00007784      0x35f ./Core/Src/sh2_util.o
 .debug_info    0x00007ae3      0x804 ./Core/Src/shtp.o
 .debug_info    0x000082e7      0xc3a ./Core/Src/stm32f4xx_hal_msp.o
 .debug_info    0x00008f21      0x14a ./Core/Src/stm32f4xx_it.o
 .debug_info    0x0000906b      0x6a3 ./Core/Src/syscalls.o
 .debug_info    0x0000970e      0x168 ./Core/Src/sysmem.o
 .debug_info    0x00009876      0x53e ./Core/Src/system_stm32f4xx.o
 .debug_info    0x00009db4       0x30 ./Core/Startup/startup_stm32f411ceux.o
 .debug_info    0x00009de4      0x8c4 ./Drivers/STM32F4xx_HAL_Driver/Src/stm32f4xx_hal.o
 .debug_info    0x0000a6a8      0xcfc ./Drivers/STM32F4xx_HAL_Driver/Src/stm32f4xx_hal_cortex.o
 .debug_info    0x0000b3a4      0x6f9 ./Drivers/STM32F4xx_HAL_Driver/Src/stm32f4xx_hal_gpio.o
 .debug_info    0x0000ba9d     0x2426 ./Drivers/STM32F4xx_HAL_Driver/Src/stm32f4xx_hal_i2c.o
 .debug_info    0x0000dec3      0x904 ./Drivers/STM32F4xx_HAL_Driver/Src/stm32f4xx_hal_rcc.o
 .debug_info    0x0000e7c7     0x2f56 ./Drivers/STM32F4xx_HAL_Driver/Src/stm32f4xx_hal_uart.o

.debug_abbrev   0x00000000     0x2303
 .debug_abbrev  0x00000000      0x491 ./Core/Src/main.o
 .debug_abbrev  0x00000491      0x33b ./Core/Src/sh2.o
 .debug_abbrev  0x000007cc      0x220 ./Core/Src/sh2_SensorValue.o
 .debug_abbrev  0x000009ec       0xd8 ./Core/Src/sh2_util.o
 .debug_abbrev  0x00000ac4      0x27b ./Core/Src/shtp.o
 .debug_abbrev  0x00000d3f      0x1ac ./Core/Src/stm32f4xx_hal_msp.o
 .debug_abbrev  0x00000eeb       0xa0 ./Core/Src/stm32f4xx_it.o
 .debug_abbrev  0x00000f8b      0x1b6 ./Core/Src/syscalls.o
 .debug_abbrev  0x00001141       0xbc ./Core/Src/sysmem.o
 .debug_abbrev  0x000011fd      0x11a ./Core/Src/system_stm32f4xx.o
 .debug_abbrev  0x00001317       0x24 ./Core/Startup/startup_stm32f411ceux.o
 .debug_abbrev  0x0000133b      0x24b ./Drivers/STM32F4xx_HAL_Driver/Src/stm32f4xx_hal.o
 .debug_abbrev  0x00001586      0x31d ./Drivers/STM32F4xx_HAL_Driver/Src/stm32f4xx_hal_cortex.o
 .debug_abbrev  0x000018a3      0x1d3 ./Drivers/STM32F4xx_HAL_Driver/Src/stm32f4xx_hal_gpio.o
 .debug_abbrev  0x00001a76      0x2bc ./Drivers/STM32F4xx_HAL_Driver/Src/stm32f4xx_hal_i2c.o
 .debug_abbrev  0x00001d32      0x2b6 ./Drivers/STM32F4xx_HAL_Driver/Src/stm32f4xx_hal_rcc.o
 .debug_abbrev  0x00001fe8      0x31b ./Drivers/STM32F4xx_HAL_Driver/Src/stm32f4xx_hal_uart.o

.debug_aranges  0x00000000      0xf98
 .debug_aranges
                0x00000000       0xf8 ./Core/Src/main.o
 .debug_aranges
                0x000000f8      0x2e0 ./Core/Src/sh2.o
 .debug_aranges
                0x000003d8      0x168 ./Core/Src/sh2_SensorValue.o
 .debug_aranges
                0x00000540       0x78 ./Core/Src/sh2_util.o
 .debug_aranges
                0x000005b8       0x70 ./Core/Src/shtp.o
 .debug_aranges
                0x00000628       0x40 ./Core/Src/stm32f4xx_hal_msp.o
 .debug_aranges
                0x00000668       0x68 ./Core/Src/stm32f4xx_it.o
 .debug_aranges
                0x000006d0       0xa8 ./Core/Src/syscalls.o
 .debug_aranges
                0x00000778       0x20 ./Core/Src/sysmem.o
 .debug_aranges
                0x00000798       0x28 ./Core/Src/system_stm32f4xx.o
 .debug_aranges
                0x000007c0       0x28 ./Core/Startup/startup_stm32f411ceux.o
 .debug_aranges
                0x000007e8       0xf0 ./Drivers/STM32F4xx_HAL_Driver/Src/stm32f4xx_hal.o
 .debug_aranges
                0x000008d8      0x130 ./Drivers/STM32F4xx_HAL_Driver/Src/stm32f4xx_hal_cortex.o
 .debug_aranges
                0x00000a08       0x58 ./Drivers/STM32F4xx_HAL_Driver/Src/stm32f4xx_hal_gpio.o
 .debug_aranges
                0x00000a60      0x2a8 ./Drivers/STM32F4xx_HAL_Driver/Src/stm32f4xx_hal_i2c.o
 .debug_aranges
                0x00000d08       0x88 ./Drivers/STM32F4xx_HAL_Driver/Src/stm32f4xx_hal_rcc.o
 .debug_aranges
                0x00000d90      0x208 ./Drivers/STM32F4xx_HAL_Driver/Src/stm32f4xx_hal_uart.o

.debug_rnglists
                0x00000000      0xc15
 .debug_rnglists
                0x00000000       0xbe ./Core/Src/main.o
 .debug_rnglists
                0x000000be      0x237 ./Core/Src/sh2.o
 .debug_rnglists
                0x000002f5      0x119 ./Core/Src/sh2_SensorValue.o
 .debug_rnglists
                0x0000040e       0x55 ./Core/Src/sh2_util.o
 .debug_rnglists
                0x00000463       0x51 ./Core/Src/shtp.o
 .debug_rnglists
                0x000004b4       0x2d ./Core/Src/stm32f4xx_hal_msp.o
 .debug_rnglists
                0x000004e1       0x49 ./Core/Src/stm32f4xx_it.o
 .debug_rnglists
                0x0000052a       0x79 ./Core/Src/syscalls.o
 .debug_rnglists
                0x000005a3       0x13 ./Core/Src/sysmem.o
 .debug_rnglists
                0x000005b6       0x1a ./Core/Src/system_stm32f4xx.o
 .debug_rnglists
                0x000005d0       0x19 ./Core/Startup/startup_stm32f411ceux.o
 .debug_rnglists
                0x000005e9       0xaf ./Drivers/STM32F4xx_HAL_Driver/Src/stm32f4xx_hal.o
 .debug_rnglists
                0x00000698       0xe0 ./Drivers/STM32F4xx_HAL_Driver/Src/stm32f4xx_hal_cortex.o
 .debug_rnglists
                0x00000778       0x3f ./Drivers/STM32F4xx_HAL_Driver/Src/stm32f4xx_hal_gpio.o
 .debug_rnglists
                0x000007b7      0x23c ./Drivers/STM32F4xx_HAL_Driver/Src/stm32f4xx_hal_i2c.o
 .debug_rnglists
                0x000009f3       0x66 ./Drivers/STM32F4xx_HAL_Driver/Src/stm32f4xx_hal_rcc.o
 .debug_rnglists
                0x00000a59      0x1bc ./Drivers/STM32F4xx_HAL_Driver/Src/stm32f4xx_hal_uart.o

.debug_macro    0x00000000    0x161aa
 .debug_macro   0x00000000      0x373 ./Core/Src/main.o
 .debug_macro   0x00000373      0x29b ./Core/Src/main.o
 .debug_macro   0x0000060e       0x2e ./Core/Src/main.o
 .debug_macro   0x0000063c       0x28 ./Core/Src/main.o
 .debug_macro   0x00000664       0x8e ./Core/Src/main.o
 .debug_macro   0x000006f2       0x51 ./Core/Src/main.o
 .debug_macro   0x00000743      0x103 ./Core/Src/main.o
 .debug_macro   0x00000846       0x6a ./Core/Src/main.o
 .debug_macro   0x000008b0      0x1df ./Core/Src/main.o
 .debug_macro   0x00000a8f       0x1c ./Core/Src/main.o
 .debug_macro   0x00000aab       0x22 ./Core/Src/main.o
 .debug_macro   0x00000acd       0xfb ./Core/Src/main.o
 .debug_macro   0x00000bc8     0x1011 ./Core/Src/main.o
 .debug_macro   0x00001bd9      0x11f ./Core/Src/main.o
 .debug_macro   0x00001cf8     0xb968 ./Core/Src/main.o
 .debug_macro   0x0000d660       0x6d ./Core/Src/main.o
 .debug_macro   0x0000d6cd     0x3693 ./Core/Src/main.o
 .debug_macro   0x00010d60       0x5c ./Core/Src/main.o
 .debug_macro   0x00010dbc      0x45c ./Core/Src/main.o
 .debug_macro   0x00011218      0x9e9 ./Core/Src/main.o
 .debug_macro   0x00011c01      0x115 ./Core/Src/main.o
 .debug_macro   0x00011d16      0x11b ./Core/Src/main.o
 .debug_macro   0x00011e31       0xa5 ./Core/Src/main.o
 .debug_macro   0x00011ed6      0x15f ./Core/Src/main.o
 .debug_macro   0x00012035      0x287 ./Core/Src/main.o
 .debug_macro   0x000122bc       0x5f ./Core/Src/main.o
 .debug_macro   0x0001231b      0x236 ./Core/Src/main.o
 .debug_macro   0x00012551      0x132 ./Core/Src/main.o
 .debug_macro   0x00012683      0x264 ./Core/Src/main.o
 .debug_macro   0x000128e7       0x2e ./Core/Src/main.o
 .debug_macro   0x00012915      0x1b5 ./Core/Src/main.o
 .debug_macro   0x00012aca       0x22 ./Core/Src/main.o
 .debug_macro   0x00012aec       0xd6 ./Core/Src/main.o
 .debug_macro   0x00012bc2      0x127 ./Core/Src/main.o
 .debug_macro   0x00012ce9       0x85 ./Core/Src/main.o
 .debug_macro   0x00012d6e       0x89 ./Core/Src/main.o
 .debug_macro   0x00012df7      0x2aa ./Core/Src/main.o
 .debug_macro   0x000130a1      0x126 ./Core/Src/main.o
 .debug_macro   0x000131c7       0x61 ./Core/Src/main.o
 .debug_macro   0x00013228       0x16 ./Core/Src/main.o
 .debug_macro   0x0001323e       0x3c ./Core/Src/main.o
 .debug_macro   0x0001327a       0x10 ./Core/Src/main.o
 .debug_macro   0x0001328a       0x16 ./Core/Src/main.o
 .debug_macro   0x000132a0       0x16 ./Core/Src/main.o
 .debug_macro   0x000132b6      0x146 ./Core/Src/main.o
 .debug_macro   0x000133fc       0x16 ./Core/Src/main.o
 .debug_macro   0x00013412       0x20 ./Core/Src/main.o
 .debug_macro   0x00013432       0x22 ./Core/Src/main.o
 .debug_macro   0x00013454       0x22 ./Core/Src/main.o
 .debug_macro   0x00013476      0x2a9 ./Core/Src/main.o
 .debug_macro   0x0001371f       0xc1 ./Core/Src/main.o
 .debug_macro   0x000137e0      0x422 ./Core/Src/sh2.o
 .debug_macro   0x00013c02       0x34 ./Core/Src/sh2.o
 .debug_macro   0x00013c36       0x10 ./Core/Src/sh2.o
 .debug_macro   0x00013c46       0x10 ./Core/Src/sh2.o
 .debug_macro   0x00013c56       0x1c ./Core/Src/sh2.o
 .debug_macro   0x00013c72       0x1c ./Core/Src/sh2.o
 .debug_macro   0x00013c8e      0x188 ./Core/Src/sh2_SensorValue.o
 .debug_macro   0x00013e16       0x9e ./Core/Src/sh2_SensorValue.o
 .debug_macro   0x00013eb4      0x112 ./Core/Src/sh2_SensorValue.o
 .debug_macro   0x00013fc6       0x73 ./Core/Src/sh2_util.o
 .debug_macro   0x00014039      0x16d ./Core/Src/shtp.o
 .debug_macro   0x000141a6      0x1dd ./Core/Src/stm32f4xx_hal_msp.o
 .debug_macro   0x00014383      0x1e7 ./Core/Src/stm32f4xx_it.o
 .debug_macro   0x0001456a      0x274 ./Core/Src/syscalls.o
 .debug_macro   0x000147de       0x10 ./Core/Src/syscalls.o
 .debug_macro   0x000147ee       0x10 ./Core/Src/syscalls.o
 .debug_macro   0x000147fe       0x10 ./Core/Src/syscalls.o
 .debug_macro   0x0001480e       0x10 ./Core/Src/syscalls.o
 .debug_macro   0x0001481e       0x1c ./Core/Src/syscalls.o
 .debug_macro   0x0001483a       0x52 ./Core/Src/syscalls.o
 .debug_macro   0x0001488c       0x22 ./Core/Src/syscalls.o
 .debug_macro   0x000148ae       0x10 ./Core/Src/syscalls.o
 .debug_macro   0x000148be       0x52 ./Core/Src/syscalls.o
 .debug_macro   0x00014910       0xcf ./Core/Src/syscalls.o
 .debug_macro   0x000149df       0x1c ./Core/Src/syscalls.o
 .debug_macro   0x000149fb       0x3d ./Core/Src/syscalls.o
 .debug_macro   0x00014a38       0x35 ./Core/Src/syscalls.o
 .debug_macro   0x00014a6d      0x12c ./Core/Src/syscalls.o
 .debug_macro   0x00014b99       0x16 ./Core/Src/syscalls.o
 .debug_macro   0x00014baf       0x16 ./Core/Src/syscalls.o
 .debug_macro   0x00014bc5       0x29 ./Core/Src/syscalls.o
 .debug_macro   0x00014bee       0x10 ./Core/Src/syscalls.o
 .debug_macro   0x00014bfe      0x242 ./Core/Src/syscalls.o
 .debug_macro   0x00014e40       0x10 ./Core/Src/syscalls.o
 .debug_macro   0x00014e50      0x18a ./Core/Src/syscalls.o
 .debug_macro   0x00014fda       0x16 ./Core/Src/syscalls.o
 .debug_macro   0x00014ff0       0xce ./Core/Src/syscalls.o
 .debug_macro   0x000150be      0x112 ./Core/Src/sysmem.o
 .debug_macro   0x000151d0      0x23c ./Core/Src/sysmem.o
 .debug_macro   0x0001540c      0x1d3 ./Core/Src/system_stm32f4xx.o
 .debug_macro   0x000155df      0x233 ./Drivers/STM32F4xx_HAL_Driver/Src/stm32f4xx_hal.o
 .debug_macro   0x00015812      0x1d3 ./Drivers/STM32F4xx_HAL_Driver/Src/stm32f4xx_hal_cortex.o
 .debug_macro   0x000159e5      0x1d9 ./Drivers/STM32F4xx_HAL_Driver/Src/stm32f4xx_hal_gpio.o
 .debug_macro   0x00015bbe      0x221 ./Drivers/STM32F4xx_HAL_Driver/Src/stm32f4xx_hal_i2c.o
 .debug_macro   0x00015ddf      0x1f7 ./Drivers/STM32F4xx_HAL_Driver/Src/stm32f4xx_hal_rcc.o
 .debug_macro   0x00015fd6      0x1d4 ./Drivers/STM32F4xx_HAL_Driver/Src/stm32f4xx_hal_uart.o

.debug_line     0x00000000    0x106d2
 .debug_line    0x00000000     0x1195 ./Core/Src/main.o
 .debug_line    0x00001195     0x1c45 ./Core/Src/sh2.o
 .debug_line    0x00002dda     0x1242 ./Core/Src/sh2_SensorValue.o
 .debug_line    0x0000401c      0x5f7 ./Core/Src/sh2_util.o
 .debug_line    0x00004613      0x929 ./Core/Src/shtp.o
 .debug_line    0x00004f3c      0x7e1 ./Core/Src/stm32f4xx_hal_msp.o
 .debug_line    0x0000571d      0x80d ./Core/Src/stm32f4xx_it.o
 .debug_line    0x00005f2a      0x8ac ./Core/Src/syscalls.o
 .debug_line    0x000067d6      0x588 ./Core/Src/sysmem.o
 .debug_line    0x00006d5e      0x7bc ./Core/Src/system_stm32f4xx.o
 .debug_line    0x0000751a       0x7a ./Core/Startup/startup_stm32f411ceux.o
 .debug_line    0x00007594      0xa38 ./Drivers/STM32F4xx_HAL_Driver/Src/stm32f4xx_hal.o
 .debug_line    0x00007fcc      0xd08 ./Drivers/STM32F4xx_HAL_Driver/Src/stm32f4xx_hal_cortex.o
 .debug_line    0x00008cd4      0xb54 ./Drivers/STM32F4xx_HAL_Driver/Src/stm32f4xx_hal_gpio.o
 .debug_line    0x00009828     0x3ae5 ./Drivers/STM32F4xx_HAL_Driver/Src/stm32f4xx_hal_i2c.o
 .debug_line    0x0000d30d      0xe45 ./Drivers/STM32F4xx_HAL_Driver/Src/stm32f4xx_hal_rcc.o
 .debug_line    0x0000e152     0x2580 ./Drivers/STM32F4xx_HAL_Driver/Src/stm32f4xx_hal_uart.o

.debug_str      0x00000000    0x8e5f7
 .debug_str     0x00000000    0x8e5f7 ./Core/Src/main.o
                              0x885ea (size before relaxing)
 .debug_str     0x0008e5f7     0xab6e ./Core/Src/sh2.o
 .debug_str     0x0008e5f7     0x9bec ./Core/Src/sh2_SensorValue.o
 .debug_str     0x0008e5f7     0x3eaa ./Core/Src/sh2_util.o
 .debug_str     0x0008e5f7     0x7833 ./Core/Src/shtp.o
 .debug_str     0x0008e5f7    0x8222b ./Core/Src/stm32f4xx_hal_msp.o
 .debug_str     0x0008e5f7    0x81a23 ./Core/Src/stm32f4xx_it.o
 .debug_str     0x0008e5f7     0x99f0 ./Core/Src/syscalls.o
 .debug_str     0x0008e5f7     0x778e ./Core/Src/sysmem.o
 .debug_str     0x0008e5f7    0x81b1f ./Core/Src/system_stm32f4xx.o
 .debug_str     0x0008e5f7       0x90 ./Core/Startup/startup_stm32f411ceux.o
 .debug_str     0x0008e5f7    0x8254b ./Drivers/STM32F4xx_HAL_Driver/Src/stm32f4xx_hal.o
 .debug_str     0x0008e5f7    0x822b5 ./Drivers/STM32F4xx_HAL_Driver/Src/stm32f4xx_hal_cortex.o
 .debug_str     0x0008e5f7    0x81c9a ./Drivers/STM32F4xx_HAL_Driver/Src/stm32f4xx_hal_gpio.o
 .debug_str     0x0008e5f7    0x82b30 ./Drivers/STM32F4xx_HAL_Driver/Src/stm32f4xx_hal_i2c.o
 .debug_str     0x0008e5f7    0x81f53 ./Drivers/STM32F4xx_HAL_Driver/Src/stm32f4xx_hal_rcc.o
 .debug_str     0x0008e5f7    0x82522 ./Drivers/STM32F4xx_HAL_Driver/Src/stm32f4xx_hal_uart.o

.comment        0x00000000       0x43
 .comment       0x00000000       0x43 ./Core/Src/main.o
                                 0x44 (size before relaxing)
 .comment       0x00000043       0x44 ./Core/Src/sh2.o
 .comment       0x00000043       0x44 ./Core/Src/sh2_SensorValue.o
 .comment       0x00000043       0x44 ./Core/Src/sh2_util.o
 .comment       0x00000043       0x44 ./Core/Src/shtp.o
 .comment       0x00000043       0x44 ./Core/Src/stm32f4xx_hal_msp.o
 .comment       0x00000043       0x44 ./Core/Src/stm32f4xx_it.o
 .comment       0x00000043       0x44 ./Core/Src/syscalls.o
 .comment       0x00000043       0x44 ./Core/Src/sysmem.o
 .comment       0x00000043       0x44 ./Core/Src/system_stm32f4xx.o
 .comment       0x00000043       0x44 ./Drivers/STM32F4xx_HAL_Driver/Src/stm32f4xx_hal.o
 .comment       0x00000043       0x44 ./Drivers/STM32F4xx_HAL_Driver/Src/stm32f4xx_hal_cortex.o
 .comment       0x00000043       0x44 ./Drivers/STM32F4xx_HAL_Driver/Src/stm32f4xx_hal_gpio.o
 .comment       0x00000043       0x44 ./Drivers/STM32F4xx_HAL_Driver/Src/stm32f4xx_hal_i2c.o
 .comment       0x00000043       0x44 ./Drivers/STM32F4xx_HAL_Driver/Src/stm32f4xx_hal_rcc.o
 .comment       0x00000043       0x44 ./Drivers/STM32F4xx_HAL_Driver/Src/stm32f4xx_hal_uart.o

.debug_frame    0x00000000     0x4a08
 .debug_frame   0x00000000      0x3e8 ./Core/Src/main.o